
====================================================================
  SAMPLE 0  lambda_j=0.1  curriculum=False
====================================================================

  TOLERANCE MODEL [ipc] x scale 1 (1-sigma perturbations; limit=3*sigma Cpk=1 convention for 'ipc'):
          VIA_RADIUS : abs 0.5 mil (limit/3)      sigma_phys=0.5 mil        sigma_norm=0.1073
      ANTIPAD_RADIUS : abs 0.67 mil (limit/3)     sigma_phys=0.67 mil        sigma_norm=0.1207
               PITCH : abs 0.33 mil (limit/3)     sigma_phys=0.33 mil        sigma_norm=0.0386
               TDIEL : rel +/-3.3% (limit/3)      sigma_phys=0.6077 feat-units sigma_norm=0.0277
                TMET : rel +/-3.3% (limit/3)      sigma_phys=0.07233 feat-units sigma_norm=0.0739
        PERMITTIVITY : rel +/-0.67% (limit/3)     sigma_phys=0.01959 feat-units sigma_norm=0.0305
        CONDUCTIVITY : rel +/-3.3% (limit/3)      sigma_phys=0.01423 decades    sigma_norm=0.3035
         LOSSTANGENT : rel +/-3.3% (limit/3)      sigma_phys=0.01423 decades    sigma_norm=0.0351
  (IPC gives ACCEPTANCE LIMITS, not process sigmas; limit/3 is a stated Cpk=1 assumption. CONDUCTIVITY entry is an engineering assumption with no standards anchor. See PartC_Yield_Plan_v3.md.)

=== YIELD TTO [cc_e0.3_L0.3_ipc] sample 0: 12 restarts x 150 steps
    eps=0.3 -> kappa=1.53  lambda_cc=0.3  [Cantelli chance constraint]
    spec: eye-band IL >= target-1.0 dB, RL <= -8.0 dB | tol_frac=0.1
  restart 00 | eye-fit  1.90 dB | sens  0.01173 | yield  96.7% [95.8,97.4] | max|x| 2.51
  restart 01 | eye-fit  1.22 dB | sens  0.00418 | yield  80.8% [79.0,82.4] | max|x| 2.35
  restart 02 | eye-fit  3.29 dB | sens  0.01379 | yield  96.2% [95.2,96.9] | max|x| 2.55
  restart 03 | eye-fit  2.08 dB | sens  0.01393 | yield  95.3% [94.3,96.1] | max|x| 2.53
  restart 04 | eye-fit  1.84 dB | sens  0.01064 | yield  96.0% [95.1,96.8] | max|x| 2.54
  restart 05 | eye-fit  2.27 dB | sens  0.00910 | yield  97.7% [96.9,98.2] | max|x| 2.49
  restart 06 | eye-fit  2.55 dB | sens  0.01017 | yield  98.7% [98.1,99.1] | max|x| 2.21
  restart 07 | eye-fit  2.04 dB | sens  0.01198 | yield  96.0% [95.1,96.8] | max|x| 2.49
  restart 08 | eye-fit  2.79 dB | sens  0.00506 | yield  86.5% [84.9,87.9] | max|x| 2.43
  restart 09 | eye-fit  2.28 dB | sens  0.01573 | yield  96.0% [95.1,96.8] | max|x| 2.48
  restart 10 | eye-fit  1.25 dB | sens  0.00439 | yield  87.5% [86.0,88.9] | max|x| 2.04
  restart 11 | eye-fit  1.98 dB | sens  0.01201 | yield  97.4% [96.6,98.0] | max|x| 2.42

  fit gate (1.5 dB eye-band): 2/12 candidates pass
  portfolio diversity: pairwise |dx| mean 1.475, max 1.475 (normalized units; ~0 would mean all restarts found the same design)

======================================================================
  RANKED PORTFOLIO (top 5)  sample 0  [cc_e0.3_L0.3_ipc]
======================================================================
  rank eye-fit dB  yield %       sens file
     1       1.25     87.5    0.00439 design_sample_0_cc_e0.3_L0.3_ipc_r10.npz
     2       1.22     80.8    0.00418 design_sample_0_cc_e0.3_L0.3_ipc_r01.npz

  csv    : portfolio_sample_0_cc_e0.3_L0.3_ipc_20260719_173224.csv
  pareto : pareto_sample_0_cc_e0.3_L0.3_ipc_20260719_173224.png
  top design (for stage 07): design_sample_0_cc_e0.3_L0.3_ipc_top.npz
