
====================================================================
  SAMPLE 1260  lambda_j=0.0  curriculum=False
====================================================================

  TOLERANCE MODEL [ipc] x scale 1 (1-sigma perturbations; limit=3*sigma Cpk=1 convention for 'ipc'):
          VIA_RADIUS : abs 0.5 mil (limit/3)      sigma_phys=0.5 mil        sigma_norm=0.1073
      ANTIPAD_RADIUS : abs 0.67 mil (limit/3)     sigma_phys=0.67 mil        sigma_norm=0.1207
               PITCH : abs 0.33 mil (limit/3)     sigma_phys=0.33 mil        sigma_norm=0.0386
               TDIEL : rel +/-3.3% (limit/3)      sigma_phys=0.9074 feat-units sigma_norm=0.0413
                TMET : rel +/-3.3% (limit/3)      sigma_phys=0.08801 feat-units sigma_norm=0.0899
        PERMITTIVITY : rel +/-0.67% (limit/3)     sigma_phys=0.02094 feat-units sigma_norm=0.0326
        CONDUCTIVITY : rel +/-3.3% (limit/3)      sigma_phys=0.01423 decades    sigma_norm=0.3035
         LOSSTANGENT : rel +/-3.3% (limit/3)      sigma_phys=0.01423 decades    sigma_norm=0.0351
  (IPC gives ACCEPTANCE LIMITS, not process sigmas; limit/3 is a stated Cpk=1 assumption. CONDUCTIVITY entry is an engineering assumption with no standards anchor. See PartC_Yield_Plan_v3.md.)

=== YIELD TTO [var_L0_ipc] sample 1260: 12 restarts x 150 steps
    lambda_j=0.0  [ABLATION: variance proxy]
    spec: eye-band IL >= target-1.0 dB, RL <= -8.0 dB | tol_frac=0.1
  restart 00 | eye-fit  0.53 dB | sens  0.00356 | yield  11.2% [9.9,12.7] | max|x| 1.31
  restart 01 | eye-fit  0.54 dB | sens  0.00368 | yield   9.7% [8.4,11.0] | max|x| 1.37
  restart 02 | eye-fit  0.53 dB | sens  0.00350 | yield  10.8% [9.6,12.3] | max|x| 1.27
  restart 03 | eye-fit  0.53 dB | sens  0.00350 | yield  13.2% [11.8,14.8] | max|x| 1.27
  restart 04 | eye-fit  0.53 dB | sens  0.00354 | yield  10.9% [9.7,12.4] | max|x| 1.29
  restart 05 | eye-fit  0.53 dB | sens  0.00349 | yield  12.8% [11.5,14.4] | max|x| 1.27
  restart 06 | eye-fit  0.53 dB | sens  0.00348 | yield  10.8% [9.5,12.2] | max|x| 1.27
  restart 07 | eye-fit  0.53 dB | sens  0.00348 | yield  11.0% [9.7,12.4] | max|x| 1.28
  restart 08 | eye-fit  0.53 dB | sens  0.00348 | yield  11.7% [10.3,13.1] | max|x| 1.27
  restart 09 | eye-fit  0.53 dB | sens  0.00350 | yield  10.4% [9.2,11.9] | max|x| 1.27
  restart 10 | eye-fit  0.53 dB | sens  0.00348 | yield   9.6% [8.3,10.9] | max|x| 1.27
  restart 11 | eye-fit  0.53 dB | sens  0.00350 | yield  12.8% [11.4,14.3] | max|x| 1.27

  fit gate (1.5 dB eye-band): 12/12 candidates pass
  portfolio diversity: pairwise |dx| mean 0.074, max 0.278 (normalized units; ~0 would mean all restarts found the same design)

======================================================================
  RANKED PORTFOLIO (top 5)  sample 1260  [var_L0_ipc]
======================================================================
  rank eye-fit dB  yield %       sens file
     1       0.53     13.2    0.00350 design_sample_1260_var_L0_ipc_r03.npz
     2       0.53     12.8    0.00349 design_sample_1260_var_L0_ipc_r05.npz
     3       0.53     12.8    0.00350 design_sample_1260_var_L0_ipc_r11.npz
     4       0.53     11.7    0.00348 design_sample_1260_var_L0_ipc_r08.npz
     5       0.53     11.2    0.00356 design_sample_1260_var_L0_ipc_r00.npz

  csv    : portfolio_sample_1260_var_L0_ipc_20260729_211010.csv
  pareto : pareto_sample_1260_var_L0_ipc_20260729_211010.png
  top design (for stage 07): design_sample_1260_var_L0_ipc_top.npz
