
====================================================================
  SAMPLE 9557  lambda_j=0.1  curriculum=False
====================================================================

  TOLERANCE MODEL [ipc] x scale 1 (1-sigma perturbations; limit=3*sigma Cpk=1 convention for 'ipc'):
          VIA_RADIUS : abs 0.5 mil (limit/3)      sigma_phys=0.5 mil        sigma_norm=0.1073
      ANTIPAD_RADIUS : abs 0.67 mil (limit/3)     sigma_phys=0.67 mil        sigma_norm=0.1207
               PITCH : abs 0.33 mil (limit/3)     sigma_phys=0.33 mil        sigma_norm=0.0386
               TDIEL : rel +/-3.3% (limit/3)      sigma_phys=1.033 feat-units sigma_norm=0.0470
                TMET : rel +/-3.3% (limit/3)      sigma_phys=0.06441 feat-units sigma_norm=0.0658
        PERMITTIVITY : rel +/-0.67% (limit/3)     sigma_phys=0.02184 feat-units sigma_norm=0.0340
        CONDUCTIVITY : rel +/-2% (limit/3)        sigma_phys=0.0086 decades    sigma_norm=0.1835
         LOSSTANGENT : rel +/-10% (limit/3)       sigma_phys=0.04139 decades    sigma_norm=0.1021
  (IPC gives ACCEPTANCE LIMITS, not process sigmas; limit/3 is a stated Cpk=1 assumption. CONDUCTIVITY: +/-2% (copper is well-controlled; plating variation captured by TMET). LOSSTANGENT: +/-10% applied directly (Df process-variation range, resin-content driven, not an acceptance limit). See tolerance model docs.)

=== YIELD TTO [cc_e0.05_L0.1_ipc] sample 9557: 12 restarts x 150 steps
    eps=0.05 -> kappa=4.36  lambda_cc=0.1  [Cantelli chance constraint]
    spec: eye-band IL >= target-1.0 dB, RL <= -8.0 dB | tol_frac=0.1
  restart 00 | eye-fit  2.79 dB | sens  0.00305 | yield  87.8% [86.3,89.2] | max|x| 4.37
  restart 01 | eye-fit  4.31 dB | sens  0.00246 | yield  98.5% [97.9,98.9] | max|x| 3.35
Traceback (most recent call last):
  File "/home/dhanushkramesh/mece_project_inverse_model/Generative_Inverse_Design_of_High-Speed_Interconnects/sandbox_v1/models/tto_yield_aware_inverse.py", line 941, in <module>
    main()
  File "/home/dhanushkramesh/mece_project_inverse_model/Generative_Inverse_Design_of_High-Speed_Interconnects/sandbox_v1/models/tto_yield_aware_inverse.py", line 927, in main
    run_yield_tto(idx, tto_steps=args.steps, lr=args.lr,
  File "/home/dhanushkramesh/mece_project_inverse_model/Generative_Inverse_Design_of_High-Speed_Interconnects/sandbox_v1/models/tto_yield_aware_inverse.py", line 703, in run_yield_tto
    loss = loss + lambda_cc * chance_penalty(
                              ^^^^^^^^^^^^^^^
  File "/home/dhanushkramesh/mece_project_inverse_model/Generative_Inverse_Design_of_High-Speed_Interconnects/sandbox_v1/models/tto_yield_aware_inverse.py", line 361, in chance_penalty
    g_il, g_rl = spec_margins(S, tgt21_db, eye_mask, spec_il_margin, spec_rl_max)
                 ^^^^^^^^^^^^^^^^^^^^^^^^^^^^^^^^^^^^^^^^^^^^^^^^^^^^^^^^^^^^^^^^
  File "/home/dhanushkramesh/mece_project_inverse_model/Generative_Inverse_Design_of_High-Speed_Interconnects/sandbox_v1/models/tto_yield_aware_inverse.py", line 310, in spec_margins
    lo21 = (tgt21_db[eye_mask].view(1, -1) - spec_il_margin)
            ^^^^^^^^^^^^^^^^^^^^^^^^^^^^^^
KeyboardInterrupt
