
====================================================================
  SAMPLE 260  lambda_j=0.1  curriculum=False
====================================================================

  TOLERANCE MODEL [ipc] x scale 1 (1-sigma perturbations; limit=3*sigma Cpk=1 convention for 'ipc'):
          VIA_RADIUS : abs 0.5 mil (limit/3)      sigma_phys=0.5 mil        sigma_norm=0.1073
      ANTIPAD_RADIUS : abs 0.67 mil (limit/3)     sigma_phys=0.67 mil        sigma_norm=0.1207
               PITCH : abs 0.33 mil (limit/3)     sigma_phys=0.33 mil        sigma_norm=0.0386
               TDIEL : rel +/-3.3% (limit/3)      sigma_phys=2.308 feat-units sigma_norm=0.1051
                TMET : rel +/-3.3% (limit/3)      sigma_phys=0.0547 feat-units sigma_norm=0.0559
        PERMITTIVITY : rel +/-0.67% (limit/3)     sigma_phys=0.01828 feat-units sigma_norm=0.0285
        CONDUCTIVITY : rel +/-2% (limit/3)        sigma_phys=0.0086 decades    sigma_norm=0.1835
         LOSSTANGENT : rel +/-10% (limit/3)       sigma_phys=0.04139 decades    sigma_norm=0.1021
  (IPC gives ACCEPTANCE LIMITS, not process sigmas; limit/3 is a stated Cpk=1 assumption. CONDUCTIVITY: +/-2% (copper is well-controlled; plating variation captured by TMET). LOSSTANGENT: +/-10% applied directly (Df process-variation range, resin-content driven, not an acceptance limit). See tolerance model docs.)

=== YIELD TTO [cc_e0.3_L0.1_ipc] sample 260: 12 restarts x 150 steps
    eps=0.3 -> kappa=1.53  lambda_cc=0.1  [Cantelli chance constraint]
    spec: eye-band IL >= target-1.0 dB, RL <= -8.0 dB | tol_frac=0.1
  restart 00 | eye-fit  0.85 dB | sens  0.00761 | yield  99.7% [99.3,99.9] | max|x| 0.87
  restart 01 | eye-fit  0.85 dB | sens  0.00761 | yield  99.8% [99.5,99.9] | max|x| 0.88
  restart 02 | eye-fit  0.85 dB | sens  0.00764 | yield  99.7% [99.3,99.9] | max|x| 0.87
  restart 03 | eye-fit  0.85 dB | sens  0.00762 | yield  99.8% [99.5,99.9] | max|x| 0.87
  restart 04 | eye-fit  0.84 dB | sens  0.00791 | yield  99.9% [99.6,100.0] | max|x| 0.88
  restart 05 | eye-fit  0.85 dB | sens  0.00762 | yield  99.7% [99.3,99.9] | max|x| 0.87
  restart 06 | eye-fit  0.85 dB | sens  0.00762 | yield  99.7% [99.3,99.8] | max|x| 0.88
  restart 07 | eye-fit  0.85 dB | sens  0.00761 | yield  99.7% [99.3,99.8] | max|x| 0.87
  restart 08 | eye-fit  0.84 dB | sens  0.00756 | yield  99.4% [99.0,99.7] | max|x| 0.90
  restart 09 | eye-fit  0.85 dB | sens  0.00764 | yield  99.6% [99.2,99.8] | max|x| 0.88
  restart 10 | eye-fit  0.85 dB | sens  0.00770 | yield  99.9% [99.6,100.0] | max|x| 0.86
  restart 11 | eye-fit  0.85 dB | sens  0.00762 | yield  99.8% [99.5,99.9] | max|x| 0.88

  fit gate (1.0 dB eye-band): 12/12 candidates pass
  portfolio diversity: pairwise |dx| mean 0.102, max 0.423 (normalized units; ~0 would mean all restarts found the same design)

======================================================================
  RANKED PORTFOLIO (top 5)  sample 260  [cc_e0.3_L0.1_ipc]
======================================================================
  rank eye-fit dB  yield %       sens file
     1       0.84     99.9    0.00791 design_sample_260_cc_e0.3_L0.1_ipc_r04.npz
     2       0.85     99.9    0.00769 design_sample_260_cc_e0.3_L0.1_ipc_r10.npz
     3       0.85     99.8    0.00761 design_sample_260_cc_e0.3_L0.1_ipc_r01.npz
     4       0.85     99.8    0.00762 design_sample_260_cc_e0.3_L0.1_ipc_r03.npz
     5       0.85     99.8    0.00762 design_sample_260_cc_e0.3_L0.1_ipc_r11.npz

  csv    : portfolio_sample_260_cc_e0.3_L0.1_ipc_20260806_001445.csv
  pareto : pareto_sample_260_cc_e0.3_L0.1_ipc_20260806_001445.png
  top design (for stage 07): design_sample_260_cc_e0.3_L0.1_ipc_top.npz
