
====================================================================
  SAMPLE 9678  lambda_j=0.1  curriculum=False
====================================================================

  TOLERANCE MODEL [ipc] x scale 1 (1-sigma perturbations; limit=3*sigma Cpk=1 convention for 'ipc'):
          VIA_RADIUS : abs 0.5 mil (limit/3)      sigma_phys=0.5 mil        sigma_norm=0.1073
      ANTIPAD_RADIUS : abs 0.67 mil (limit/3)     sigma_phys=0.67 mil        sigma_norm=0.1207
               PITCH : abs 0.33 mil (limit/3)     sigma_phys=0.33 mil        sigma_norm=0.0386
               TDIEL : rel +/-3.3% (limit/3)      sigma_phys=1.766 feat-units sigma_norm=0.0805
                TMET : rel +/-3.3% (limit/3)      sigma_phys=0.05208 feat-units sigma_norm=0.0532
        PERMITTIVITY : rel +/-0.67% (limit/3)     sigma_phys=0.02921 feat-units sigma_norm=0.0455
        CONDUCTIVITY : rel +/-3.3% (limit/3)      sigma_phys=0.01423 decades    sigma_norm=0.3035
         LOSSTANGENT : rel +/-3.3% (limit/3)      sigma_phys=0.01423 decades    sigma_norm=0.0351
  (IPC gives ACCEPTANCE LIMITS, not process sigmas; limit/3 is a stated Cpk=1 assumption. CONDUCTIVITY entry is an engineering assumption with no standards anchor. See PartC_Yield_Plan_v3.md.)

=== YIELD TTO [wc_L2_ipc] sample 9678: 12 restarts x 150 steps
    lambda_cc=2.0  [Wang/Sigmund worst-case corners]
    spec: eye-band IL >= target-1.0 dB, RL <= -8.0 dB | tol_frac=0.1
  restart 00 | eye-fit  2.58 dB | sens  0.01601 | yield  65.1% [63.0,67.2] | max|x| 1.97
  restart 01 | eye-fit  2.96 dB | sens  0.01446 | yield  82.1% [80.4,83.7] | max|x| 1.78
  restart 02 | eye-fit  3.39 dB | sens  0.01443 | yield  73.2% [71.2,75.1] | max|x| 2.41
  restart 03 | eye-fit  2.58 dB | sens  0.01340 | yield  75.0% [73.0,76.8] | max|x| 2.04
  restart 04 | eye-fit  2.65 dB | sens  0.01822 | yield  80.7% [78.9,82.3] | max|x| 1.62
  restart 05 | eye-fit  3.59 dB | sens  0.01153 | yield   2.2% [1.7,3.0] | max|x| 1.95
  restart 06 | eye-fit  3.59 dB | sens  0.03147 | yield  56.9% [54.7,59.1] | max|x| 2.59
  restart 07 | eye-fit  2.39 dB | sens  0.01705 | yield  76.7% [74.8,78.5] | max|x| 2.74
  restart 08 | eye-fit  3.33 dB | sens  0.02092 | yield  75.3% [73.4,77.2] | max|x| 2.07
  restart 09 | eye-fit  3.39 dB | sens  0.01362 | yield  63.0% [60.9,65.1] | max|x| 2.23
  restart 10 | eye-fit  3.25 dB | sens  0.01584 | yield  72.8% [70.8,74.7] | max|x| 2.08
  restart 11 | eye-fit  3.44 dB | sens  0.01349 | yield  75.5% [73.6,77.4] | max|x| 2.71

  fit gate (3.0 dB eye-band): 5/12 candidates pass
  portfolio diversity: pairwise |dx| mean 2.468, max 4.640 (normalized units; ~0 would mean all restarts found the same design)

======================================================================
  RANKED PORTFOLIO (top 5)  sample 9678  [wc_L2_ipc]
======================================================================
  rank eye-fit dB  yield %       sens file
     1       2.96     82.1    0.01446 design_sample_9678_wc_L2_ipc_r01.npz
     2       2.65     80.7    0.01822 design_sample_9678_wc_L2_ipc_r04.npz
     3       2.39     76.7    0.01705 design_sample_9678_wc_L2_ipc_r07.npz
     4       2.58     75.0    0.01340 design_sample_9678_wc_L2_ipc_r03.npz
     5       2.58     65.1    0.01601 design_sample_9678_wc_L2_ipc_r00.npz

  csv    : portfolio_sample_9678_wc_L2_ipc_20260729_233910.csv
  pareto : pareto_sample_9678_wc_L2_ipc_20260729_233910.png
  top design (for stage 07): design_sample_9678_wc_L2_ipc_top.npz
