
====================================================================
  SAMPLE 0  lambda_j=0.01  curriculum=False
====================================================================

  TOLERANCE MODEL (1-sigma perturbations, normalized units = 0.10 x population std):
          VIA_RADIUS : sigma_norm=0.10 -> sigma_phys=0.4662 physical units
      ANTIPAD_RADIUS : sigma_norm=0.10 -> sigma_phys=0.555 physical units
               PITCH : sigma_norm=0.10 -> sigma_phys=0.8545 physical units
               TDIEL : sigma_norm=0.10 -> sigma_phys=2.195 physical units
                TMET : sigma_norm=0.10 -> sigma_phys=0.09792 physical units
        PERMITTIVITY : sigma_norm=0.10 -> sigma_phys=0.06415 physical units
        CONDUCTIVITY : sigma_norm=0.10 -> sigma_phys=0.004687 decades (log10 feature -> relative)
         LOSSTANGENT : sigma_norm=0.10 -> sigma_phys=0.04055 decades (log10 feature -> relative)
  (edit --tol-frac globally now; per-feature IPC-based sigmas are a one-dict change for the thesis)

=== YIELD TTO [yield_L0.01] sample 0: 12 restarts x 150 steps, lambda_j=0.01 ===
  restart 00 | eye-fit  0.70 dB | sens  0.05851 | yield  47.5% [45.4,49.7] | max|x| 1.59
  restart 01 | eye-fit  0.69 dB | sens  0.05796 | yield  46.8% [44.6,49.0] | max|x| 1.58
  restart 02 | eye-fit  0.70 dB | sens  0.05847 | yield  46.7% [44.5,48.8] | max|x| 1.59
  restart 03 | eye-fit  0.70 dB | sens  0.05852 | yield  47.0% [44.8,49.2] | max|x| 1.59
  restart 04 | eye-fit  0.70 dB | sens  0.05850 | yield  47.5% [45.3,49.7] | max|x| 1.59
  restart 05 | eye-fit  2.77 dB | sens  0.02282 | yield   0.0% [0.0,0.2] | max|x| 1.41
  restart 06 | eye-fit  2.77 dB | sens  0.02279 | yield   0.0% [0.0,0.2] | max|x| 1.41
  restart 07 | eye-fit  0.70 dB | sens  0.05848 | yield  47.9% [45.7,50.0] | max|x| 1.59
  restart 08 | eye-fit  0.70 dB | sens  0.05853 | yield  48.6% [46.5,50.8] | max|x| 1.59
  restart 09 | eye-fit  2.77 dB | sens  0.02287 | yield   0.0% [0.0,0.2] | max|x| 1.41
  restart 10 | eye-fit  2.77 dB | sens  0.02282 | yield   0.0% [0.0,0.2] | max|x| 1.41
  restart 11 | eye-fit  2.77 dB | sens  0.02278 | yield   0.0% [0.0,0.2] | max|x| 1.41

  fit gate (3.0 dB eye-band): 12/12 candidates pass
  portfolio diversity: pairwise |dx| mean 0.772, max 1.448 (normalized units; ~0 would mean all restarts found the same design)

======================================================================
  RANKED PORTFOLIO (top 5)  sample 0  [yield_L0.01]
======================================================================
  rank eye-fit dB  yield %       sens file
     1       0.70     48.6    0.05853 design_sample_0_yield_L0.01_r08.npz
     2       0.70     47.9    0.05848 design_sample_0_yield_L0.01_r07.npz
     3       0.70     47.5    0.05851 design_sample_0_yield_L0.01_r00.npz
     4       0.70     47.5    0.05850 design_sample_0_yield_L0.01_r04.npz
     5       0.70     47.0    0.05852 design_sample_0_yield_L0.01_r03.npz

  csv    : portfolio_sample_0_yield_L0.01_20260715_221816.csv
  pareto : pareto_sample_0_yield_L0.01_20260715_221816.png
  top design (for stage 07): design_sample_0_yield_L0.01_top.npz
