
====================================================================
  SAMPLE 1260  lambda_j=0.1  curriculum=False
====================================================================

  TOLERANCE MODEL [ipc] x scale 1 (1-sigma perturbations; limit=3*sigma Cpk=1 convention for 'ipc'):
          VIA_RADIUS : abs 0.5 mil (limit/3)      sigma_phys=0.5 mil        sigma_norm=0.1073
      ANTIPAD_RADIUS : abs 0.67 mil (limit/3)     sigma_phys=0.67 mil        sigma_norm=0.1207
               PITCH : abs 0.33 mil (limit/3)     sigma_phys=0.33 mil        sigma_norm=0.0386
               TDIEL : rel +/-3.3% (limit/3)      sigma_phys=0.9074 feat-units sigma_norm=0.0413
                TMET : rel +/-3.3% (limit/3)      sigma_phys=0.08801 feat-units sigma_norm=0.0899
        PERMITTIVITY : rel +/-0.67% (limit/3)     sigma_phys=0.02094 feat-units sigma_norm=0.0326
        CONDUCTIVITY : rel +/-3.3% (limit/3)      sigma_phys=0.01423 decades    sigma_norm=0.3035
         LOSSTANGENT : rel +/-3.3% (limit/3)      sigma_phys=0.01423 decades    sigma_norm=0.0351
  (IPC gives ACCEPTANCE LIMITS, not process sigmas; limit/3 is a stated Cpk=1 assumption. CONDUCTIVITY entry is an engineering assumption with no standards anchor. See PartC_Yield_Plan_v3.md.)

=== YIELD TTO [cc_e0.05_L0.3_ipc] sample 1260: 12 restarts x 150 steps
    eps=0.05 -> kappa=4.36  lambda_cc=0.3  [Cantelli chance constraint]
    spec: eye-band IL >= target-1.0 dB, RL <= -8.0 dB | tol_frac=0.1
  restart 00 | eye-fit  2.80 dB | sens  0.00169 | yield 100.0% [99.8,100.0] | max|x| 3.48
  restart 01 | eye-fit  3.00 dB | sens  0.00194 | yield  99.7% [99.3,99.9] | max|x| 3.37
  restart 02 | eye-fit  2.16 dB | sens  0.00148 | yield  98.4% [97.7,98.8] | max|x| 3.39
  restart 03 | eye-fit  3.40 dB | sens  0.00226 | yield  77.4% [75.5,79.2] | max|x| 3.24
  restart 04 | eye-fit  2.43 dB | sens  0.00158 | yield  99.4% [99.0,99.7] | max|x| 3.45
  restart 05 | eye-fit  2.94 dB | sens  0.00181 | yield  99.7% [99.3,99.8] | max|x| 3.44
  restart 06 | eye-fit  2.48 dB | sens  0.00159 | yield  99.5% [99.1,99.7] | max|x| 3.46
  restart 07 | eye-fit  3.21 dB | sens  0.00229 | yield  84.5% [82.8,86.0] | max|x| 3.28
  restart 08 | eye-fit  3.19 dB | sens  0.00228 | yield  85.1% [83.5,86.6] | max|x| 3.28
  restart 09 | eye-fit  2.55 dB | sens  0.00161 | yield  99.5% [99.1,99.7] | max|x| 3.52
  restart 10 | eye-fit  2.81 dB | sens  0.00171 | yield  99.8% [99.5,99.9] | max|x| 3.46
  restart 11 | eye-fit  2.73 dB | sens  0.00177 | yield  99.9% [99.6,99.9] | max|x| 3.52

  fit gate (1.5 dB eye-band): 0/12 candidates pass
  [warn] nothing passed the gate -- ranking ALL candidates by yield anyway; consider raising --fit-gate or lowering lambda_j
  portfolio diversity: pairwise |dx| mean 3.029, max 5.865 (normalized units; ~0 would mean all restarts found the same design)

======================================================================
  RANKED PORTFOLIO (top 5)  sample 1260  [cc_e0.05_L0.3_ipc]
======================================================================
  rank eye-fit dB  yield %       sens file
     1       2.80    100.0    0.00169 design_sample_1260_cc_e0.05_L0.3_ipc_r00.npz
     2       2.73     99.8    0.00177 design_sample_1260_cc_e0.05_L0.3_ipc_r11.npz
     3       2.81     99.8    0.00171 design_sample_1260_cc_e0.05_L0.3_ipc_r10.npz
     4       3.00     99.7    0.00194 design_sample_1260_cc_e0.05_L0.3_ipc_r01.npz
     5       2.94     99.7    0.00180 design_sample_1260_cc_e0.05_L0.3_ipc_r05.npz

  csv    : portfolio_sample_1260_cc_e0.05_L0.3_ipc_20260729_224007.csv
  pareto : pareto_sample_1260_cc_e0.05_L0.3_ipc_20260729_224007.png
  top design (for stage 07): design_sample_1260_cc_e0.05_L0.3_ipc_top.npz
