
====================================================================
  SAMPLE 0   mode=latent  curriculum=False
====================================================================
Loading data from diff_pair_dataset.pt ...
Loading element-aware weight tensor ...
Loading frozen forward surrogate + cVAE ...

=== TTO [latent] sample 0: 150 steps, lr=0.05, restarts=8 ===
  restart 00 | final full-band loss 0.00805 | max|x_norm| 1.60
  restart 01 | final full-band loss 0.09937 | max|x_norm| 1.41
  restart 02 | final full-band loss 0.00805 | max|x_norm| 1.60
  restart 03 | final full-band loss 0.00805 | max|x_norm| 1.60
  restart 04 | final full-band loss 0.00805 | max|x_norm| 1.60
  restart 05 | final full-band loss 0.00805 | max|x_norm| 1.60
  restart 06 | final full-band loss 0.00805 | max|x_norm| 1.60
  restart 07 | final full-band loss 0.00805 | max|x_norm| 1.60
  -> best restart 6 (loss 0.00805)
  decoded max |x_norm| = 1.60 (training data is z-scored: >3 means out-of-distribution)
[stage-07 export] /home/dhanushkramesh/mece_project_inverse_model/Generative_Inverse_Design_of_High-Speed_Interconnects/sandbox_v1/models/evaluation_results/generated_designs/design_sample_0_latent.npz
    template sim_pkg_0017  pair 1
plot: tto_latent_sample_0.png

====================================================================
  SAMPLE 42   mode=latent  curriculum=False
====================================================================
Loading data from diff_pair_dataset.pt ...
Loading element-aware weight tensor ...
Loading frozen forward surrogate + cVAE ...

=== TTO [latent] sample 42: 150 steps, lr=0.05, restarts=8 ===
  restart 00 | final full-band loss 0.01659 | max|x_norm| 1.09
  restart 01 | final full-band loss 0.01659 | max|x_norm| 1.09
  restart 02 | final full-band loss 0.01659 | max|x_norm| 1.09
  restart 03 | final full-band loss 0.01659 | max|x_norm| 1.09
  restart 04 | final full-band loss 0.01659 | max|x_norm| 1.09
  restart 05 | final full-band loss 0.01659 | max|x_norm| 1.09
  restart 06 | final full-band loss 0.01659 | max|x_norm| 1.09
  restart 07 | final full-band loss 0.01659 | max|x_norm| 1.09
  -> best restart 6 (loss 0.01659)
  decoded max |x_norm| = 1.09 (training data is z-scored: >3 means out-of-distribution)
[stage-07 export] /home/dhanushkramesh/mece_project_inverse_model/Generative_Inverse_Design_of_High-Speed_Interconnects/sandbox_v1/models/evaluation_results/generated_designs/design_sample_42_latent.npz
    template sim_pkg_0033  pair 1
plot: tto_latent_sample_42.png

====================================================================
  SAMPLE 100   mode=latent  curriculum=False
====================================================================
Loading data from diff_pair_dataset.pt ...
Loading element-aware weight tensor ...
Loading frozen forward surrogate + cVAE ...

=== TTO [latent] sample 100: 150 steps, lr=0.05, restarts=8 ===
  restart 00 | final full-band loss 0.00930 | max|x_norm| 1.44
  restart 01 | final full-band loss 0.00930 | max|x_norm| 1.44
  restart 02 | final full-band loss 0.00930 | max|x_norm| 1.44
  restart 03 | final full-band loss 0.00930 | max|x_norm| 1.44
  restart 04 | final full-band loss 0.00930 | max|x_norm| 1.44
  restart 05 | final full-band loss 0.00930 | max|x_norm| 1.44
  restart 06 | final full-band loss 0.00930 | max|x_norm| 1.44
  restart 07 | final full-band loss 0.00930 | max|x_norm| 1.44
  -> best restart 4 (loss 0.00930)
  decoded max |x_norm| = 1.44 (training data is z-scored: >3 means out-of-distribution)
[stage-07 export] /home/dhanushkramesh/mece_project_inverse_model/Generative_Inverse_Design_of_High-Speed_Interconnects/sandbox_v1/models/evaluation_results/generated_designs/design_sample_100_latent.npz
    template sim_pkg_0059  pair 4
plot: tto_latent_sample_100.png

====================================================================
  SAMPLE 250   mode=latent  curriculum=False
====================================================================
Loading data from diff_pair_dataset.pt ...
Loading element-aware weight tensor ...
Loading frozen forward surrogate + cVAE ...

=== TTO [latent] sample 250: 150 steps, lr=0.05, restarts=8 ===
  restart 00 | final full-band loss 0.02660 | max|x_norm| 1.17
  restart 01 | final full-band loss 0.02652 | max|x_norm| 1.25
  restart 02 | final full-band loss 0.02654 | max|x_norm| 1.21
  restart 03 | final full-band loss 0.02653 | max|x_norm| 1.23
  restart 04 | final full-band loss 0.02661 | max|x_norm| 1.17
  restart 05 | final full-band loss 0.02657 | max|x_norm| 1.20
  restart 06 | final full-band loss 0.02660 | max|x_norm| 1.18
  restart 07 | final full-band loss 0.02654 | max|x_norm| 1.20
  -> best restart 1 (loss 0.02652)
  decoded max |x_norm| = 1.25 (training data is z-scored: >3 means out-of-distribution)
[stage-07 export] /home/dhanushkramesh/mece_project_inverse_model/Generative_Inverse_Design_of_High-Speed_Interconnects/sandbox_v1/models/evaluation_results/generated_designs/design_sample_250_latent.npz
    template sim_pkg_0197  pair 9
plot: tto_latent_sample_250.png
