
====================================================================
  SAMPLE 0   mode=latent  curriculum=True
====================================================================
Loading data from diff_pair_dataset.pt ...
Loading element-aware weight tensor ...
Loading frozen forward surrogate + cVAE ...

=== TTO [latent_curr] sample 0: 150 steps, lr=0.05, restarts=8 ===
  restart 00 | final full-band loss 0.00806 | max|x_norm| 1.60
  restart 01 | final full-band loss 0.00805 | max|x_norm| 1.60
  restart 02 | final full-band loss 0.00806 | max|x_norm| 1.60
  restart 03 | final full-band loss 0.00805 | max|x_norm| 1.60
  restart 04 | final full-band loss 0.00805 | max|x_norm| 1.60
  restart 05 | final full-band loss 0.00806 | max|x_norm| 1.60
  restart 06 | final full-band loss 0.00804 | max|x_norm| 1.60
  restart 07 | final full-band loss 0.00805 | max|x_norm| 1.60
  -> best restart 6 (loss 0.00804)
  decoded max |x_norm| = 1.60 (training data is z-scored: >3 means out-of-distribution)
[stage-07 export] /home/dhanushkramesh/mece_project_inverse_model/Generative_Inverse_Design_of_High-Speed_Interconnects/sandbox_v1/models/evaluation_results/generated_designs/design_sample_0_latent_curr.npz
    template sim_pkg_0017  pair 1
plot: tto_latent_curr_sample_0.png

====================================================================
  SAMPLE 42   mode=latent  curriculum=True
====================================================================
Loading data from diff_pair_dataset.pt ...
Loading element-aware weight tensor ...
Loading frozen forward surrogate + cVAE ...

=== TTO [latent_curr] sample 42: 150 steps, lr=0.05, restarts=8 ===
  restart 00 | final full-band loss 0.01659 | max|x_norm| 1.09
  restart 01 | final full-band loss 0.01659 | max|x_norm| 1.09
  restart 02 | final full-band loss 0.01658 | max|x_norm| 1.09
  restart 03 | final full-band loss 0.01658 | max|x_norm| 1.09
  restart 04 | final full-band loss 0.01661 | max|x_norm| 1.09
  restart 05 | final full-band loss 0.01660 | max|x_norm| 1.09
  restart 06 | final full-band loss 0.01661 | max|x_norm| 1.09
  restart 07 | final full-band loss 0.01657 | max|x_norm| 1.09
  -> best restart 7 (loss 0.01657)
  decoded max |x_norm| = 1.09 (training data is z-scored: >3 means out-of-distribution)
[stage-07 export] /home/dhanushkramesh/mece_project_inverse_model/Generative_Inverse_Design_of_High-Speed_Interconnects/sandbox_v1/models/evaluation_results/generated_designs/design_sample_42_latent_curr.npz
    template sim_pkg_0033  pair 1
plot: tto_latent_curr_sample_42.png

====================================================================
  SAMPLE 100   mode=latent  curriculum=True
====================================================================
Loading data from diff_pair_dataset.pt ...
Loading element-aware weight tensor ...
Loading frozen forward surrogate + cVAE ...

=== TTO [latent_curr] sample 100: 150 steps, lr=0.05, restarts=8 ===
  restart 00 | final full-band loss 0.00930 | max|x_norm| 1.44
  restart 01 | final full-band loss 0.00929 | max|x_norm| 1.44
  restart 02 | final full-band loss 0.00930 | max|x_norm| 1.44
  restart 03 | final full-band loss 0.00929 | max|x_norm| 1.44
  restart 04 | final full-band loss 0.00930 | max|x_norm| 1.44
  restart 05 | final full-band loss 0.00930 | max|x_norm| 1.44
  restart 06 | final full-band loss 0.00930 | max|x_norm| 1.44
  restart 07 | final full-band loss 0.00930 | max|x_norm| 1.44
  -> best restart 3 (loss 0.00929)
  decoded max |x_norm| = 1.44 (training data is z-scored: >3 means out-of-distribution)
[stage-07 export] /home/dhanushkramesh/mece_project_inverse_model/Generative_Inverse_Design_of_High-Speed_Interconnects/sandbox_v1/models/evaluation_results/generated_designs/design_sample_100_latent_curr.npz
    template sim_pkg_0059  pair 4
plot: tto_latent_curr_sample_100.png

====================================================================
  SAMPLE 250   mode=latent  curriculum=True
====================================================================
Loading data from diff_pair_dataset.pt ...
Loading element-aware weight tensor ...
Loading frozen forward surrogate + cVAE ...

=== TTO [latent_curr] sample 250: 150 steps, lr=0.05, restarts=8 ===
  restart 00 | final full-band loss 0.02665 | max|x_norm| 1.18
  restart 01 | final full-band loss 0.02668 | max|x_norm| 1.18
  restart 02 | final full-band loss 0.02670 | max|x_norm| 1.18
  restart 03 | final full-band loss 0.02668 | max|x_norm| 1.18
  restart 04 | final full-band loss 0.02667 | max|x_norm| 1.18
  restart 05 | final full-band loss 0.02665 | max|x_norm| 1.17
  restart 06 | final full-band loss 0.02662 | max|x_norm| 1.18
  restart 07 | final full-band loss 0.02660 | max|x_norm| 1.17
  -> best restart 7 (loss 0.02660)
  decoded max |x_norm| = 1.17 (training data is z-scored: >3 means out-of-distribution)
[stage-07 export] /home/dhanushkramesh/mece_project_inverse_model/Generative_Inverse_Design_of_High-Speed_Interconnects/sandbox_v1/models/evaluation_results/generated_designs/design_sample_250_latent_curr.npz
    template sim_pkg_0197  pair 9
plot: tto_latent_curr_sample_250.png
