
====================================================================
  SAMPLE 1260  lambda_j=0.1  curriculum=False
====================================================================

  TOLERANCE MODEL [ipc] x scale 1 (1-sigma perturbations; limit=3*sigma Cpk=1 convention for 'ipc'):
          VIA_RADIUS : abs 0.5 mil (limit/3)      sigma_phys=0.5 mil        sigma_norm=0.1073
      ANTIPAD_RADIUS : abs 0.67 mil (limit/3)     sigma_phys=0.67 mil        sigma_norm=0.1207
               PITCH : abs 0.33 mil (limit/3)     sigma_phys=0.33 mil        sigma_norm=0.0386
               TDIEL : rel +/-3.3% (limit/3)      sigma_phys=0.9074 feat-units sigma_norm=0.0413
                TMET : rel +/-3.3% (limit/3)      sigma_phys=0.08801 feat-units sigma_norm=0.0899
        PERMITTIVITY : rel +/-0.67% (limit/3)     sigma_phys=0.02094 feat-units sigma_norm=0.0326
        CONDUCTIVITY : rel +/-3.3% (limit/3)      sigma_phys=0.01423 decades    sigma_norm=0.3035
         LOSSTANGENT : rel +/-3.3% (limit/3)      sigma_phys=0.01423 decades    sigma_norm=0.0351
  (IPC gives ACCEPTANCE LIMITS, not process sigmas; limit/3 is a stated Cpk=1 assumption. CONDUCTIVITY entry is an engineering assumption with no standards anchor. See PartC_Yield_Plan_v3.md.)

=== YIELD TTO [cc_e0.3_L1_ipc] sample 1260: 12 restarts x 150 steps
    eps=0.3 -> kappa=1.53  lambda_cc=1.0  [Cantelli chance constraint]
    spec: eye-band IL >= target-1.0 dB, RL <= -8.0 dB | tol_frac=0.1
  restart 00 | eye-fit  1.87 dB | sens  0.00191 | yield  93.0% [91.7,94.0] | max|x| 3.24
  restart 01 | eye-fit  1.81 dB | sens  0.00193 | yield  89.3% [87.9,90.6] | max|x| 3.35
  restart 02 | eye-fit  1.92 dB | sens  0.00182 | yield  94.3% [93.2,95.2] | max|x| 3.35
  restart 03 | eye-fit  2.17 dB | sens  0.00275 | yield  93.7% [92.5,94.7] | max|x| 2.79
  restart 04 | eye-fit  1.73 dB | sens  0.00176 | yield  88.8% [87.3,90.1] | max|x| 3.39
  restart 05 | eye-fit  1.96 dB | sens  0.00226 | yield  92.0% [90.7,93.1] | max|x| 2.85
  restart 06 | eye-fit  1.75 dB | sens  0.00173 | yield  91.0% [89.7,92.2] | max|x| 3.41
  restart 07 | eye-fit  1.88 dB | sens  0.00199 | yield  92.8% [91.6,93.9] | max|x| 3.12
  restart 08 | eye-fit  1.83 dB | sens  0.00197 | yield  91.8% [90.6,93.0] | max|x| 3.30
  restart 09 | eye-fit  1.89 dB | sens  0.00204 | yield  93.2% [92.0,94.2] | max|x| 3.15
  restart 10 | eye-fit  2.06 dB | sens  0.00140 | yield  95.9% [94.9,96.7] | max|x| 3.91
  restart 11 | eye-fit  1.95 dB | sens  0.00221 | yield  92.2% [90.9,93.3] | max|x| 3.16

  fit gate (1.5 dB eye-band): 0/12 candidates pass
  [warn] nothing passed the gate -- ranking ALL candidates by yield anyway; consider raising --fit-gate or lowering lambda_j
  portfolio diversity: pairwise |dx| mean 2.241, max 4.272 (normalized units; ~0 would mean all restarts found the same design)

======================================================================
  RANKED PORTFOLIO (top 5)  sample 1260  [cc_e0.3_L1_ipc]
======================================================================
  rank eye-fit dB  yield %       sens file
     1       2.06     95.9    0.00140 design_sample_1260_cc_e0.3_L1_ipc_r10.npz
     2       1.92     94.3    0.00182 design_sample_1260_cc_e0.3_L1_ipc_r02.npz
     3       2.17     93.7    0.00275 design_sample_1260_cc_e0.3_L1_ipc_r03.npz
     4       1.89     93.2    0.00204 design_sample_1260_cc_e0.3_L1_ipc_r09.npz
     5       1.87     93.0    0.00191 design_sample_1260_cc_e0.3_L1_ipc_r00.npz

  csv    : portfolio_sample_1260_cc_e0.3_L1_ipc_20260729_215429.csv
  pareto : pareto_sample_1260_cc_e0.3_L1_ipc_20260729_215429.png
  top design (for stage 07): design_sample_1260_cc_e0.3_L1_ipc_top.npz
