
====================================================================
  SAMPLE 0  lambda_j=0.1  curriculum=False
====================================================================

  TOLERANCE MODEL [ipc] x scale 1 (1-sigma perturbations; limit=3*sigma Cpk=1 convention for 'ipc'):
          VIA_RADIUS : abs 0.5 mil (limit/3)      sigma_phys=0.5 mil        sigma_norm=0.1073
      ANTIPAD_RADIUS : abs 0.67 mil (limit/3)     sigma_phys=0.67 mil        sigma_norm=0.1207
               PITCH : abs 0.33 mil (limit/3)     sigma_phys=0.33 mil        sigma_norm=0.0386
               TDIEL : rel +/-3.3% (limit/3)      sigma_phys=0.6077 feat-units sigma_norm=0.0277
                TMET : rel +/-3.3% (limit/3)      sigma_phys=0.07233 feat-units sigma_norm=0.0739
        PERMITTIVITY : rel +/-0.67% (limit/3)     sigma_phys=0.01959 feat-units sigma_norm=0.0305
        CONDUCTIVITY : rel +/-3.3% (limit/3)      sigma_phys=0.01423 decades    sigma_norm=0.3035
         LOSSTANGENT : rel +/-3.3% (limit/3)      sigma_phys=0.01423 decades    sigma_norm=0.0351
  (IPC gives ACCEPTANCE LIMITS, not process sigmas; limit/3 is a stated Cpk=1 assumption. CONDUCTIVITY entry is an engineering assumption with no standards anchor. See PartC_Yield_Plan_v3.md.)

=== YIELD TTO [cc_e0.1_L1_ipc] sample 0: 12 restarts x 150 steps
    eps=0.1 -> kappa=3.00  lambda_cc=1.0  [Cantelli chance constraint]
    spec: eye-band IL >= target-1.0 dB, RL <= -8.0 dB | tol_frac=0.1
  restart 00 | eye-fit  3.74 dB | sens  0.01071 | yield 100.0% [99.8,100.0] | max|x| 4.47
  restart 01 | eye-fit  2.18 dB | sens  0.00356 | yield 100.0% [99.7,100.0] | max|x| 3.78
  restart 02 | eye-fit  4.83 dB | sens  0.01580 | yield 100.0% [99.7,100.0] | max|x| 4.71
  restart 03 | eye-fit  3.73 dB | sens  0.01135 | yield 100.0% [99.7,100.0] | max|x| 5.16
  restart 04 | eye-fit  2.06 dB | sens  0.00424 | yield  99.7% [99.3,99.8] | max|x| 5.83
  restart 05 | eye-fit  3.30 dB | sens  0.00515 | yield  98.4% [97.7,98.8] | max|x| 3.74
  restart 06 | eye-fit  2.02 dB | sens  0.00316 | yield  99.9% [99.6,100.0] | max|x| 2.97
  restart 07 | eye-fit  3.46 dB | sens  0.00973 | yield 100.0% [99.8,100.0] | max|x| 5.61
  restart 08 | eye-fit  3.31 dB | sens  0.00565 | yield  99.4% [99.0,99.7] | max|x| 6.57
  restart 09 | eye-fit  3.89 dB | sens  0.01144 | yield 100.0% [99.8,100.0] | max|x| 4.41
  restart 10 | eye-fit  2.09 dB | sens  0.00357 | yield  99.2% [98.7,99.5] | max|x| 2.84
  restart 11 | eye-fit  3.57 dB | sens  0.00973 | yield 100.0% [99.8,100.0] | max|x| 5.39

  fit gate (1.5 dB eye-band): 0/12 candidates pass
  [warn] nothing passed the gate -- ranking ALL candidates by yield anyway; consider raising --fit-gate or lowering lambda_j
  portfolio diversity: pairwise |dx| mean 6.326, max 9.994 (normalized units; ~0 would mean all restarts found the same design)

======================================================================
  RANKED PORTFOLIO (top 5)  sample 0  [cc_e0.1_L1_ipc]
======================================================================
  rank eye-fit dB  yield %       sens file
     1       3.74    100.0    0.01071 design_sample_0_cc_e0.1_L1_ipc_r00.npz
     2       3.46    100.0    0.00974 design_sample_0_cc_e0.1_L1_ipc_r07.npz
     3       3.90    100.0    0.01144 design_sample_0_cc_e0.1_L1_ipc_r09.npz
     4       3.57    100.0    0.00973 design_sample_0_cc_e0.1_L1_ipc_r11.npz
     5       2.19    100.0    0.00356 design_sample_0_cc_e0.1_L1_ipc_r01.npz

  csv    : portfolio_sample_0_cc_e0.1_L1_ipc_20260718_214511.csv
  pareto : pareto_sample_0_cc_e0.1_L1_ipc_20260718_214511.png
  top design (for stage 07): design_sample_0_cc_e0.1_L1_ipc_top.npz
