
====================================================================
  SAMPLE 1260  lambda_j=0.1  curriculum=False
====================================================================

  TOLERANCE MODEL [ipc] x scale 1 (1-sigma perturbations; limit=3*sigma Cpk=1 convention for 'ipc'):
          VIA_RADIUS : abs 0.5 mil (limit/3)      sigma_phys=0.5 mil        sigma_norm=0.1073
      ANTIPAD_RADIUS : abs 0.67 mil (limit/3)     sigma_phys=0.67 mil        sigma_norm=0.1207
               PITCH : abs 0.33 mil (limit/3)     sigma_phys=0.33 mil        sigma_norm=0.0386
               TDIEL : rel +/-3.3% (limit/3)      sigma_phys=0.9074 feat-units sigma_norm=0.0413
                TMET : rel +/-3.3% (limit/3)      sigma_phys=0.08801 feat-units sigma_norm=0.0899
        PERMITTIVITY : rel +/-0.67% (limit/3)     sigma_phys=0.02094 feat-units sigma_norm=0.0326
        CONDUCTIVITY : rel +/-3.3% (limit/3)      sigma_phys=0.01423 decades    sigma_norm=0.3035
         LOSSTANGENT : rel +/-3.3% (limit/3)      sigma_phys=0.01423 decades    sigma_norm=0.0351
  (IPC gives ACCEPTANCE LIMITS, not process sigmas; limit/3 is a stated Cpk=1 assumption. CONDUCTIVITY entry is an engineering assumption with no standards anchor. See PartC_Yield_Plan_v3.md.)

=== YIELD TTO [cc_e0.2_L0.3_ipc] sample 1260: 12 restarts x 150 steps
    eps=0.2 -> kappa=2.00  lambda_cc=0.3  [Cantelli chance constraint]
    spec: eye-band IL >= target-1.0 dB, RL <= -8.0 dB | tol_frac=0.1
  restart 00 | eye-fit  2.29 dB | sens  0.00297 | yield  97.0% [96.2,97.7] | max|x| 2.60
  restart 01 | eye-fit  2.30 dB | sens  0.00310 | yield  97.0% [96.2,97.7] | max|x| 2.54
  restart 02 | eye-fit  2.12 dB | sens  0.00264 | yield  95.3% [94.3,96.2] | max|x| 2.57
  restart 03 | eye-fit  2.28 dB | sens  0.00308 | yield  96.7% [95.8,97.4] | max|x| 2.55
  restart 04 | eye-fit  2.11 dB | sens  0.00283 | yield  92.1% [90.8,93.2] | max|x| 2.68
  restart 05 | eye-fit  2.12 dB | sens  0.00257 | yield  95.7% [94.7,96.5] | max|x| 2.53
  restart 06 | eye-fit  2.07 dB | sens  0.00254 | yield  93.5% [92.4,94.5] | max|x| 2.74
  restart 07 | eye-fit  2.15 dB | sens  0.00273 | yield  93.3% [92.2,94.4] | max|x| 2.68
  restart 08 | eye-fit  2.35 dB | sens  0.00313 | yield  96.4% [95.4,97.1] | max|x| 2.58
  restart 09 | eye-fit  2.11 dB | sens  0.00274 | yield  93.8% [92.7,94.8] | max|x| 2.71
  restart 10 | eye-fit  2.13 dB | sens  0.00242 | yield  96.9% [96.0,97.5] | max|x| 2.55
  restart 11 | eye-fit  2.22 dB | sens  0.00305 | yield  96.5% [95.7,97.3] | max|x| 2.57

  fit gate (1.5 dB eye-band): 0/12 candidates pass
  [warn] nothing passed the gate -- ranking ALL candidates by yield anyway; consider raising --fit-gate or lowering lambda_j
  portfolio diversity: pairwise |dx| mean 2.131, max 4.429 (normalized units; ~0 would mean all restarts found the same design)

======================================================================
  RANKED PORTFOLIO (top 5)  sample 1260  [cc_e0.2_L0.3_ipc]
======================================================================
  rank eye-fit dB  yield %       sens file
     1       2.29     97.0    0.00297 design_sample_1260_cc_e0.2_L0.3_ipc_r00.npz
     2       2.30     97.0    0.00310 design_sample_1260_cc_e0.2_L0.3_ipc_r01.npz
     3       2.13     96.8    0.00242 design_sample_1260_cc_e0.2_L0.3_ipc_r10.npz
     4       2.28     96.7    0.00308 design_sample_1260_cc_e0.2_L0.3_ipc_r03.npz
     5       2.22     96.5    0.00305 design_sample_1260_cc_e0.2_L0.3_ipc_r11.npz

  csv    : portfolio_sample_1260_cc_e0.2_L0.3_ipc_20260729_222828.csv
  pareto : pareto_sample_1260_cc_e0.2_L0.3_ipc_20260729_222828.png
  top design (for stage 07): design_sample_1260_cc_e0.2_L0.3_ipc_top.npz
