
====================================================================
  SAMPLE 1397   mode=latent  curriculum=True
====================================================================
Loading data from diff_pair_dataset.pt ...
Loading element-aware weight tensor ...
Loading frozen forward surrogate + cVAE ...

=== TTO [latent_curr] sample 1397: 150 steps, lr=0.05, restarts=8 ===
  restart 00 | final full-band loss 0.01153 | max|x_norm| 1.88
  restart 01 | final full-band loss 0.01150 | max|x_norm| 1.88
  restart 02 | final full-band loss 0.01155 | max|x_norm| 1.88
  restart 03 | final full-band loss 0.01149 | max|x_norm| 1.88
  restart 04 | final full-band loss 0.01155 | max|x_norm| 1.88
  restart 05 | final full-band loss 0.01155 | max|x_norm| 1.87
  restart 06 | final full-band loss 0.01158 | max|x_norm| 1.87
  restart 07 | final full-band loss 0.01154 | max|x_norm| 1.87
  -> best restart 3 (loss 0.01149)
  decoded max |x_norm| = 1.88 (training data is z-scored: >3 means out-of-distribution)
[stage-07 export] /home/dhanushkramesh/mece_project_inverse_model/Generative_Inverse_Design_of_High-Speed_Interconnects/sandbox_v1/models/evaluation_results/generated_designs/design_sample_1397_latent_curr.npz
    template sim_pkg_1132  pair 2
plot: tto_latent_curr_sample_1397.png
