
====================================================================
  SAMPLE 441  lambda_j=0.1  curriculum=False
====================================================================

  TOLERANCE MODEL [ipc] x scale 1 (1-sigma perturbations; limit=3*sigma Cpk=1 convention for 'ipc'):
          VIA_RADIUS : abs 0.5 mil (limit/3)      sigma_phys=0.5 mil        sigma_norm=0.1073
      ANTIPAD_RADIUS : abs 0.67 mil (limit/3)     sigma_phys=0.67 mil        sigma_norm=0.1207
               PITCH : abs 0.33 mil (limit/3)     sigma_phys=0.33 mil        sigma_norm=0.0386
               TDIEL : rel +/-3.3% (limit/3)      sigma_phys=1.659 feat-units sigma_norm=0.0756
                TMET : rel +/-3.3% (limit/3)      sigma_phys=0.05141 feat-units sigma_norm=0.0525
        PERMITTIVITY : rel +/-0.67% (limit/3)     sigma_phys=0.01963 feat-units sigma_norm=0.0306
        CONDUCTIVITY : rel +/-3.3% (limit/3)      sigma_phys=0.01423 decades    sigma_norm=0.3035
         LOSSTANGENT : rel +/-3.3% (limit/3)      sigma_phys=0.01423 decades    sigma_norm=0.0351
  (IPC gives ACCEPTANCE LIMITS, not process sigmas; limit/3 is a stated Cpk=1 assumption. CONDUCTIVITY entry is an engineering assumption with no standards anchor. See PartC_Yield_Plan_v3.md.)

=== YIELD TTO [wc_L1_ipc] sample 441: 12 restarts x 150 steps
    lambda_cc=1.0  [Wang/Sigmund worst-case corners]
    spec: eye-band IL >= target-1.0 dB, RL <= -8.0 dB | tol_frac=0.1
  restart 00 | eye-fit  3.23 dB | sens  0.00947 | yield  62.5% [60.4,64.6] | max|x| 3.95
  restart 01 | eye-fit  3.19 dB | sens  0.00865 | yield  33.7% [31.7,35.8] | max|x| 3.08
  restart 02 | eye-fit  2.51 dB | sens  0.00685 | yield  24.8% [23.0,26.7] | max|x| 4.21
  restart 03 | eye-fit  3.71 dB | sens  0.00920 | yield  83.0% [81.3,84.6] | max|x| 3.58
  restart 04 | eye-fit  3.15 dB | sens  0.00935 | yield  44.0% [41.8,46.1] | max|x| 3.69
  restart 05 | eye-fit  2.67 dB | sens  0.00599 | yield  36.6% [34.6,38.8] | max|x| 3.79
  restart 06 | eye-fit  2.77 dB | sens  0.00671 | yield  31.3% [29.3,33.4] | max|x| 4.09
  restart 07 | eye-fit  2.68 dB | sens  0.00612 | yield  29.1% [27.2,31.1] | max|x| 2.82
  restart 08 | eye-fit  2.81 dB | sens  0.00655 | yield  50.4% [48.3,52.6] | max|x| 3.42
  restart 09 | eye-fit  2.85 dB | sens  0.00808 | yield  43.0% [40.8,45.2] | max|x| 2.58
  restart 10 | eye-fit  3.42 dB | sens  0.00982 | yield  54.8% [52.6,57.0] | max|x| 3.58
  restart 11 | eye-fit  2.81 dB | sens  0.00725 | yield  42.9% [40.7,45.1] | max|x| 3.19

  fit gate (1.5 dB eye-band): 0/12 candidates pass
  [warn] nothing passed the gate -- ranking ALL candidates by yield anyway; consider raising --fit-gate or lowering lambda_j
  portfolio diversity: pairwise |dx| mean 2.374, max 5.433 (normalized units; ~0 would mean all restarts found the same design)

======================================================================
  RANKED PORTFOLIO (top 5)  sample 441  [wc_L1_ipc]
======================================================================
  rank eye-fit dB  yield %       sens file
     1       3.71     83.0    0.00920 design_sample_441_wc_L1_ipc_r03.npz
     2       3.23     62.5    0.00947 design_sample_441_wc_L1_ipc_r00.npz
     3       3.42     54.8    0.00982 design_sample_441_wc_L1_ipc_r10.npz
     4       2.81     50.5    0.00655 design_sample_441_wc_L1_ipc_r08.npz
     5       3.15     44.0    0.00935 design_sample_441_wc_L1_ipc_r04.npz

  csv    : portfolio_sample_441_wc_L1_ipc_20260719_175701.csv
  pareto : pareto_sample_441_wc_L1_ipc_20260719_175701.png
  top design (for stage 07): design_sample_441_wc_L1_ipc_top.npz

====================================================================
  SAMPLE 4293  lambda_j=0.1  curriculum=False
====================================================================

  TOLERANCE MODEL [ipc] x scale 1 (1-sigma perturbations; limit=3*sigma Cpk=1 convention for 'ipc'):
          VIA_RADIUS : abs 0.5 mil (limit/3)      sigma_phys=0.5 mil        sigma_norm=0.1073
      ANTIPAD_RADIUS : abs 0.67 mil (limit/3)     sigma_phys=0.67 mil        sigma_norm=0.1207
               PITCH : abs 0.33 mil (limit/3)     sigma_phys=0.33 mil        sigma_norm=0.0386
               TDIEL : rel +/-3.3% (limit/3)      sigma_phys=2.22 feat-units sigma_norm=0.1012
                TMET : rel +/-3.3% (limit/3)      sigma_phys=0.02772 feat-units sigma_norm=0.0283
        PERMITTIVITY : rel +/-0.67% (limit/3)     sigma_phys=0.02378 feat-units sigma_norm=0.0371
        CONDUCTIVITY : rel +/-3.3% (limit/3)      sigma_phys=0.01423 decades    sigma_norm=0.3035
         LOSSTANGENT : rel +/-3.3% (limit/3)      sigma_phys=0.01423 decades    sigma_norm=0.0351
  (IPC gives ACCEPTANCE LIMITS, not process sigmas; limit/3 is a stated Cpk=1 assumption. CONDUCTIVITY entry is an engineering assumption with no standards anchor. See PartC_Yield_Plan_v3.md.)

=== YIELD TTO [wc_L1_ipc] sample 4293: 12 restarts x 150 steps
    lambda_cc=1.0  [Wang/Sigmund worst-case corners]
    spec: eye-band IL >= target-1.0 dB, RL <= -8.0 dB | tol_frac=0.1
  restart 00 | eye-fit  2.28 dB | sens  0.02404 | yield  72.5% [70.6,74.5] | max|x| 1.13
  restart 01 | eye-fit  2.28 dB | sens  0.02397 | yield  73.8% [71.8,75.7] | max|x| 1.13
  restart 02 | eye-fit  2.31 dB | sens  0.01709 | yield  89.8% [88.4,91.1] | max|x| 1.32
  restart 03 | eye-fit  2.55 dB | sens  0.02269 | yield  90.0% [88.6,91.2] | max|x| 1.03
  restart 04 | eye-fit  2.76 dB | sens  0.01914 | yield  85.7% [84.0,87.1] | max|x| 0.52
  restart 05 | eye-fit  2.11 dB | sens  0.02440 | yield  83.7% [82.0,85.3] | max|x| 1.52
  restart 06 | eye-fit  2.01 dB | sens  0.03374 | yield  75.5% [73.6,77.3] | max|x| 2.30
  restart 07 | eye-fit  3.12 dB | sens  0.00518 | yield  88.9% [87.5,90.3] | max|x| 1.73
  restart 08 | eye-fit  2.30 dB | sens  0.01601 | yield  84.9% [83.3,86.4] | max|x| 1.08
  restart 09 | eye-fit  2.36 dB | sens  0.02147 | yield  91.6% [90.3,92.7] | max|x| 3.08
  restart 10 | eye-fit  2.41 dB | sens  0.03148 | yield  83.3% [81.6,84.9] | max|x| 1.43
  restart 11 | eye-fit  2.32 dB | sens  0.02426 | yield  90.4% [89.0,91.6] | max|x| 2.18

  fit gate (1.5 dB eye-band): 0/12 candidates pass
  [warn] nothing passed the gate -- ranking ALL candidates by yield anyway; consider raising --fit-gate or lowering lambda_j
  portfolio diversity: pairwise |dx| mean 2.330, max 4.923 (normalized units; ~0 would mean all restarts found the same design)

======================================================================
  RANKED PORTFOLIO (top 5)  sample 4293  [wc_L1_ipc]
======================================================================
  rank eye-fit dB  yield %       sens file
     1       2.36     91.6    0.02147 design_sample_4293_wc_L1_ipc_r09.npz
     2       2.32     90.4    0.02426 design_sample_4293_wc_L1_ipc_r11.npz
     3       2.55     90.0    0.02269 design_sample_4293_wc_L1_ipc_r03.npz
     4       2.31     89.8    0.01709 design_sample_4293_wc_L1_ipc_r02.npz
     5       3.12     89.0    0.00518 design_sample_4293_wc_L1_ipc_r07.npz

  csv    : portfolio_sample_4293_wc_L1_ipc_20260719_175939.csv
  pareto : pareto_sample_4293_wc_L1_ipc_20260719_175939.png
  top design (for stage 07): design_sample_4293_wc_L1_ipc_top.npz

====================================================================
  SAMPLE 1260  lambda_j=0.1  curriculum=False
====================================================================

  TOLERANCE MODEL [ipc] x scale 1 (1-sigma perturbations; limit=3*sigma Cpk=1 convention for 'ipc'):
          VIA_RADIUS : abs 0.5 mil (limit/3)      sigma_phys=0.5 mil        sigma_norm=0.1073
      ANTIPAD_RADIUS : abs 0.67 mil (limit/3)     sigma_phys=0.67 mil        sigma_norm=0.1207
               PITCH : abs 0.33 mil (limit/3)     sigma_phys=0.33 mil        sigma_norm=0.0386
               TDIEL : rel +/-3.3% (limit/3)      sigma_phys=0.9074 feat-units sigma_norm=0.0413
                TMET : rel +/-3.3% (limit/3)      sigma_phys=0.08801 feat-units sigma_norm=0.0899
        PERMITTIVITY : rel +/-0.67% (limit/3)     sigma_phys=0.02094 feat-units sigma_norm=0.0326
        CONDUCTIVITY : rel +/-3.3% (limit/3)      sigma_phys=0.01423 decades    sigma_norm=0.3035
         LOSSTANGENT : rel +/-3.3% (limit/3)      sigma_phys=0.01423 decades    sigma_norm=0.0351
  (IPC gives ACCEPTANCE LIMITS, not process sigmas; limit/3 is a stated Cpk=1 assumption. CONDUCTIVITY entry is an engineering assumption with no standards anchor. See PartC_Yield_Plan_v3.md.)

=== YIELD TTO [wc_L1_ipc] sample 1260: 12 restarts x 150 steps
    lambda_cc=1.0  [Wang/Sigmund worst-case corners]
    spec: eye-band IL >= target-1.0 dB, RL <= -8.0 dB | tol_frac=0.1
  restart 00 | eye-fit  1.83 dB | sens  0.00293 | yield  78.6% [76.7,80.3] | max|x| 2.60
  restart 01 | eye-fit  1.59 dB | sens  0.00261 | yield  80.8% [79.0,82.4] | max|x| 2.55
  restart 02 | eye-fit  1.48 dB | sens  0.00222 | yield  79.7% [77.8,81.4] | max|x| 2.82
  restart 03 | eye-fit  1.52 dB | sens  0.00257 | yield  77.8% [76.0,79.6] | max|x| 2.61
  restart 04 | eye-fit  1.40 dB | sens  0.00205 | yield  67.3% [65.3,69.4] | max|x| 2.87
  restart 05 | eye-fit  1.52 dB | sens  0.00218 | yield  79.1% [77.3,80.9] | max|x| 2.87
  restart 06 | eye-fit  1.50 dB | sens  0.00253 | yield  76.4% [74.5,78.2] | max|x| 2.69
  restart 07 | eye-fit  1.41 dB | sens  0.00199 | yield  66.8% [64.7,68.8] | max|x| 2.95
  restart 08 | eye-fit  1.42 dB | sens  0.00194 | yield  72.2% [70.1,74.1] | max|x| 3.03
  restart 09 | eye-fit  1.40 dB | sens  0.00177 | yield  72.2% [70.2,74.1] | max|x| 3.07
  restart 10 | eye-fit  1.44 dB | sens  0.00235 | yield  69.5% [67.4,71.4] | max|x| 2.69
  restart 11 | eye-fit  1.41 dB | sens  0.00199 | yield  72.8% [70.8,74.7] | max|x| 2.93

  fit gate (1.5 dB eye-band): 7/12 candidates pass
  portfolio diversity: pairwise |dx| mean 1.196, max 2.327 (normalized units; ~0 would mean all restarts found the same design)

======================================================================
  RANKED PORTFOLIO (top 5)  sample 1260  [wc_L1_ipc]
======================================================================
  rank eye-fit dB  yield %       sens file
     1       1.48     79.7    0.00222 design_sample_1260_wc_L1_ipc_r02.npz
     2       1.41     72.8    0.00199 design_sample_1260_wc_L1_ipc_r11.npz
     3       1.40     72.2    0.00177 design_sample_1260_wc_L1_ipc_r09.npz
     4       1.42     72.2    0.00194 design_sample_1260_wc_L1_ipc_r08.npz
     5       1.44     69.5    0.00235 design_sample_1260_wc_L1_ipc_r10.npz

  csv    : portfolio_sample_1260_wc_L1_ipc_20260719_180133.csv
  pareto : pareto_sample_1260_wc_L1_ipc_20260719_180133.png
  top design (for stage 07): design_sample_1260_wc_L1_ipc_top.npz
