
====================================================================
  SAMPLE 1260  lambda_j=0.1  curriculum=False
====================================================================

  TOLERANCE MODEL [ipc] x scale 1 (1-sigma perturbations; limit=3*sigma Cpk=1 convention for 'ipc'):
          VIA_RADIUS : abs 0.5 mil (limit/3)      sigma_phys=0.5 mil        sigma_norm=0.1073
      ANTIPAD_RADIUS : abs 0.67 mil (limit/3)     sigma_phys=0.67 mil        sigma_norm=0.1207
               PITCH : abs 0.33 mil (limit/3)     sigma_phys=0.33 mil        sigma_norm=0.0386
               TDIEL : rel +/-3.3% (limit/3)      sigma_phys=0.9074 feat-units sigma_norm=0.0413
                TMET : rel +/-3.3% (limit/3)      sigma_phys=0.08801 feat-units sigma_norm=0.0899
        PERMITTIVITY : rel +/-0.67% (limit/3)     sigma_phys=0.02094 feat-units sigma_norm=0.0326
        CONDUCTIVITY : rel +/-3.3% (limit/3)      sigma_phys=0.01423 decades    sigma_norm=0.3035
         LOSSTANGENT : rel +/-3.3% (limit/3)      sigma_phys=0.01423 decades    sigma_norm=0.0351
  (IPC gives ACCEPTANCE LIMITS, not process sigmas; limit/3 is a stated Cpk=1 assumption. CONDUCTIVITY entry is an engineering assumption with no standards anchor. See PartC_Yield_Plan_v3.md.)

=== YIELD TTO [wc_L1_ipc] sample 1260: 12 restarts x 150 steps
    lambda_cc=1.0  [Wang/Sigmund worst-case corners]
    spec: eye-band IL >= target-1.0 dB, RL <= -8.0 dB | tol_frac=0.1
  restart 00 | eye-fit  1.84 dB | sens  0.00295 | yield  78.6% [76.7,80.3] | max|x| 2.60
  restart 01 | eye-fit  1.58 dB | sens  0.00257 | yield  80.8% [79.0,82.4] | max|x| 2.59
  restart 02 | eye-fit  1.48 dB | sens  0.00221 | yield  79.6% [77.8,81.3] | max|x| 2.82
  restart 03 | eye-fit  1.52 dB | sens  0.00258 | yield  78.1% [76.2,79.9] | max|x| 2.61
  restart 04 | eye-fit  1.40 dB | sens  0.00208 | yield  67.5% [65.4,69.5] | max|x| 2.87
  restart 05 | eye-fit  1.52 dB | sens  0.00220 | yield  79.1% [77.3,80.8] | max|x| 2.87
  restart 06 | eye-fit  1.50 dB | sens  0.00253 | yield  76.4% [74.5,78.2] | max|x| 2.69
  restart 07 | eye-fit  1.41 dB | sens  0.00200 | yield  66.8% [64.7,68.8] | max|x| 2.95
  restart 08 | eye-fit  1.42 dB | sens  0.00195 | yield  72.3% [70.3,74.2] | max|x| 3.03
  restart 09 | eye-fit  1.40 dB | sens  0.00178 | yield  72.5% [70.5,74.4] | max|x| 3.07
  restart 10 | eye-fit  1.44 dB | sens  0.00238 | yield  69.5% [67.4,71.4] | max|x| 2.69
  restart 11 | eye-fit  1.41 dB | sens  0.00198 | yield  72.9% [70.9,74.8] | max|x| 2.92

  fit gate (1.5 dB eye-band): 7/12 candidates pass
  portfolio diversity: pairwise |dx| mean 1.194, max 2.326 (normalized units; ~0 would mean all restarts found the same design)

======================================================================
  RANKED PORTFOLIO (top 5)  sample 1260  [wc_L1_ipc]
======================================================================
  rank eye-fit dB  yield %       sens file
     1       1.48     79.6    0.00221 design_sample_1260_wc_L1_ipc_r02.npz
     2       1.41     72.8    0.00198 design_sample_1260_wc_L1_ipc_r11.npz
     3       1.40     72.5    0.00178 design_sample_1260_wc_L1_ipc_r09.npz
     4       1.42     72.3    0.00195 design_sample_1260_wc_L1_ipc_r08.npz
     5       1.44     69.5    0.00238 design_sample_1260_wc_L1_ipc_r10.npz

  csv    : portfolio_sample_1260_wc_L1_ipc_20260729_224622.csv
  pareto : pareto_sample_1260_wc_L1_ipc_20260729_224622.png
  top design (for stage 07): design_sample_1260_wc_L1_ipc_top.npz
