
====================================================================
  SAMPLE 0  lambda_j=0.1  curriculum=False
====================================================================

  TOLERANCE MODEL [ipc] x scale 1 (1-sigma perturbations; limit=3*sigma Cpk=1 convention for 'ipc'):
          VIA_RADIUS : abs 0.5 mil (limit/3)      sigma_phys=0.5 mil        sigma_norm=0.1073
      ANTIPAD_RADIUS : abs 0.67 mil (limit/3)     sigma_phys=0.67 mil        sigma_norm=0.1207
               PITCH : abs 0.33 mil (limit/3)     sigma_phys=0.33 mil        sigma_norm=0.0386
               TDIEL : rel +/-3.3% (limit/3)      sigma_phys=0.6077 feat-units sigma_norm=0.0277
                TMET : rel +/-3.3% (limit/3)      sigma_phys=0.07233 feat-units sigma_norm=0.0739
        PERMITTIVITY : rel +/-0.67% (limit/3)     sigma_phys=0.01959 feat-units sigma_norm=0.0305
        CONDUCTIVITY : rel +/-3.3% (limit/3)      sigma_phys=0.01423 decades    sigma_norm=0.3035
         LOSSTANGENT : rel +/-3.3% (limit/3)      sigma_phys=0.01423 decades    sigma_norm=0.0351
  (IPC gives ACCEPTANCE LIMITS, not process sigmas; limit/3 is a stated Cpk=1 assumption. CONDUCTIVITY entry is an engineering assumption with no standards anchor. See PartC_Yield_Plan_v3.md.)

=== YIELD TTO [cc_e0.05_L1_ipc] sample 0: 12 restarts x 150 steps
    eps=0.05 -> kappa=4.36  lambda_cc=1.0  [Cantelli chance constraint]
    spec: eye-band IL >= target-1.0 dB, RL <= -8.0 dB | tol_frac=0.1
  restart 00 | eye-fit  2.85 dB | sens  0.00347 | yield  99.2% [98.6,99.5] | max|x| 5.13
  restart 01 | eye-fit  2.54 dB | sens  0.00265 | yield  99.4% [98.9,99.6] | max|x| 4.04
  restart 02 | eye-fit  6.56 dB | sens  0.01292 | yield 100.0% [99.8,100.0] | max|x| 5.51
  restart 03 | eye-fit  3.39 dB | sens  0.00572 | yield  99.0% [98.4,99.3] | max|x| 6.44
  restart 04 | eye-fit  3.02 dB | sens  0.00350 | yield 100.0% [99.7,100.0] | max|x| 6.80
  restart 05 | eye-fit  3.27 dB | sens  0.00295 | yield   0.1% [0.0,0.4] | max|x| 2.54
  restart 06 | eye-fit  2.62 dB | sens  0.00257 | yield  81.9% [80.2,83.5] | max|x| 3.62
  restart 07 | eye-fit  3.41 dB | sens  0.00593 | yield  99.3% [98.8,99.6] | max|x| 7.58
  restart 08 | eye-fit  3.74 dB | sens  0.00508 | yield 100.0% [99.7,100.0] | max|x| 8.85
  restart 09 | eye-fit  3.13 dB | sens  0.00474 | yield   7.3% [6.3,8.6] | max|x| 5.27
  restart 10 | eye-fit  2.87 dB | sens  0.00306 | yield 100.0% [99.8,100.0] | max|x| 3.40
  restart 11 | eye-fit  3.38 dB | sens  0.00587 | yield 100.0% [99.8,100.0] | max|x| 7.47

  fit gate (1.5 dB eye-band): 0/12 candidates pass
  [warn] nothing passed the gate -- ranking ALL candidates by yield anyway; consider raising --fit-gate or lowering lambda_j
  portfolio diversity: pairwise |dx| mean 6.264, max 11.190 (normalized units; ~0 would mean all restarts found the same design)

======================================================================
  RANKED PORTFOLIO (top 5)  sample 0  [cc_e0.05_L1_ipc]
======================================================================
  rank eye-fit dB  yield %       sens file
     1       6.56    100.0    0.01292 design_sample_0_cc_e0.05_L1_ipc_r02.npz
     2       2.87    100.0    0.00306 design_sample_0_cc_e0.05_L1_ipc_r10.npz
     3       3.38    100.0    0.00587 design_sample_0_cc_e0.05_L1_ipc_r11.npz
     4       3.02    100.0    0.00350 design_sample_0_cc_e0.05_L1_ipc_r04.npz
     5       3.74    100.0    0.00507 design_sample_0_cc_e0.05_L1_ipc_r08.npz

  csv    : portfolio_sample_0_cc_e0.05_L1_ipc_20260718_215053.csv
  pareto : pareto_sample_0_cc_e0.05_L1_ipc_20260718_215053.png
  top design (for stage 07): design_sample_0_cc_e0.05_L1_ipc_top.npz
