
====================================================================
  SAMPLE 9678   mode=latent  curriculum=True
====================================================================
Loading data from diff_pair_dataset.pt ...
Loading element-aware weight tensor ...
Loading frozen forward surrogate + cVAE ...

=== TTO [latent_curr] sample 9678: 150 steps, lr=0.05, restarts=8 ===
  restart 00 | final full-band loss 0.01577 | max|x_norm| 0.60
  restart 01 | final full-band loss 0.01580 | max|x_norm| 0.60
  restart 02 | final full-band loss 0.01577 | max|x_norm| 0.60
  restart 03 | final full-band loss 0.01579 | max|x_norm| 0.60
  restart 04 | final full-band loss 0.01579 | max|x_norm| 0.60
  restart 05 | final full-band loss 0.01584 | max|x_norm| 0.60
  restart 06 | final full-band loss 0.01578 | max|x_norm| 0.60
  restart 07 | final full-band loss 0.01578 | max|x_norm| 0.60
  -> best restart 2 (loss 0.01577)
  decoded max |x_norm| = 0.60 (training data is z-scored: >3 means out-of-distribution)
[stage-07 export] /home/dhanushkramesh/mece_project_inverse_model/Generative_Inverse_Design_of_High-Speed_Interconnects/sandbox_v1/models/evaluation_results/generated_designs/design_sample_9678_latent_curr.npz
    template sim_pkg_7975  pair 9
plot: tto_latent_curr_sample_9678.png
