
====================================================================
  SAMPLE 0  lambda_j=0.1  curriculum=False
====================================================================

  TOLERANCE MODEL [ipc] x scale 1 (1-sigma perturbations; limit=3*sigma Cpk=1 convention for 'ipc'):
          VIA_RADIUS : abs 0.5 mil (limit/3)      sigma_phys=0.5 mil        sigma_norm=0.1073
      ANTIPAD_RADIUS : abs 0.67 mil (limit/3)     sigma_phys=0.67 mil        sigma_norm=0.1207
               PITCH : abs 0.33 mil (limit/3)     sigma_phys=0.33 mil        sigma_norm=0.0386
               TDIEL : rel +/-3.3% (limit/3)      sigma_phys=0.6077 feat-units sigma_norm=0.0277
                TMET : rel +/-3.3% (limit/3)      sigma_phys=0.07233 feat-units sigma_norm=0.0739
        PERMITTIVITY : rel +/-0.67% (limit/3)     sigma_phys=0.01959 feat-units sigma_norm=0.0305
        CONDUCTIVITY : rel +/-3.3% (limit/3)      sigma_phys=0.01423 decades    sigma_norm=0.3035
         LOSSTANGENT : rel +/-3.3% (limit/3)      sigma_phys=0.01423 decades    sigma_norm=0.0351
  (IPC gives ACCEPTANCE LIMITS, not process sigmas; limit/3 is a stated Cpk=1 assumption. CONDUCTIVITY entry is an engineering assumption with no standards anchor. See PartC_Yield_Plan_v3.md.)

=== YIELD TTO [cc_e0.05_L0.3_ipc] sample 0: 12 restarts x 150 steps
    eps=0.05 -> kappa=4.36  lambda_cc=0.3  [Cantelli chance constraint]
    spec: eye-band IL >= target-1.0 dB, RL <= -8.0 dB | tol_frac=0.1
  restart 00 | eye-fit  2.42 dB | sens  0.00283 | yield   1.2% [0.8,1.8] | max|x| 2.93
  restart 01 | eye-fit  2.98 dB | sens  0.00282 | yield  29.3% [27.4,31.4] | max|x| 2.69
  restart 02 | eye-fit  5.08 dB | sens  0.01395 | yield  99.2% [98.8,99.5] | max|x| 2.85
  restart 03 | eye-fit  2.62 dB | sens  0.00752 | yield  94.9% [93.8,95.8] | max|x| 2.77
  restart 04 | eye-fit  2.46 dB | sens  0.00333 | yield  97.5% [96.8,98.1] | max|x| 2.99
  restart 05 | eye-fit  3.23 dB | sens  0.00296 | yield   0.1% [0.0,0.4] | max|x| 2.56
  restart 06 | eye-fit  2.62 dB | sens  0.00283 | yield  24.4% [22.6,26.4] | max|x| 2.93
  restart 07 | eye-fit  2.68 dB | sens  0.00746 | yield  82.2% [80.5,83.9] | max|x| 2.67
  restart 08 | eye-fit  3.16 dB | sens  0.00244 | yield   0.0% [0.0,0.2] | max|x| 2.78
  restart 09 | eye-fit  2.61 dB | sens  0.00571 | yield  33.6% [31.5,35.6] | max|x| 2.69
  restart 10 | eye-fit  2.82 dB | sens  0.00368 | yield  99.5% [99.0,99.7] | max|x| 2.65
  restart 11 | eye-fit  2.76 dB | sens  0.00724 | yield  74.7% [72.7,76.5] | max|x| 2.64

  fit gate (1.5 dB eye-band): 0/12 candidates pass
  [warn] nothing passed the gate -- ranking ALL candidates by yield anyway; consider raising --fit-gate or lowering lambda_j
  portfolio diversity: pairwise |dx| mean 4.619, max 8.367 (normalized units; ~0 would mean all restarts found the same design)

======================================================================
  RANKED PORTFOLIO (top 5)  sample 0  [cc_e0.05_L0.3_ipc]
======================================================================
  rank eye-fit dB  yield %       sens file
     1       2.82     99.5    0.00367 design_sample_0_cc_e0.05_L0.3_ipc_r10.npz
     2       5.08     99.2    0.01395 design_sample_0_cc_e0.05_L0.3_ipc_r02.npz
     3       2.46     97.5    0.00333 design_sample_0_cc_e0.05_L0.3_ipc_r04.npz
     4       2.62     94.9    0.00752 design_sample_0_cc_e0.05_L0.3_ipc_r03.npz
     5       2.68     82.2    0.00746 design_sample_0_cc_e0.05_L0.3_ipc_r07.npz

  csv    : portfolio_sample_0_cc_e0.05_L0.3_ipc_20260719_175011.csv
  pareto : pareto_sample_0_cc_e0.05_L0.3_ipc_20260719_175011.png
  top design (for stage 07): design_sample_0_cc_e0.05_L0.3_ipc_top.npz
