
====================================================================
  SAMPLE 0  lambda_j=0.1  curriculum=False
====================================================================

  TOLERANCE MODEL [ipc] x scale 1 (1-sigma perturbations; limit=3*sigma Cpk=1 convention for 'ipc'):
          VIA_RADIUS : abs 0.5 mil (limit/3)      sigma_phys=0.5 mil        sigma_norm=0.1073
      ANTIPAD_RADIUS : abs 0.67 mil (limit/3)     sigma_phys=0.67 mil        sigma_norm=0.1207
               PITCH : abs 0.33 mil (limit/3)     sigma_phys=0.33 mil        sigma_norm=0.0386
               TDIEL : rel +/-3.3% (limit/3)      sigma_phys=0.6077 feat-units sigma_norm=0.0277
                TMET : rel +/-3.3% (limit/3)      sigma_phys=0.07233 feat-units sigma_norm=0.0739
        PERMITTIVITY : rel +/-0.67% (limit/3)     sigma_phys=0.01959 feat-units sigma_norm=0.0305
        CONDUCTIVITY : rel +/-3.3% (limit/3)      sigma_phys=0.01423 decades    sigma_norm=0.3035
         LOSSTANGENT : rel +/-3.3% (limit/3)      sigma_phys=0.01423 decades    sigma_norm=0.0351
  (IPC gives ACCEPTANCE LIMITS, not process sigmas; limit/3 is a stated Cpk=1 assumption. CONDUCTIVITY entry is an engineering assumption with no standards anchor. See PartC_Yield_Plan_v3.md.)

=== YIELD TTO [cc_e0.2_L0.3_ipc] sample 0: 12 restarts x 150 steps
    eps=0.2 -> kappa=2.00  lambda_cc=0.3  [Cantelli chance constraint]
    spec: eye-band IL >= target-1.0 dB, RL <= -8.0 dB | tol_frac=0.1
  restart 00 | eye-fit  2.49 dB | sens  0.01176 | yield  99.9% [99.6,99.9] | max|x| 2.51
  restart 01 | eye-fit  1.44 dB | sens  0.00391 | yield  86.8% [85.2,88.2] | max|x| 2.43
  restart 02 | eye-fit  2.88 dB | sens  0.01132 | yield  97.1% [96.3,97.7] | max|x| 2.44
  restart 03 | eye-fit  2.47 dB | sens  0.01473 | yield  98.0% [97.3,98.5] | max|x| 2.56
  restart 04 | eye-fit  2.44 dB | sens  0.01216 | yield  99.1% [98.6,99.4] | max|x| 2.59
  restart 05 | eye-fit  3.62 dB | sens  0.00994 | yield  99.2% [98.6,99.5] | max|x| 2.55
  restart 06 | eye-fit  3.64 dB | sens  0.00953 | yield  99.9% [99.6,99.9] | max|x| 2.49
  restart 07 | eye-fit  2.46 dB | sens  0.01298 | yield  99.2% [98.8,99.5] | max|x| 2.50
  restart 08 | eye-fit  2.97 dB | sens  0.00544 | yield  93.6% [92.4,94.6] | max|x| 2.53
  restart 09 | eye-fit  2.60 dB | sens  0.01335 | yield  99.2% [98.7,99.5] | max|x| 2.52
  restart 10 | eye-fit  1.47 dB | sens  0.00416 | yield  95.2% [94.2,96.1] | max|x| 2.24
  restart 11 | eye-fit  2.55 dB | sens  0.01324 | yield  99.4% [99.0,99.7] | max|x| 2.49

  fit gate (1.5 dB eye-band): 2/12 candidates pass
  portfolio diversity: pairwise |dx| mean 1.342, max 1.342 (normalized units; ~0 would mean all restarts found the same design)

======================================================================
  RANKED PORTFOLIO (top 5)  sample 0  [cc_e0.2_L0.3_ipc]
======================================================================
  rank eye-fit dB  yield %       sens file
     1       1.47     95.2    0.00417 design_sample_0_cc_e0.2_L0.3_ipc_r10.npz
     2       1.44     86.8    0.00391 design_sample_0_cc_e0.2_L0.3_ipc_r01.npz

  csv    : portfolio_sample_0_cc_e0.2_L0.3_ipc_20260719_173819.csv
  pareto : pareto_sample_0_cc_e0.2_L0.3_ipc_20260719_173819.png
  top design (for stage 07): design_sample_0_cc_e0.2_L0.3_ipc_top.npz
