
====================================================================
  SAMPLE 0  lambda_j=0.0  curriculum=False
====================================================================

  TOLERANCE MODEL [ipc] x scale 1 (1-sigma perturbations; limit=3*sigma Cpk=1 convention for 'ipc'):
          VIA_RADIUS : abs 0.5 mil (limit/3)      sigma_phys=0.5 mil        sigma_norm=0.1073
      ANTIPAD_RADIUS : abs 0.67 mil (limit/3)     sigma_phys=0.67 mil        sigma_norm=0.1207
               PITCH : abs 0.33 mil (limit/3)     sigma_phys=0.33 mil        sigma_norm=0.0386
               TDIEL : rel +/-3.3% (limit/3)      sigma_phys=0.6077 feat-units sigma_norm=0.0277
                TMET : rel +/-3.3% (limit/3)      sigma_phys=0.07233 feat-units sigma_norm=0.0739
        PERMITTIVITY : rel +/-0.67% (limit/3)     sigma_phys=0.01959 feat-units sigma_norm=0.0305
        CONDUCTIVITY : rel +/-3.3% (limit/3)      sigma_phys=0.01423 decades    sigma_norm=0.3035
         LOSSTANGENT : rel +/-3.3% (limit/3)      sigma_phys=0.01423 decades    sigma_norm=0.0351
  (IPC gives ACCEPTANCE LIMITS, not process sigmas; limit/3 is a stated Cpk=1 assumption. CONDUCTIVITY entry is an engineering assumption with no standards anchor. See PartC_Yield_Plan_v3.md.)

=== YIELD TTO [var_L0_ipc] sample 0: 12 restarts x 150 steps
    lambda_j=0.0  [ABLATION: variance proxy]
    spec: eye-band IL >= target-1.0 dB, RL <= -8.0 dB | tol_frac=0.1
  restart 00 | eye-fit  0.70 dB | sens  0.00755 | yield  54.8% [52.6,57.0] | max|x| 1.60
  restart 01 | eye-fit  0.69 dB | sens  0.00743 | yield  53.9% [51.8,56.1] | max|x| 1.59
  restart 02 | eye-fit  0.70 dB | sens  0.00757 | yield  52.1% [49.9,54.3] | max|x| 1.60
  restart 03 | eye-fit  0.70 dB | sens  0.00750 | yield  53.8% [51.6,56.0] | max|x| 1.60
  restart 04 | eye-fit  0.70 dB | sens  0.00757 | yield  53.0% [50.8,55.2] | max|x| 1.60
  restart 05 | eye-fit  2.76 dB | sens  0.00310 | yield   0.0% [0.0,0.2] | max|x| 1.41
  restart 06 | eye-fit  2.76 dB | sens  0.00308 | yield   0.0% [0.0,0.2] | max|x| 1.41
  restart 07 | eye-fit  0.70 dB | sens  0.00758 | yield  54.7% [52.5,56.9] | max|x| 1.60
  restart 08 | eye-fit  0.70 dB | sens  0.00756 | yield  54.9% [52.7,57.0] | max|x| 1.60
  restart 09 | eye-fit  2.76 dB | sens  0.00308 | yield   0.0% [0.0,0.2] | max|x| 1.41
  restart 10 | eye-fit  2.76 dB | sens  0.00309 | yield   0.0% [0.0,0.2] | max|x| 1.41
  restart 11 | eye-fit  2.76 dB | sens  0.00309 | yield   0.0% [0.0,0.2] | max|x| 1.41

  fit gate (1.5 dB eye-band): 7/12 candidates pass
  portfolio diversity: pairwise |dx| mean 0.025, max 0.082 (normalized units; ~0 would mean all restarts found the same design)

======================================================================
  RANKED PORTFOLIO (top 5)  sample 0  [var_L0_ipc]
======================================================================
  rank eye-fit dB  yield %       sens file
     1       0.70     54.9    0.00756 design_sample_0_var_L0_ipc_r08.npz
     2       0.70     54.8    0.00755 design_sample_0_var_L0_ipc_r00.npz
     3       0.70     54.7    0.00758 design_sample_0_var_L0_ipc_r07.npz
     4       0.69     54.0    0.00743 design_sample_0_var_L0_ipc_r01.npz
     5       0.70     53.8    0.00750 design_sample_0_var_L0_ipc_r03.npz

  csv    : portfolio_sample_0_var_L0_ipc_20260718_212517.csv
  pareto : pareto_sample_0_var_L0_ipc_20260718_212517.png
  top design (for stage 07): design_sample_0_var_L0_ipc_top.npz
