
====================================================================
  SAMPLE 1260  lambda_j=0.1  curriculum=False
====================================================================

  TOLERANCE MODEL [ipc] x scale 1 (1-sigma perturbations; limit=3*sigma Cpk=1 convention for 'ipc'):
          VIA_RADIUS : abs 0.5 mil (limit/3)      sigma_phys=0.5 mil        sigma_norm=0.1073
      ANTIPAD_RADIUS : abs 0.67 mil (limit/3)     sigma_phys=0.67 mil        sigma_norm=0.1207
               PITCH : abs 0.33 mil (limit/3)     sigma_phys=0.33 mil        sigma_norm=0.0386
               TDIEL : rel +/-3.3% (limit/3)      sigma_phys=0.9074 feat-units sigma_norm=0.0413
                TMET : rel +/-3.3% (limit/3)      sigma_phys=0.08801 feat-units sigma_norm=0.0899
        PERMITTIVITY : rel +/-0.67% (limit/3)     sigma_phys=0.02094 feat-units sigma_norm=0.0326
        CONDUCTIVITY : rel +/-3.3% (limit/3)      sigma_phys=0.01423 decades    sigma_norm=0.3035
         LOSSTANGENT : rel +/-3.3% (limit/3)      sigma_phys=0.01423 decades    sigma_norm=0.0351
  (IPC gives ACCEPTANCE LIMITS, not process sigmas; limit/3 is a stated Cpk=1 assumption. CONDUCTIVITY entry is an engineering assumption with no standards anchor. See PartC_Yield_Plan_v3.md.)

=== YIELD TTO [cc_e0.2_L1_ipc] sample 1260: 12 restarts x 150 steps
    eps=0.2 -> kappa=2.00  lambda_cc=1.0  [Cantelli chance constraint]
    spec: eye-band IL >= target-1.0 dB, RL <= -8.0 dB | tol_frac=0.1
  restart 00 | eye-fit  2.18 dB | sens  0.00186 | yield  97.5% [96.7,98.1] | max|x| 3.49
  restart 01 | eye-fit  2.02 dB | sens  0.00165 | yield  95.5% [94.5,96.3] | max|x| 3.72
  restart 02 | eye-fit  2.09 dB | sens  0.00164 | yield  96.0% [95.0,96.8] | max|x| 3.62
  restart 03 | eye-fit  2.42 dB | sens  0.00258 | yield  97.7% [96.9,98.3] | max|x| 3.08
  restart 04 | eye-fit  1.96 dB | sens  0.00162 | yield  94.4% [93.3,95.3] | max|x| 3.65
  restart 05 | eye-fit  2.18 dB | sens  0.00199 | yield  96.3% [95.4,97.0] | max|x| 3.26
  restart 06 | eye-fit  1.99 dB | sens  0.00159 | yield  96.5% [95.6,97.2] | max|x| 3.68
  restart 07 | eye-fit  2.18 dB | sens  0.00187 | yield  97.4% [96.6,98.0] | max|x| 3.36
  restart 08 | eye-fit  2.06 dB | sens  0.00177 | yield  96.7% [95.8,97.4] | max|x| 3.59
  restart 09 | eye-fit  2.13 dB | sens  0.00182 | yield  97.2% [96.3,97.8] | max|x| 3.46
  restart 10 | eye-fit  2.09 dB | sens  0.00126 | yield  99.0% [98.4,99.3] | max|x| 4.15
  restart 11 | eye-fit  2.19 dB | sens  0.00204 | yield  97.3% [96.5,97.9] | max|x| 3.47

  fit gate (1.5 dB eye-band): 0/12 candidates pass
  [warn] nothing passed the gate -- ranking ALL candidates by yield anyway; consider raising --fit-gate or lowering lambda_j
  portfolio diversity: pairwise |dx| mean 2.231, max 4.054 (normalized units; ~0 would mean all restarts found the same design)

======================================================================
  RANKED PORTFOLIO (top 5)  sample 1260  [cc_e0.2_L1_ipc]
======================================================================
  rank eye-fit dB  yield %       sens file
     1       2.09     99.0    0.00127 design_sample_1260_cc_e0.2_L1_ipc_r10.npz
     2       2.42     97.7    0.00258 design_sample_1260_cc_e0.2_L1_ipc_r03.npz
     3       2.18     97.5    0.00186 design_sample_1260_cc_e0.2_L1_ipc_r00.npz
     4       2.18     97.4    0.00187 design_sample_1260_cc_e0.2_L1_ipc_r07.npz
     5       2.19     97.3    0.00204 design_sample_1260_cc_e0.2_L1_ipc_r11.npz

  csv    : portfolio_sample_1260_cc_e0.2_L1_ipc_20260729_220023.csv
  pareto : pareto_sample_1260_cc_e0.2_L1_ipc_20260729_220023.png
  top design (for stage 07): design_sample_1260_cc_e0.2_L1_ipc_top.npz
