
====================================================================
  SAMPLE 0  lambda_j=0.1  curriculum=False
====================================================================

  TOLERANCE MODEL [ipc] x scale 1 (1-sigma perturbations; limit=3*sigma Cpk=1 convention for 'ipc'):
          VIA_RADIUS : abs 0.5 mil (limit/3)      sigma_phys=0.5 mil        sigma_norm=0.1073
      ANTIPAD_RADIUS : abs 0.67 mil (limit/3)     sigma_phys=0.67 mil        sigma_norm=0.1207
               PITCH : abs 0.33 mil (limit/3)     sigma_phys=0.33 mil        sigma_norm=0.0386
               TDIEL : rel +/-3.3% (limit/3)      sigma_phys=0.6077 feat-units sigma_norm=0.0277
                TMET : rel +/-3.3% (limit/3)      sigma_phys=0.07233 feat-units sigma_norm=0.0739
        PERMITTIVITY : rel +/-0.67% (limit/3)     sigma_phys=0.01959 feat-units sigma_norm=0.0305
        CONDUCTIVITY : rel +/-3.3% (limit/3)      sigma_phys=0.01423 decades    sigma_norm=0.3035
         LOSSTANGENT : rel +/-3.3% (limit/3)      sigma_phys=0.01423 decades    sigma_norm=0.0351
  (IPC gives ACCEPTANCE LIMITS, not process sigmas; limit/3 is a stated Cpk=1 assumption. CONDUCTIVITY entry is an engineering assumption with no standards anchor. See PartC_Yield_Plan_v3.md.)

=== YIELD TTO [cc_e0.3_L1_ipc] sample 0: 12 restarts x 150 steps
    eps=0.3 -> kappa=1.53  lambda_cc=1.0  [Cantelli chance constraint]
    spec: eye-band IL >= target-1.0 dB, RL <= -8.0 dB | tol_frac=0.1
  restart 00 | eye-fit  2.04 dB | sens  0.01112 | yield  97.4% [96.6,98.0] | max|x| 2.75
  restart 01 | eye-fit  1.28 dB | sens  0.00412 | yield  84.3% [82.6,85.8] | max|x| 2.62
  restart 02 | eye-fit  3.28 dB | sens  0.01443 | yield  97.2% [96.4,97.9] | max|x| 3.20
  restart 03 | eye-fit  2.14 dB | sens  0.01368 | yield  96.3% [95.4,97.0] | max|x| 2.92
  restart 04 | eye-fit  1.84 dB | sens  0.00990 | yield  96.8% [95.9,97.5] | max|x| 3.71
  restart 05 | eye-fit  2.49 dB | sens  0.00967 | yield  98.7% [98.0,99.1] | max|x| 2.81
  restart 06 | eye-fit  2.84 dB | sens  0.01046 | yield  99.4% [98.9,99.6] | max|x| 2.35
  restart 07 | eye-fit  2.03 dB | sens  0.01120 | yield  96.5% [95.7,97.3] | max|x| 3.01
  restart 08 | eye-fit  2.79 dB | sens  0.00523 | yield  90.1% [88.8,91.4] | max|x| 3.65
  restart 09 | eye-fit  2.43 dB | sens  0.01557 | yield  97.0% [96.2,97.7] | max|x| 2.38
  restart 10 | eye-fit  1.28 dB | sens  0.00435 | yield  88.1% [86.6,89.4] | max|x| 2.09
  restart 11 | eye-fit  2.04 dB | sens  0.01224 | yield  98.2% [97.5,98.7] | max|x| 2.62

  fit gate (1.5 dB eye-band): 2/12 candidates pass
  portfolio diversity: pairwise |dx| mean 1.728, max 1.728 (normalized units; ~0 would mean all restarts found the same design)

======================================================================
  RANKED PORTFOLIO (top 5)  sample 0  [cc_e0.3_L1_ipc]
======================================================================
  rank eye-fit dB  yield %       sens file
     1       1.27     88.1    0.00436 design_sample_0_cc_e0.3_L1_ipc_r10.npz
     2       1.28     84.3    0.00412 design_sample_0_cc_e0.3_L1_ipc_r01.npz

  csv    : portfolio_sample_0_cc_e0.3_L1_ipc_20260718_213348.csv
  pareto : pareto_sample_0_cc_e0.3_L1_ipc_20260718_213348.png
  top design (for stage 07): design_sample_0_cc_e0.3_L1_ipc_top.npz
