
====================================================================
  SAMPLE 0  lambda_j=1.0  curriculum=False
====================================================================

  TOLERANCE MODEL [ipc] x scale 1 (1-sigma perturbations; limit=3*sigma Cpk=1 convention for 'ipc'):
          VIA_RADIUS : abs 0.5 mil (limit/3)      sigma_phys=0.5 mil        sigma_norm=0.1073
      ANTIPAD_RADIUS : abs 0.67 mil (limit/3)     sigma_phys=0.67 mil        sigma_norm=0.1207
               PITCH : abs 0.33 mil (limit/3)     sigma_phys=0.33 mil        sigma_norm=0.0386
               TDIEL : rel +/-3.3% (limit/3)      sigma_phys=0.6077 feat-units sigma_norm=0.0277
                TMET : rel +/-3.3% (limit/3)      sigma_phys=0.07233 feat-units sigma_norm=0.0739
        PERMITTIVITY : rel +/-0.67% (limit/3)     sigma_phys=0.01959 feat-units sigma_norm=0.0305
        CONDUCTIVITY : rel +/-3.3% (limit/3)      sigma_phys=0.01423 decades    sigma_norm=0.3035
         LOSSTANGENT : rel +/-3.3% (limit/3)      sigma_phys=0.01423 decades    sigma_norm=0.0351
  (IPC gives ACCEPTANCE LIMITS, not process sigmas; limit/3 is a stated Cpk=1 assumption. CONDUCTIVITY entry is an engineering assumption with no standards anchor. See PartC_Yield_Plan_v3.md.)

=== YIELD TTO [var_L1_ipc] sample 0: 12 restarts x 150 steps
    lambda_j=1.0  [ABLATION: variance proxy]
    spec: eye-band IL >= target-1.0 dB, RL <= -8.0 dB | tol_frac=0.1
  restart 00 | eye-fit  0.67 dB | sens  0.00646 | yield  47.9% [45.7,50.1] | max|x| 1.49
  restart 01 | eye-fit  0.67 dB | sens  0.00642 | yield  47.3% [45.1,49.5] | max|x| 1.48
  restart 02 | eye-fit  0.67 dB | sens  0.00644 | yield  45.2% [43.1,47.4] | max|x| 1.49
  restart 03 | eye-fit  0.67 dB | sens  0.00643 | yield  47.5% [45.4,49.7] | max|x| 1.49
  restart 04 | eye-fit  0.67 dB | sens  0.00644 | yield  47.3% [45.2,49.5] | max|x| 1.49
  restart 05 | eye-fit  2.79 dB | sens  0.00296 | yield   0.0% [0.0,0.2] | max|x| 1.38
  restart 06 | eye-fit  2.79 dB | sens  0.00297 | yield   0.0% [0.0,0.2] | max|x| 1.38
  restart 07 | eye-fit  0.67 dB | sens  0.00643 | yield  48.5% [46.3,50.7] | max|x| 1.49
  restart 08 | eye-fit  0.67 dB | sens  0.00647 | yield  48.6% [46.5,50.8] | max|x| 1.49
  restart 09 | eye-fit  2.79 dB | sens  0.00297 | yield   0.0% [0.0,0.2] | max|x| 1.38
  restart 10 | eye-fit  2.79 dB | sens  0.00297 | yield   0.0% [0.0,0.2] | max|x| 1.38
  restart 11 | eye-fit  2.79 dB | sens  0.00298 | yield   0.0% [0.0,0.2] | max|x| 1.38

  fit gate (1.5 dB eye-band): 7/12 candidates pass
  portfolio diversity: pairwise |dx| mean 0.013, max 0.041 (normalized units; ~0 would mean all restarts found the same design)

======================================================================
  RANKED PORTFOLIO (top 5)  sample 0  [var_L1_ipc]
======================================================================
  rank eye-fit dB  yield %       sens file
     1       0.67     48.6    0.00647 design_sample_0_var_L1_ipc_r08.npz
     2       0.67     48.5    0.00643 design_sample_0_var_L1_ipc_r07.npz
     3       0.67     47.9    0.00646 design_sample_0_var_L1_ipc_r00.npz
     4       0.67     47.5    0.00643 design_sample_0_var_L1_ipc_r03.npz
     5       0.67     47.4    0.00644 design_sample_0_var_L1_ipc_r04.npz

  csv    : portfolio_sample_0_var_L1_ipc_20260718_212725.csv
  pareto : pareto_sample_0_var_L1_ipc_20260718_212725.png
  top design (for stage 07): design_sample_0_var_L1_ipc_top.npz
