
====================================================================
  SAMPLE 9678  lambda_j=0.1  curriculum=False
====================================================================

  TOLERANCE MODEL [ipc] x scale 1 (1-sigma perturbations; limit=3*sigma Cpk=1 convention for 'ipc'):
          VIA_RADIUS : abs 0.5 mil (limit/3)      sigma_phys=0.5 mil        sigma_norm=0.1073
      ANTIPAD_RADIUS : abs 0.67 mil (limit/3)     sigma_phys=0.67 mil        sigma_norm=0.1207
               PITCH : abs 0.33 mil (limit/3)     sigma_phys=0.33 mil        sigma_norm=0.0386
               TDIEL : rel +/-3.3% (limit/3)      sigma_phys=1.766 feat-units sigma_norm=0.0805
                TMET : rel +/-3.3% (limit/3)      sigma_phys=0.05208 feat-units sigma_norm=0.0532
        PERMITTIVITY : rel +/-0.67% (limit/3)     sigma_phys=0.02921 feat-units sigma_norm=0.0455
        CONDUCTIVITY : rel +/-3.3% (limit/3)      sigma_phys=0.01423 decades    sigma_norm=0.3035
         LOSSTANGENT : rel +/-3.3% (limit/3)      sigma_phys=0.01423 decades    sigma_norm=0.0351
  (IPC gives ACCEPTANCE LIMITS, not process sigmas; limit/3 is a stated Cpk=1 assumption. CONDUCTIVITY entry is an engineering assumption with no standards anchor. See PartC_Yield_Plan_v3.md.)

=== YIELD TTO [wc_L0.3_ipc] sample 9678: 12 restarts x 150 steps
    lambda_cc=0.3  [Wang/Sigmund worst-case corners]
    spec: eye-band IL >= target-1.0 dB, RL <= -8.0 dB | tol_frac=0.1
  restart 00 | eye-fit  2.59 dB | sens  0.01467 | yield  63.4% [61.3,65.5] | max|x| 2.11
  restart 01 | eye-fit  2.30 dB | sens  0.01214 | yield  73.3% [71.3,75.2] | max|x| 2.15
  restart 02 | eye-fit  3.34 dB | sens  0.01544 | yield  79.1% [77.3,80.9] | max|x| 2.49
  restart 03 | eye-fit  2.43 dB | sens  0.01305 | yield  69.2% [67.2,71.2] | max|x| 2.14
  restart 04 | eye-fit  2.64 dB | sens  0.01398 | yield  65.1% [63.0,67.2] | max|x| 2.04
  restart 05 | eye-fit  3.50 dB | sens  0.01151 | yield   1.1% [0.8,1.7] | max|x| 1.99
  restart 06 | eye-fit  3.47 dB | sens  0.03061 | yield  45.4% [43.2,47.5] | max|x| 2.59
  restart 07 | eye-fit  2.26 dB | sens  0.01546 | yield  66.8% [64.8,68.9] | max|x| 2.24
  restart 08 | eye-fit  3.16 dB | sens  0.02054 | yield  78.8% [77.0,80.6] | max|x| 2.09
  restart 09 | eye-fit  3.35 dB | sens  0.01343 | yield  61.4% [59.2,63.5] | max|x| 2.26
  restart 10 | eye-fit  3.08 dB | sens  0.01590 | yield  72.2% [70.2,74.1] | max|x| 2.19
  restart 11 | eye-fit  3.36 dB | sens  0.01348 | yield  75.5% [73.6,77.4] | max|x| 2.74

  fit gate (3.0 dB eye-band): 5/12 candidates pass
  portfolio diversity: pairwise |dx| mean 2.234, max 4.212 (normalized units; ~0 would mean all restarts found the same design)

======================================================================
  RANKED PORTFOLIO (top 5)  sample 9678  [wc_L0.3_ipc]
======================================================================
  rank eye-fit dB  yield %       sens file
     1       2.30     73.3    0.01214 design_sample_9678_wc_L0.3_ipc_r01.npz
     2       2.43     69.2    0.01305 design_sample_9678_wc_L0.3_ipc_r03.npz
     3       2.26     66.8    0.01546 design_sample_9678_wc_L0.3_ipc_r07.npz
     4       2.64     65.1    0.01398 design_sample_9678_wc_L0.3_ipc_r04.npz
     5       2.59     63.5    0.01467 design_sample_9678_wc_L0.3_ipc_r00.npz

  csv    : portfolio_sample_9678_wc_L0.3_ipc_20260729_233313.csv
  pareto : pareto_sample_9678_wc_L0.3_ipc_20260729_233313.png
  top design (for stage 07): design_sample_9678_wc_L0.3_ipc_top.npz
