
====================================================================
  SAMPLE 3124  lambda_j=0.1  curriculum=False
====================================================================

  TOLERANCE MODEL [ipc] x scale 1 (1-sigma perturbations; limit=3*sigma Cpk=1 convention for 'ipc'):
          VIA_RADIUS : abs 0.5 mil (limit/3)      sigma_phys=0.5 mil        sigma_norm=0.1073
      ANTIPAD_RADIUS : abs 0.67 mil (limit/3)     sigma_phys=0.67 mil        sigma_norm=0.1207
               PITCH : abs 0.33 mil (limit/3)     sigma_phys=0.33 mil        sigma_norm=0.0386
               TDIEL : rel +/-3.3% (limit/3)      sigma_phys=1.001 feat-units sigma_norm=0.0456
                TMET : rel +/-3.3% (limit/3)      sigma_phys=0.1276 feat-units sigma_norm=0.1303
        PERMITTIVITY : rel +/-0.67% (limit/3)     sigma_phys=0.02827 feat-units sigma_norm=0.0441
        CONDUCTIVITY : rel +/-3.3% (limit/3)      sigma_phys=0.01423 decades    sigma_norm=0.3035
         LOSSTANGENT : rel +/-3.3% (limit/3)      sigma_phys=0.01423 decades    sigma_norm=0.0351
  (IPC gives ACCEPTANCE LIMITS, not process sigmas; limit/3 is a stated Cpk=1 assumption. CONDUCTIVITY entry is an engineering assumption with no standards anchor. See PartC_Yield_Plan_v3.md.)

=== YIELD TTO [wc_L1_ipc] sample 3124: 12 restarts x 150 steps
    lambda_cc=1.0  [Wang/Sigmund worst-case corners]
    spec: eye-band IL >= target-1.0 dB, RL <= -8.0 dB | tol_frac=0.1
  restart 00 | eye-fit  3.49 dB | sens  0.00562 | yield  57.0% [54.9,59.2] | max|x| 3.15
  restart 01 | eye-fit  3.55 dB | sens  0.00463 | yield  45.5% [43.3,47.6] | max|x| 3.26
  restart 02 | eye-fit  1.92 dB | sens  0.00350 | yield   0.0% [0.0,0.2] | max|x| 2.25
  restart 03 | eye-fit  1.98 dB | sens  0.00373 | yield  13.7% [12.3,15.3] | max|x| 4.63
  restart 04 | eye-fit  3.32 dB | sens  0.00522 | yield  38.9% [36.7,41.0] | max|x| 4.91
  restart 05 | eye-fit  2.75 dB | sens  0.00242 | yield   0.0% [0.0,0.2] | max|x| 4.09
  restart 06 | eye-fit  2.89 dB | sens  0.00309 | yield   0.0% [0.0,0.2] | max|x| 2.45
  restart 07 | eye-fit  3.01 dB | sens  0.00422 | yield   1.6% [1.1,2.2] | max|x| 2.95
  restart 08 | eye-fit  2.08 dB | sens  0.00295 | yield   0.0% [0.0,0.2] | max|x| 3.79
  restart 09 | eye-fit  2.10 dB | sens  0.00273 | yield   0.0% [0.0,0.2] | max|x| 2.93
  restart 10 | eye-fit  2.35 dB | sens  0.00323 | yield   0.0% [0.0,0.2] | max|x| 3.83
  restart 11 | eye-fit  1.89 dB | sens  0.00298 | yield   0.0% [0.0,0.2] | max|x| 2.60

  fit gate (1.5 dB eye-band): 0/12 candidates pass
  [warn] nothing passed the gate -- ranking ALL candidates by yield anyway; consider raising --fit-gate or lowering lambda_j
  portfolio diversity: pairwise |dx| mean 4.393, max 8.402 (normalized units; ~0 would mean all restarts found the same design)

======================================================================
  RANKED PORTFOLIO (top 5)  sample 3124  [wc_L1_ipc]
======================================================================
  rank eye-fit dB  yield %       sens file
     1       3.49     57.0    0.00562 design_sample_3124_wc_L1_ipc_r00.npz
     2       3.55     45.5    0.00463 design_sample_3124_wc_L1_ipc_r01.npz
     3       3.32     38.9    0.00522 design_sample_3124_wc_L1_ipc_r04.npz
     4       1.98     13.7    0.00373 design_sample_3124_wc_L1_ipc_r03.npz
     5       3.01      1.6    0.00422 design_sample_3124_wc_L1_ipc_r07.npz

  csv    : portfolio_sample_3124_wc_L1_ipc_20260729_235117.csv
  pareto : pareto_sample_3124_wc_L1_ipc_20260729_235117.png
  top design (for stage 07): design_sample_3124_wc_L1_ipc_top.npz
