
====================================================================
  SAMPLE 9678  lambda_j=0.1  curriculum=False
====================================================================

  TOLERANCE MODEL [ipc] x scale 1 (1-sigma perturbations; limit=3*sigma Cpk=1 convention for 'ipc'):
          VIA_RADIUS : abs 0.5 mil (limit/3)      sigma_phys=0.5 mil        sigma_norm=0.1073
      ANTIPAD_RADIUS : abs 0.67 mil (limit/3)     sigma_phys=0.67 mil        sigma_norm=0.1207
               PITCH : abs 0.33 mil (limit/3)     sigma_phys=0.33 mil        sigma_norm=0.0386
               TDIEL : rel +/-3.3% (limit/3)      sigma_phys=1.766 feat-units sigma_norm=0.0805
                TMET : rel +/-3.3% (limit/3)      sigma_phys=0.05208 feat-units sigma_norm=0.0532
        PERMITTIVITY : rel +/-0.67% (limit/3)     sigma_phys=0.02921 feat-units sigma_norm=0.0455
        CONDUCTIVITY : rel +/-3.3% (limit/3)      sigma_phys=0.01423 decades    sigma_norm=0.3035
         LOSSTANGENT : rel +/-3.3% (limit/3)      sigma_phys=0.01423 decades    sigma_norm=0.0351
  (IPC gives ACCEPTANCE LIMITS, not process sigmas; limit/3 is a stated Cpk=1 assumption. CONDUCTIVITY entry is an engineering assumption with no standards anchor. See PartC_Yield_Plan_v3.md.)

=== YIELD TTO [wc_L1_ipc] sample 9678: 12 restarts x 150 steps
    lambda_cc=1.0  [Wang/Sigmund worst-case corners]
    spec: eye-band IL >= target-1.0 dB, RL <= -8.0 dB | tol_frac=0.1
  restart 00 | eye-fit  2.58 dB | sens  0.01552 | yield  64.8% [62.7,66.9] | max|x| 2.02
  restart 01 | eye-fit  2.80 dB | sens  0.01403 | yield  81.4% [79.6,83.0] | max|x| 1.86
  restart 02 | eye-fit  3.38 dB | sens  0.01461 | yield  74.1% [72.1,76.0] | max|x| 2.44
  restart 03 | eye-fit  2.62 dB | sens  0.01295 | yield  74.5% [72.5,76.4] | max|x| 1.96
  restart 04 | eye-fit  2.65 dB | sens  0.01724 | yield  79.5% [77.6,81.2] | max|x| 1.73
  restart 05 | eye-fit  3.57 dB | sens  0.01152 | yield   2.0% [1.5,2.7] | max|x| 1.96
  restart 06 | eye-fit  3.56 dB | sens  0.03136 | yield  54.4% [52.3,56.6] | max|x| 2.61
  restart 07 | eye-fit  2.37 dB | sens  0.01673 | yield  74.6% [72.6,76.4] | max|x| 2.57
  restart 08 | eye-fit  3.38 dB | sens  0.02020 | yield  78.8% [77.0,80.6] | max|x| 2.14
  restart 09 | eye-fit  3.38 dB | sens  0.01355 | yield  62.2% [60.1,64.3] | max|x| 2.23
  restart 10 | eye-fit  3.19 dB | sens  0.01598 | yield  71.0% [69.0,73.0] | max|x| 2.07
  restart 11 | eye-fit  3.42 dB | sens  0.01352 | yield  74.6% [72.6,76.5] | max|x| 2.73

  fit gate (1.5 dB eye-band): 0/12 candidates pass
  [warn] nothing passed the gate -- ranking ALL candidates by yield anyway; consider raising --fit-gate or lowering lambda_j
  portfolio diversity: pairwise |dx| mean 2.414, max 4.608 (normalized units; ~0 would mean all restarts found the same design)

======================================================================
  RANKED PORTFOLIO (top 5)  sample 9678  [wc_L1_ipc]
======================================================================
  rank eye-fit dB  yield %       sens file
     1       2.80     81.4    0.01403 design_sample_9678_wc_L1_ipc_r01.npz
     2       2.65     79.5    0.01724 design_sample_9678_wc_L1_ipc_r04.npz
     3       3.38     78.8    0.02020 design_sample_9678_wc_L1_ipc_r08.npz
     4       3.42     74.6    0.01352 design_sample_9678_wc_L1_ipc_r11.npz
     5       2.37     74.5    0.01673 design_sample_9678_wc_L1_ipc_r07.npz

  csv    : portfolio_sample_9678_wc_L1_ipc_20260729_231903.csv
  pareto : pareto_sample_9678_wc_L1_ipc_20260729_231903.png
  top design (for stage 07): design_sample_9678_wc_L1_ipc_top.npz
