
====================================================================
  SAMPLE 441  lambda_j=0.1  curriculum=False
====================================================================

  TOLERANCE MODEL [ipc] x scale 1 (1-sigma perturbations; limit=3*sigma Cpk=1 convention for 'ipc'):
          VIA_RADIUS : abs 0.5 mil (limit/3)      sigma_phys=0.5 mil        sigma_norm=0.1073
      ANTIPAD_RADIUS : abs 0.67 mil (limit/3)     sigma_phys=0.67 mil        sigma_norm=0.1207
               PITCH : abs 0.33 mil (limit/3)     sigma_phys=0.33 mil        sigma_norm=0.0386
               TDIEL : rel +/-3.3% (limit/3)      sigma_phys=1.659 feat-units sigma_norm=0.0756
                TMET : rel +/-3.3% (limit/3)      sigma_phys=0.05141 feat-units sigma_norm=0.0525
        PERMITTIVITY : rel +/-0.67% (limit/3)     sigma_phys=0.01963 feat-units sigma_norm=0.0306
        CONDUCTIVITY : rel +/-3.3% (limit/3)      sigma_phys=0.01423 decades    sigma_norm=0.3035
         LOSSTANGENT : rel +/-3.3% (limit/3)      sigma_phys=0.01423 decades    sigma_norm=0.0351
  (IPC gives ACCEPTANCE LIMITS, not process sigmas; limit/3 is a stated Cpk=1 assumption. CONDUCTIVITY entry is an engineering assumption with no standards anchor. See PartC_Yield_Plan_v3.md.)

=== YIELD TTO [wc_L1_ipc] sample 441: 12 restarts x 150 steps
    lambda_cc=1.0  [Wang/Sigmund worst-case corners]
    spec: eye-band IL >= target-1.0 dB, RL <= -8.0 dB | tol_frac=0.1
  restart 00 | eye-fit  3.22 dB | sens  0.00943 | yield  62.4% [60.3,64.5] | max|x| 3.95
  restart 01 | eye-fit  4.60 dB | sens  0.00688 | yield  56.6% [54.5,58.8] | max|x| 2.84
  restart 02 | eye-fit  2.51 dB | sens  0.00686 | yield  24.9% [23.0,26.8] | max|x| 4.22
  restart 03 | eye-fit  2.50 dB | sens  0.00874 | yield  24.2% [22.4,26.1] | max|x| 3.61
  restart 04 | eye-fit  3.15 dB | sens  0.00934 | yield  43.9% [41.7,46.1] | max|x| 3.69
  restart 05 | eye-fit  2.67 dB | sens  0.00602 | yield  36.2% [34.2,38.4] | max|x| 3.80
  restart 06 | eye-fit  2.39 dB | sens  0.00798 | yield   1.9% [1.4,2.6] | max|x| 2.37
  restart 07 | eye-fit  2.68 dB | sens  0.00613 | yield  29.1% [27.2,31.1] | max|x| 2.82
  restart 08 | eye-fit  2.83 dB | sens  0.00655 | yield  51.0% [48.8,53.2] | max|x| 3.41
  restart 09 | eye-fit  2.86 dB | sens  0.00808 | yield  43.1% [41.0,45.3] | max|x| 2.58
  restart 10 | eye-fit  2.87 dB | sens  0.01073 | yield  28.3% [26.4,30.3] | max|x| 2.38
  restart 11 | eye-fit  2.82 dB | sens  0.00733 | yield  42.4% [40.3,44.6] | max|x| 3.20

  fit gate (1.5 dB eye-band): 0/12 candidates pass
  [warn] nothing passed the gate -- ranking ALL candidates by yield anyway; consider raising --fit-gate or lowering lambda_j
  portfolio diversity: pairwise |dx| mean 2.449, max 5.439 (normalized units; ~0 would mean all restarts found the same design)

======================================================================
  RANKED PORTFOLIO (top 5)  sample 441  [wc_L1_ipc]
======================================================================
  rank eye-fit dB  yield %       sens file
     1       3.22     62.4    0.00943 design_sample_441_wc_L1_ipc_r00.npz
     2       4.61     56.6    0.00688 design_sample_441_wc_L1_ipc_r01.npz
     3       2.83     51.0    0.00655 design_sample_441_wc_L1_ipc_r08.npz
     4       3.15     43.9    0.00934 design_sample_441_wc_L1_ipc_r04.npz
     5       2.86     43.1    0.00808 design_sample_441_wc_L1_ipc_r09.npz

  csv    : portfolio_sample_441_wc_L1_ipc_20260729_235405.csv
  pareto : pareto_sample_441_wc_L1_ipc_20260729_235405.png
  top design (for stage 07): design_sample_441_wc_L1_ipc_top.npz
