
====================================================================
  SAMPLE 1260  lambda_j=0.1  curriculum=False
====================================================================

  TOLERANCE MODEL [ipc] x scale 1 (1-sigma perturbations; limit=3*sigma Cpk=1 convention for 'ipc'):
          VIA_RADIUS : abs 0.5 mil (limit/3)      sigma_phys=0.5 mil        sigma_norm=0.1073
      ANTIPAD_RADIUS : abs 0.67 mil (limit/3)     sigma_phys=0.67 mil        sigma_norm=0.1207
               PITCH : abs 0.33 mil (limit/3)     sigma_phys=0.33 mil        sigma_norm=0.0386
               TDIEL : rel +/-3.3% (limit/3)      sigma_phys=0.9074 feat-units sigma_norm=0.0413
                TMET : rel +/-3.3% (limit/3)      sigma_phys=0.08801 feat-units sigma_norm=0.0899
        PERMITTIVITY : rel +/-0.67% (limit/3)     sigma_phys=0.02094 feat-units sigma_norm=0.0326
        CONDUCTIVITY : rel +/-3.3% (limit/3)      sigma_phys=0.01423 decades    sigma_norm=0.3035
         LOSSTANGENT : rel +/-3.3% (limit/3)      sigma_phys=0.01423 decades    sigma_norm=0.0351
  (IPC gives ACCEPTANCE LIMITS, not process sigmas; limit/3 is a stated Cpk=1 assumption. CONDUCTIVITY entry is an engineering assumption with no standards anchor. See PartC_Yield_Plan_v3.md.)

=== YIELD TTO [cc_e0.1_L0.3_ipc] sample 1260: 12 restarts x 150 steps
    eps=0.1 -> kappa=3.00  lambda_cc=0.3  [Cantelli chance constraint]
    spec: eye-band IL >= target-1.0 dB, RL <= -8.0 dB | tol_frac=0.1
  restart 00 | eye-fit  2.62 dB | sens  0.00247 | yield  99.2% [98.6,99.5] | max|x| 2.94
  restart 01 | eye-fit  3.03 dB | sens  0.00290 | yield  99.7% [99.3,99.8] | max|x| 2.64
  restart 02 | eye-fit  1.98 dB | sens  0.00187 | yield  95.8% [94.8,96.5] | max|x| 3.08
  restart 03 | eye-fit  3.02 dB | sens  0.00297 | yield  98.5% [97.9,98.9] | max|x| 2.70
  restart 04 | eye-fit  2.28 dB | sens  0.00203 | yield  97.4% [96.6,98.0] | max|x| 3.06
  restart 05 | eye-fit  2.68 dB | sens  0.00236 | yield  98.9% [98.3,99.2] | max|x| 2.77
  restart 06 | eye-fit  2.27 dB | sens  0.00200 | yield  98.3% [97.6,98.8] | max|x| 3.08
  restart 07 | eye-fit  2.68 dB | sens  0.00219 | yield  97.7% [96.9,98.2] | max|x| 2.96
  restart 08 | eye-fit  2.71 dB | sens  0.00241 | yield  98.5% [97.8,98.9] | max|x| 2.95
  restart 09 | eye-fit  2.34 dB | sens  0.00206 | yield  97.9% [97.1,98.4] | max|x| 3.09
  restart 10 | eye-fit  2.76 dB | sens  0.00228 | yield  99.1% [98.5,99.4] | max|x| 2.76
  restart 11 | eye-fit  2.55 dB | sens  0.00265 | yield  98.4% [97.7,98.8] | max|x| 2.95

  fit gate (1.5 dB eye-band): 0/12 candidates pass
  [warn] nothing passed the gate -- ranking ALL candidates by yield anyway; consider raising --fit-gate or lowering lambda_j
  portfolio diversity: pairwise |dx| mean 3.181, max 5.965 (normalized units; ~0 would mean all restarts found the same design)

======================================================================
  RANKED PORTFOLIO (top 5)  sample 1260  [cc_e0.1_L0.3_ipc]
======================================================================
  rank eye-fit dB  yield %       sens file
     1       3.03     99.7    0.00290 design_sample_1260_cc_e0.1_L0.3_ipc_r01.npz
     2       2.62     99.2    0.00247 design_sample_1260_cc_e0.1_L0.3_ipc_r00.npz
     3       2.76     99.0    0.00228 design_sample_1260_cc_e0.1_L0.3_ipc_r10.npz
     4       2.69     98.8    0.00236 design_sample_1260_cc_e0.1_L0.3_ipc_r05.npz
     5       3.02     98.5    0.00297 design_sample_1260_cc_e0.1_L0.3_ipc_r03.npz

  csv    : portfolio_sample_1260_cc_e0.1_L0.3_ipc_20260729_223419.csv
  pareto : pareto_sample_1260_cc_e0.1_L0.3_ipc_20260729_223419.png
  top design (for stage 07): design_sample_1260_cc_e0.1_L0.3_ipc_top.npz
