
====================================================================
  SAMPLE 5490  lambda_j=0.1  curriculum=False
====================================================================

  TOLERANCE MODEL [ipc] x scale 1 (1-sigma perturbations; limit=3*sigma Cpk=1 convention for 'ipc'):
          VIA_RADIUS : abs 0.5 mil (limit/3)      sigma_phys=0.5 mil        sigma_norm=0.1073
      ANTIPAD_RADIUS : abs 0.67 mil (limit/3)     sigma_phys=0.67 mil        sigma_norm=0.1207
               PITCH : abs 0.33 mil (limit/3)     sigma_phys=0.33 mil        sigma_norm=0.0386
               TDIEL : rel +/-3.3% (limit/3)      sigma_phys=1.481 feat-units sigma_norm=0.0675
                TMET : rel +/-3.3% (limit/3)      sigma_phys=0.08007 feat-units sigma_norm=0.0818
        PERMITTIVITY : rel +/-0.67% (limit/3)     sigma_phys=0.02606 feat-units sigma_norm=0.0406
        CONDUCTIVITY : rel +/-3.3% (limit/3)      sigma_phys=0.01423 decades    sigma_norm=0.3035
         LOSSTANGENT : rel +/-3.3% (limit/3)      sigma_phys=0.01423 decades    sigma_norm=0.0351
  (IPC gives ACCEPTANCE LIMITS, not process sigmas; limit/3 is a stated Cpk=1 assumption. CONDUCTIVITY entry is an engineering assumption with no standards anchor. See PartC_Yield_Plan_v3.md.)

=== YIELD TTO [wc_L1_ipc] sample 5490: 12 restarts x 150 steps
    lambda_cc=1.0  [Wang/Sigmund worst-case corners]
    spec: eye-band IL >= target-1.0 dB, RL <= -8.0 dB | tol_frac=0.1
  restart 00 | eye-fit  0.69 dB | sens  0.01081 | yield  98.6% [97.9,99.0] | max|x| 0.96
  restart 01 | eye-fit  0.69 dB | sens  0.01087 | yield  99.1% [98.5,99.4] | max|x| 0.96
  restart 02 | eye-fit  0.54 dB | sens  0.01183 | yield 100.0% [99.8,100.0] | max|x| 0.90
  restart 03 | eye-fit  0.69 dB | sens  0.01081 | yield  98.7% [98.1,99.1] | max|x| 0.96
  restart 04 | eye-fit  0.54 dB | sens  0.01184 | yield 100.0% [99.8,100.0] | max|x| 0.90
  restart 05 | eye-fit  0.57 dB | sens  0.01234 | yield 100.0% [99.8,100.0] | max|x| 1.51
  restart 06 | eye-fit  0.69 dB | sens  0.01087 | yield  98.8% [98.2,99.2] | max|x| 0.96
  restart 07 | eye-fit  0.69 dB | sens  0.01085 | yield  99.1% [98.5,99.4] | max|x| 0.96
  restart 08 | eye-fit  0.69 dB | sens  0.01083 | yield  98.9% [98.3,99.2] | max|x| 0.96
  restart 09 | eye-fit  0.53 dB | sens  0.01143 | yield 100.0% [99.8,100.0] | max|x| 0.88
  restart 10 | eye-fit  0.54 dB | sens  0.01183 | yield 100.0% [99.8,100.0] | max|x| 0.90
  restart 11 | eye-fit  0.52 dB | sens  0.01188 | yield 100.0% [99.8,100.0] | max|x| 0.97

  fit gate (1.5 dB eye-band): 12/12 candidates pass
  portfolio diversity: pairwise |dx| mean 0.792, max 2.692 (normalized units; ~0 would mean all restarts found the same design)

======================================================================
  RANKED PORTFOLIO (top 5)  sample 5490  [wc_L1_ipc]
======================================================================
  rank eye-fit dB  yield %       sens file
     1       0.54    100.0    0.01183 design_sample_5490_wc_L1_ipc_r02.npz
     2       0.54    100.0    0.01184 design_sample_5490_wc_L1_ipc_r04.npz
     3       0.57    100.0    0.01234 design_sample_5490_wc_L1_ipc_r05.npz
     4       0.53    100.0    0.01143 design_sample_5490_wc_L1_ipc_r09.npz
     5       0.54    100.0    0.01183 design_sample_5490_wc_L1_ipc_r10.npz

  csv    : portfolio_sample_5490_wc_L1_ipc_20260730_000503.csv
  pareto : pareto_sample_5490_wc_L1_ipc_20260730_000503.png
  top design (for stage 07): design_sample_5490_wc_L1_ipc_top.npz
