
====================================================================
  SAMPLE 1260  lambda_j=0.1  curriculum=False
====================================================================

  TOLERANCE MODEL [ipc] x scale 1 (1-sigma perturbations; limit=3*sigma Cpk=1 convention for 'ipc'):
          VIA_RADIUS : abs 0.5 mil (limit/3)      sigma_phys=0.5 mil        sigma_norm=0.1073
      ANTIPAD_RADIUS : abs 0.67 mil (limit/3)     sigma_phys=0.67 mil        sigma_norm=0.1207
               PITCH : abs 0.33 mil (limit/3)     sigma_phys=0.33 mil        sigma_norm=0.0386
               TDIEL : rel +/-3.3% (limit/3)      sigma_phys=0.9074 feat-units sigma_norm=0.0413
                TMET : rel +/-3.3% (limit/3)      sigma_phys=0.08801 feat-units sigma_norm=0.0899
        PERMITTIVITY : rel +/-0.67% (limit/3)     sigma_phys=0.02094 feat-units sigma_norm=0.0326
        CONDUCTIVITY : rel +/-3.3% (limit/3)      sigma_phys=0.01423 decades    sigma_norm=0.3035
         LOSSTANGENT : rel +/-3.3% (limit/3)      sigma_phys=0.01423 decades    sigma_norm=0.0351
  (IPC gives ACCEPTANCE LIMITS, not process sigmas; limit/3 is a stated Cpk=1 assumption. CONDUCTIVITY entry is an engineering assumption with no standards anchor. See PartC_Yield_Plan_v3.md.)

=== YIELD TTO [cc_e0.1_L1_ipc] sample 1260: 12 restarts x 150 steps
    eps=0.1 -> kappa=3.00  lambda_cc=1.0  [Cantelli chance constraint]
    spec: eye-band IL >= target-1.0 dB, RL <= -8.0 dB | tol_frac=0.1
  restart 00 | eye-fit  2.69 dB | sens  0.00163 | yield  99.8% [99.5,99.9] | max|x| 3.97
  restart 01 | eye-fit  2.50 dB | sens  0.00127 | yield  99.1% [98.6,99.4] | max|x| 4.29
  restart 02 | eye-fit  2.45 dB | sens  0.00129 | yield  98.7% [98.0,99.1] | max|x| 4.03
  restart 03 | eye-fit  3.04 dB | sens  0.00214 | yield  99.7% [99.3,99.9] | max|x| 3.74
  restart 04 | eye-fit  2.50 dB | sens  0.00137 | yield  99.1% [98.5,99.4] | max|x| 4.14
  restart 05 | eye-fit  2.65 dB | sens  0.00165 | yield  99.4% [98.9,99.6] | max|x| 3.89
  restart 06 | eye-fit  2.52 dB | sens  0.00138 | yield  99.3% [98.8,99.6] | max|x| 4.14
  restart 07 | eye-fit  2.81 dB | sens  0.00167 | yield  99.9% [99.6,100.0] | max|x| 3.75
  restart 08 | eye-fit  2.63 dB | sens  0.00149 | yield  99.9% [99.6,99.9] | max|x| 4.07
  restart 09 | eye-fit  2.67 dB | sens  0.00156 | yield  99.5% [99.1,99.7] | max|x| 3.96
  restart 10 | eye-fit  2.31 dB | sens  0.00110 | yield  98.9% [98.3,99.3] | max|x| 4.52
  restart 11 | eye-fit  2.66 dB | sens  0.00171 | yield  99.9% [99.6,99.9] | max|x| 4.01

  fit gate (1.5 dB eye-band): 0/12 candidates pass
  [warn] nothing passed the gate -- ranking ALL candidates by yield anyway; consider raising --fit-gate or lowering lambda_j
  portfolio diversity: pairwise |dx| mean 2.299, max 4.551 (normalized units; ~0 would mean all restarts found the same design)

======================================================================
  RANKED PORTFOLIO (top 5)  sample 1260  [cc_e0.1_L1_ipc]
======================================================================
  rank eye-fit dB  yield %       sens file
     1       2.81     99.9    0.00167 design_sample_1260_cc_e0.1_L1_ipc_r07.npz
     2       2.63     99.8    0.00149 design_sample_1260_cc_e0.1_L1_ipc_r08.npz
     3       2.66     99.8    0.00171 design_sample_1260_cc_e0.1_L1_ipc_r11.npz
     4       2.69     99.8    0.00163 design_sample_1260_cc_e0.1_L1_ipc_r00.npz
     5       3.04     99.7    0.00214 design_sample_1260_cc_e0.1_L1_ipc_r03.npz

  csv    : portfolio_sample_1260_cc_e0.1_L1_ipc_20260729_220615.csv
  pareto : pareto_sample_1260_cc_e0.1_L1_ipc_20260729_220615.png
  top design (for stage 07): design_sample_1260_cc_e0.1_L1_ipc_top.npz
