==============================================================================
Stage 05: baseline comparison (sim_pkg_9773, pair 1)
==============================================================================

--- PANEL A: pipeline audit (extracted-from-raw vs processed) ---
  max |diff| = 3.831e-08  MATCH (pipeline verified)

--- PANEL B: purest solver delta (OpenEMS 16-port vs raw) ---
    SE_S11  0-14    mean= 10.36 max= 32.02 dB
    SE_S11  14-28   mean=  6.96 max= 10.87 dB
    SE_S11  28-56   mean=  3.10 max= 25.26 dB
    SE_S11  56-100  mean=  6.02 max= 28.80 dB
    SE_S21  0-14    mean=  1.90 max=  2.92 dB
    SE_S21  14-28   mean=  2.36 max=  3.96 dB
    SE_S21  28-56   mean=  4.31 max= 30.58 dB
    SE_S21  56-100  mean= 11.64 max= 30.03 dB

--- PANEL C: delta_solver (OpenEMS mixed-mode pair vs processed) ---
  [EYE-CRITICAL view: raw dB | floored dB (-30 clip) | linear |dS|]
    Sdd11   0-14    raw=  8.49 floored=  8.31 dB  lin= 0.1283 <- eye
    Sdd11   14-28   raw= 11.67 floored= 11.67 dB  lin= 0.3689 <- eye
    Sdd11   28-56   raw=  3.81 floored=  3.71 dB  lin= 0.2003
    Sdd11   56-100  raw=  4.17 floored=  4.17 dB  lin= 0.2281
    Sdd21   0-14    raw=  2.38 floored=  2.38 dB  lin= 0.2085 <- eye
    Sdd21   14-28   raw=  2.43 floored=  2.43 dB  lin= 0.1304 <- eye
    Sdd21   28-56   raw=  5.39 floored=  4.17 dB  lin= 0.0469
    Sdd21   56-100  raw= 10.07 floored=  8.18 dB  lin= 0.1065
    Scc11   0-14    raw=  6.33 floored=  6.33 dB  lin= 0.1436
    Scc11   14-28   raw=  4.37 floored=  4.37 dB  lin= 0.2696
    Scc11   28-56   raw=  3.77 floored=  3.77 dB  lin= 0.2244
    Scc11   56-100  raw=  6.50 floored=  6.50 dB  lin= 0.2999
    Scd21   0-14    raw=  3.82 floored=  2.62 dB  lin= 0.0221
    Scd21   14-28   raw=  6.13 floored=  5.53 dB  lin= 0.0427
    Scd21   28-56   raw=  6.67 floored=  1.50 dB  lin= 0.0167
    Scd21   56-100  raw=  8.81 floored=  0.87 dB  lin= 0.0107

  [MODEL-WEIGHTED view: delta_solver weighted by the element-
   aware frequency-importance tensor -- agreement WHERE THE
   MODEL IS SENSITIVE (Sdd11 low-f, Sdd21 high-f)]
    Sdd11   weighted mean |dB| =   8.02
    Sdd21   weighted mean |dB| =   6.93
    Scc11   weighted mean |dB| =   4.81
    Scd21   weighted mean |dB| =   6.77

  saved sim_pkg_9773_pair1_panelC.csv
  overlay: /home/dhanushkramesh/mece_project_inverse_model/Generative_Inverse_Design_of_High-Speed_Interconnects/openEMS_sim/results/05_baseline/sim_pkg_9773_mur_lateral_pair1_overlay.png

==============================================================================
STAGE 05 GATE
==============================================================================
  Panel A pipeline audit: pass
  EYE-CRITICAL delta_solver (0-28 GHz, floored at -30 dB): worst mean = 11.67 dB (Sdd11 14-28) [target <= ~3 dB]
  (raw-dB worst for reference: 11.67 dB -- difference vs floored = aligned-null depth mismatch, negligible energy)
  [FAIL] eye-critical band exceeds 3 dB -- the eye would be affected. Fix ports/mesh/floor before trusting the eye.

  GATE NOT PASSED -- debug before scaling.
  (High-frequency stopband disagreement is expected and does not
   fail the gate; it barely affects the eye. The model-weighted
   view above shows agreement where the model is sensitive.)
==============================================================================
