==============================================================================
Stage 05: baseline comparison (sim_pkg_0017, pair 1)
==============================================================================

--- PANEL A: pipeline audit (extracted-from-raw vs processed) ---
  max |diff| = 3.574e-08  MATCH (pipeline verified)

--- PANEL B: purest solver delta (OpenEMS 16-port vs raw) ---
    SE_S11  0-14    mean=  5.52 max= 23.45 dB
    SE_S11  14-28   mean=  1.94 max=  4.96 dB
    SE_S11  28-56   mean=  6.26 max= 15.53 dB
    SE_S11  56-100  mean= 13.60 max= 17.02 dB
    SE_S21  0-14    mean=  3.15 max=  4.64 dB
    SE_S21  14-28   mean=  4.13 max=  6.45 dB
    SE_S21  28-56   mean=  3.62 max=  9.37 dB
    SE_S21  56-100  mean= 13.53 max= 30.81 dB

--- PANEL C: delta_solver (OpenEMS mixed-mode pair vs processed) ---
  [EYE-CRITICAL view: per-band flat mean |dB|]
    Sdd11   0-14    mean=  7.55 max= 26.43 dB <- eye
    Sdd11   14-28   mean=  4.71 max= 12.19 dB <- eye
    Sdd11   28-56   mean=  5.23 max= 12.65 dB
    Sdd11   56-100  mean= 12.02 max= 16.51 dB
    Sdd21   0-14    mean=  3.10 max=  4.96 dB <- eye
    Sdd21   14-28   mean=  3.32 max=  5.25 dB <- eye
    Sdd21   28-56   mean=  6.08 max= 20.67 dB
    Sdd21   56-100  mean=  9.66 max= 37.05 dB
    Scc11   0-14    mean=  4.49 max= 16.28 dB
    Scc11   14-28   mean=  1.96 max=  6.36 dB
    Scc11   28-56   mean= 10.95 max= 22.49 dB
    Scc11   56-100  mean= 15.54 max= 18.76 dB
    Scd21   0-14    mean=  4.51 max= 15.99 dB
    Scd21   14-28   mean= 11.50 max= 27.58 dB
    Scd21   28-56   mean=  4.55 max= 12.39 dB
    Scd21   56-100  mean= 14.52 max= 31.11 dB

  [MODEL-WEIGHTED view: delta_solver weighted by the element-
   aware frequency-importance tensor -- agreement WHERE THE
   MODEL IS SENSITIVE (Sdd11 low-f, Sdd21 high-f)]
    Sdd11   weighted mean |dB| =   6.37
    Sdd21   weighted mean |dB| =   7.24
    Scc11   weighted mean |dB| =   8.77
    Scd21   weighted mean |dB| =   8.81

  saved sim_pkg_0017_pair1_panelC.csv
  overlay: /home/dhanushkramesh/mece_project_inverse_model/Generative_Inverse_Design_of_High-Speed_Interconnects/openEMS_sim/results/05_baseline/sim_pkg_0017_pair1_overlay.png

==============================================================================
STAGE 05 GATE
==============================================================================
  Panel A pipeline audit: pass
  EYE-CRITICAL delta_solver (0-28 GHz): worst mean = 7.55 dB (Sdd11 0-14) [target <= ~3 dB]
  [FAIL] eye-critical band exceeds 3 dB -- the eye would be affected. Fix ports/mesh/floor before trusting the eye.

  GATE NOT PASSED -- debug before scaling.
  (High-frequency stopband disagreement is expected and does not
   fail the gate; it barely affects the eye. The model-weighted
   view above shows agreement where the model is sensitive.)
==============================================================================
