==============================================================================
Stage 04 v4 (CoaxialPort): build array model  (sim_pkg_2871)
==============================================================================
GeometryDescription  sim_id=sim_pkg_2871  source=sim_folder
  via_radius   = 5.304 um
  antipad_rad  = 14.282 um
  pitch        = 40.356 um
  TDIEL/TMET   = 56.135 / 1.453 um
  eps_r        = 3.8819
  sigma        = 4.834e+07 S/m
  tan(delta)   = 0.00810
  layers(metal)= 12  (stackup entries: 23)
  grid         = 6 x 5
  S/G/P vias   = 10/16/4  (total placed: 30)
  n_ports      = 20  (5 diff pairs)
  total_thick  = 326.18 um

  ArrayModelBuilder v4 (CoaxialPort) for sim_pkg_2871
    board (mil) : x[-40.4,242.1] y[-40.4,201.8] z[0,326.2]
    domain (mil): z[-100.0,426.2] (coax stubs of 100 mil above/below)
    coax launch : r_i=5.304 r_o=14.282 (air, Z0 ~ 59 ohm; renormalized to 50 ohm on output)
    mesh res    : 2.995 mil (20 cells/lambda @ 100 GHz)
    boundaries  : lateral PML_8 (infinite planes), z PML_8
    n_ports     : 20

Full 16-port solve (est. ~8 min/port with the v4 mesh).

    [excite port 1/20]
Traceback (most recent call last):
  File "/home/dhanushkramesh/mece_project_inverse_model/Generative_Inverse_Design_of_High-Speed_Interconnects/openEMS_sim/build_array_model_best.py", line 474, in <module>
    main()
  File "/home/dhanushkramesh/mece_project_inverse_model/Generative_Inverse_Design_of_High-Speed_Interconnects/openEMS_sim/build_array_model_best.py", line 462, in main
    freq, S = builder.run_and_extract(sim_root, run=True)
              ^^^^^^^^^^^^^^^^^^^^^^^^^^^^^^^^^^^^^^^^^^^
  File "/home/dhanushkramesh/mece_project_inverse_model/Generative_Inverse_Design_of_High-Speed_Interconnects/openEMS_sim/build_array_model_best.py", line 398, in run_and_extract
    ports[m].CalcPort(str(sim_dir), freq,
  File "/home/dhanushkramesh/mece_project_inverse_model/Generative_Inverse_Design_of_High-Speed_Interconnects/.venv/lib/python3.12/site-packages/openEMS/ports.py", line 151, in CalcPort
    self.ReadUIData(sim_path, freq, signal_type)
  File "/home/dhanushkramesh/mece_project_inverse_model/Generative_Inverse_Design_of_High-Speed_Interconnects/.venv/lib/python3.12/site-packages/openEMS/ports.py", line 879, in ReadUIData
    self.i_data = UI_data(self.I_filenames, sim_path, freq, signal_type)
                  ^^^^^^^^^^^^^^^^^^^^^^^^^^^^^^^^^^^^^^^^^^^^^^^^^^^^^^
  File "/home/dhanushkramesh/mece_project_inverse_model/Generative_Inverse_Design_of_High-Speed_Interconnects/.venv/lib/python3.12/site-packages/openEMS/ports.py", line 72, in __init__
    self.ui_f_val.append(utilities.DFT_time2freq(data[:, 0], data[:, 1], freq, signal_type=signal_type))
                         ^^^^^^^^^^^^^^^^^^^^^^^^^^^^^^^^^^^^^^^^^^^^^^^^^^^^^^^^^^^^^^^^^^^^^^^^^^^^^^
  File "/home/dhanushkramesh/mece_project_inverse_model/Generative_Inverse_Design_of_High-Speed_Interconnects/.venv/lib/python3.12/site-packages/openEMS/utilities.py", line 26, in DFT_time2freq
    f_val[n_f] = np.sum( val*np.exp( -1j*2*np.pi*freq[n_f] * t ) )
                             ^^^^^^^^^^^^^^^^^^^^^^^^^^^^^^^^^^^
KeyboardInterrupt
