==============================================================================
Stage 05: baseline comparison (sim_pkg_0017, pair 1)
==============================================================================

--- PANEL A: pipeline audit (extracted-from-raw vs processed) ---
  max |diff| = 3.574e-08  MATCH (pipeline verified)

--- PANEL B: purest solver delta (OpenEMS 16-port vs raw) ---
    SE_S11  0-14    mean=  6.67 max= 18.46 dB
    SE_S11  14-28   mean=  4.38 max=  8.63 dB
    SE_S11  28-56   mean=  8.66 max= 18.98 dB
    SE_S11  56-100  mean= 17.05 max= 20.46 dB
    SE_S21  0-14    mean=  1.50 max=  3.15 dB
    SE_S21  14-28   mean=  1.34 max=  3.89 dB
    SE_S21  28-56   mean=  3.00 max=  6.55 dB
    SE_S21  56-100  mean=  8.94 max= 25.30 dB

--- PANEL C: delta_solver (OpenEMS mixed-mode pair vs processed) ---
  [EYE-CRITICAL view: raw dB | floored dB (-30 clip) | linear |dS|]
    Sdd11   0-14    raw=  8.40 floored=  8.38 dB  lin= 0.3531 <- eye
    Sdd11   14-28   raw=  7.84 floored=  7.84 dB  lin= 0.3898 <- eye
    Sdd11   28-56   raw=  8.85 floored=  8.85 dB  lin= 0.5120
    Sdd11   56-100  raw= 15.46 floored= 15.46 dB  lin= 0.9055
    Sdd21   0-14    raw=  1.57 floored=  1.57 dB  lin= 0.1839 <- eye
    Sdd21   14-28   raw=  1.56 floored=  1.56 dB  lin= 0.1370 <- eye
    Sdd21   28-56   raw=  4.18 floored=  2.61 dB  lin= 0.0700
    Sdd21   56-100  raw=  5.34 floored=  1.03 dB  lin= 0.0120
    Scc11   0-14    raw=  6.33 floored=  6.33 dB  lin= 0.3175
    Scc11   14-28   raw=  3.96 floored=  3.96 dB  lin= 0.2365
    Scc11   28-56   raw= 12.14 floored= 12.13 dB  lin= 0.5755
    Scc11   56-100  raw= 18.99 floored= 18.99 dB  lin= 0.9873
    Scd21   0-14    raw=  5.30 floored=  3.59 dB  lin= 0.0253
    Scd21   14-28   raw=  5.45 floored=  4.02 dB  lin= 0.0295
    Scd21   28-56   raw=  3.44 floored=  2.17 dB  lin= 0.0147
    Scd21   56-100  raw= 10.64 floored=  2.34 dB  lin= 0.0271

  saved sim_pkg_0017_pair1_panelC.csv
  overlay: /home/dhanushkramesh/mece_project_inverse_model/Generative_Inverse_Design_of_High-Speed_Interconnects/openEMS_sim/results/05_baseline/sim_pkg_0017_best_pair1_overlay.png

==============================================================================
STAGE 05 GATE
==============================================================================
  Panel A pipeline audit: pass
  EYE-CRITICAL delta_solver (0-28 GHz, floored at -30 dB): worst mean = 8.38 dB (Sdd11 0-14) [target <= ~3 dB]
  (raw-dB worst for reference: 8.40 dB -- difference vs floored = aligned-null depth mismatch, negligible energy)
  [FAIL] eye-critical band exceeds 3 dB -- the eye would be affected. Fix ports/mesh/floor before trusting the eye.

  GATE NOT PASSED -- debug before scaling.
  (High-frequency stopband disagreement is expected and does not
   fail the gate; it barely affects the eye. The model-weighted
   view above shows agreement where the model is sensitive.)
==============================================================================
