==============================================================================
Stage 04 v4 (CoaxialPort): build array model  (sim_pkg_2871)
==============================================================================
GeometryDescription  sim_id=sim_pkg_2871  source=sim_folder
  via_radius   = 5.304 um
  antipad_rad  = 14.282 um
  pitch        = 40.356 um
  TDIEL/TMET   = 56.135 / 1.453 um
  eps_r        = 3.8819
  sigma        = 4.834e+07 S/m
  tan(delta)   = 0.00810
  layers(metal)= 12  (stackup entries: 23)
  grid         = 6 x 5
  S/G/P vias   = 10/16/4  (total placed: 30)
  n_ports      = 20  (5 diff pairs)
  total_thick  = 326.18 um

  ArrayModelBuilder v4 (CoaxialPort) for sim_pkg_2871
    board (mil) : x[-40.4,242.1] y[-40.4,201.8] z[0,326.2]
    domain (mil): z[-100.0,426.2] (coax stubs of 100 mil above/below)
    coax launch : r_i=5.304 r_o=14.282 (air, Z0 ~ 59 ohm; renormalized to 50 ohm on output)
    mesh res    : 2.995 mil (20 cells/lambda @ 100 GHz)
    boundaries  : lateral PML_8 (infinite planes), z PML_8
    n_ports     : 20
    [excite port 1/20]
    [dry-run] wrote /home/dhanushkramesh/mece_project_inverse_model/Generative_Inverse_Design_of_High-Speed_Interconnects/openEMS_sim/runs/04_sim_pkg_2871/model.xml
    Inspect: AppCSXCAD /home/dhanushkramesh/mece_project_inverse_model/Generative_Inverse_Design_of_High-Speed_Interconnects/openEMS_sim/runs/04_sim_pkg_2871/model.xml

Dry run complete. In AppCSXCAD confirm:
  - coax stubs above AND below the board at every signal via
    (thin inner rod continuing the via + a shield tube of
    antipad radius landing on the outer ground planes)
  - the stubs reach the z domain edges (they run into the PML)
