==============================================================================
Stage 07: design_sample_0_yield_L0_top  (template sim_pkg_0017, pair 1, geometry='x_local_norm')
==============================================================================

  --- geometry sanity check [design_sample_0_yield_L0_top] ---
    via_radius   = 2.752 mil
    antipad_rad  = 18.337 mil
    pitch        = 52.905 mil
    TDIEL/TMET   = 502.0 total, eps_r=3.219, tan_d=0.0176
    n_ports      = 16
    geometry looks physical (via < antipad < pitch/2, eps_r>1).

  building + simulating in OpenEMS (16 ports) ...
  ArrayModelBuilder v4 (CoaxialPort) for generated_from_sim_pkg_0017
    board (mil) : x[-52.9,158.7] y[-52.9,264.5] z[0,502.0]
    domain (mil): z[-100.0,602.0] (coax stubs of 100 mil above/below)
    coax launch : r_i=2.752 r_o=18.337 (air, Z0 ~ 114 ohm; renormalized to 50 ohm on output)
    mesh res    : 3.289 mil (20 cells/lambda @ 100 GHz)
    boundaries  : lateral PML_8 (infinite planes), z PML_8
    n_ports     : 16
    [excite port 1/16]
    [excite port 2/16]
Traceback (most recent call last):
  File "/home/dhanushkramesh/mece_project_inverse_model/Generative_Inverse_Design_of_High-Speed_Interconnects/openEMS_sim/validate_model_generated.py", line 277, in <module>
    main()
  File "/home/dhanushkramesh/mece_project_inverse_model/Generative_Inverse_Design_of_High-Speed_Interconnects/openEMS_sim/validate_model_generated.py", line 227, in main
    freq, S_oe = builder.run_and_extract(sim_root, run=True)
                 ^^^^^^^^^^^^^^^^^^^^^^^^^^^^^^^^^^^^^^^^^^^
  File "/home/dhanushkramesh/mece_project_inverse_model/Generative_Inverse_Design_of_High-Speed_Interconnects/openEMS_sim/build_array_model_mur_final.py", line 410, in run_and_extract
    ports[m].CalcPort(str(sim_dir), freq)
  File "/home/dhanushkramesh/mece_project_inverse_model/Generative_Inverse_Design_of_High-Speed_Interconnects/.venv/lib/python3.12/site-packages/openEMS/ports.py", line 151, in CalcPort
    self.ReadUIData(sim_path, freq, signal_type)
  File "/home/dhanushkramesh/mece_project_inverse_model/Generative_Inverse_Design_of_High-Speed_Interconnects/.venv/lib/python3.12/site-packages/openEMS/ports.py", line 879, in ReadUIData
    self.i_data = UI_data(self.I_filenames, sim_path, freq, signal_type)
                  ^^^^^^^^^^^^^^^^^^^^^^^^^^^^^^^^^^^^^^^^^^^^^^^^^^^^^^
  File "/home/dhanushkramesh/mece_project_inverse_model/Generative_Inverse_Design_of_High-Speed_Interconnects/.venv/lib/python3.12/site-packages/openEMS/ports.py", line 72, in __init__
    self.ui_f_val.append(utilities.DFT_time2freq(data[:, 0], data[:, 1], freq, signal_type=signal_type))
                         ^^^^^^^^^^^^^^^^^^^^^^^^^^^^^^^^^^^^^^^^^^^^^^^^^^^^^^^^^^^^^^^^^^^^^^^^^^^^^^
  File "/home/dhanushkramesh/mece_project_inverse_model/Generative_Inverse_Design_of_High-Speed_Interconnects/.venv/lib/python3.12/site-packages/openEMS/utilities.py", line 26, in DFT_time2freq
    f_val[n_f] = np.sum( val*np.exp( -1j*2*np.pi*freq[n_f] * t ) )
                             ^^^^^^^^^^^^^^^^^^^^^^^^^^^^^^^^^^^
KeyboardInterrupt
