==============================================================================
Stage 07: design_sample_42  (template sim_pkg_0033, pair 1, geometry='x_local_norm')
==============================================================================

  --- geometry sanity check [design_sample_42] ---
    via_radius   = 7.684 mil
    antipad_rad  = 18.645 mil
    pitch        = 56.946 mil
    TDIEL/TMET   = 626.0 total, eps_r=3.916, tan_d=0.0295
    n_ports      = 40
    geometry looks physical (via < antipad < pitch/2, eps_r>1).

  building + simulating in OpenEMS (40 ports) ...
  ArrayModelBuilder v4 (CoaxialPort) for generated_from_sim_pkg_0033
    board (mil) : x[-56.9,398.6] y[-56.9,284.7] z[0,626.0]
    domain (mil): z[-100.0,726.0] (coax stubs of 100 mil above/below)
    coax launch : r_i=7.684 r_o=18.645 (air, Z0 ~ 53 ohm; renormalized to 50 ohm on output)
    mesh res    : 2.982 mil (20 cells/lambda @ 100 GHz)
    boundaries  : lateral PML_8 (infinite planes), z PML_8
    n_ports     : 40
    [excite port 1/40]
    [excite port 2/40]
    [excite port 3/40]
    [excite port 4/40]
    [excite port 5/40]
    [excite port 6/40]
    [excite port 7/40]
    [excite port 8/40]
    [excite port 9/40]
    [excite port 10/40]
    [excite port 11/40]
    [excite port 12/40]
    [excite port 13/40]
    [excite port 14/40]
    [excite port 15/40]
    [excite port 16/40]
    [excite port 17/40]
    [excite port 18/40]
    [excite port 19/40]
    [excite port 20/40]
    [excite port 21/40]
    [excite port 22/40]
    [excite port 23/40]
    [excite port 24/40]
    [excite port 25/40]
    [excite port 26/40]
    [excite port 27/40]
    [excite port 28/40]
