==============================================================================
Stage 05: baseline comparison (sim_pkg_0017, pair 2)
==============================================================================

--- PANEL A: pipeline audit (extracted-from-raw vs processed) ---
  max |diff| = 3.434e-08  MATCH (pipeline verified)

--- PANEL B: purest solver delta (OpenEMS 16-port vs raw) ---
    SE_S11  0-14    mean=  1.86 max=  6.93 dB
    SE_S11  14-28   mean=  2.17 max=  5.22 dB
    SE_S11  28-56   mean=  3.61 max=  8.02 dB
    SE_S11  56-100  mean=  2.98 max=  6.49 dB
    SE_S21  0-14    mean=  1.03 max=  1.18 dB
    SE_S21  14-28   mean=  1.17 max=  1.50 dB
    SE_S21  28-56   mean=  2.55 max=  7.57 dB
    SE_S21  56-100  mean=  6.06 max= 17.35 dB

--- PANEL C: delta_solver (OpenEMS mixed-mode pair vs processed) ---
  [EYE-CRITICAL view: raw dB | floored dB (-30 clip) | linear |dS|]
    Sdd11   0-14    raw=  3.77 floored=  3.75 dB  lin= 0.0834 <- eye
    Sdd11   14-28   raw=  3.80 floored=  3.80 dB  lin= 0.0989 <- eye
    Sdd11   28-56   raw=  6.80 floored=  6.80 dB  lin= 0.1483
    Sdd11   56-100  raw=  2.12 floored=  2.12 dB  lin= 0.0460
    Sdd21   0-14    raw=  0.96 floored=  0.96 dB  lin= 0.0936 <- eye
    Sdd21   14-28   raw=  1.08 floored=  1.08 dB  lin= 0.0667 <- eye
    Sdd21   28-56   raw=  3.40 floored=  2.16 dB  lin= 0.0398
    Sdd21   56-100  raw= 14.10 floored=  5.26 dB  lin= 0.0487
    Scc11   0-14    raw=  1.14 floored=  1.14 dB  lin= 0.0461
    Scc11   14-28   raw=  2.97 floored=  2.97 dB  lin= 0.1123
    Scc11   28-56   raw=  3.70 floored=  3.70 dB  lin= 0.0980
    Scc11   56-100  raw=  3.51 floored=  3.51 dB  lin= 0.0609
    Scd21   0-14    raw=  9.00 floored=  4.59 dB  lin= 0.0344
    Scd21   14-28   raw=  3.14 floored=  3.14 dB  lin= 0.0253
    Scd21   28-56   raw=  3.75 floored=  1.97 dB  lin= 0.0153
    Scd21   56-100  raw=  8.59 floored=  1.95 dB  lin= 0.0231

  saved sim_pkg_0017_pair2_panelC.csv
  overlay: /home/dhanushkramesh/mece_project_inverse_model/Generative_Inverse_Design_of_High-Speed_Interconnects/openEMS_sim/results/05_baseline/sim_pkg_0017_mur_lateral_pair2_overlay.png

==============================================================================
STAGE 05 GATE
==============================================================================
  Panel A pipeline audit: pass
  EYE-CRITICAL delta_solver (0-28 GHz, floored at -30 dB): worst mean = 3.80 dB (Sdd11 14-28) [target <= ~3 dB]
  (raw-dB worst for reference: 3.80 dB -- difference vs floored = aligned-null depth mismatch, negligible energy)
  [FAIL] eye-critical band exceeds 3 dB -- the eye would be affected. Fix ports/mesh/floor before trusting the eye.

  GATE NOT PASSED -- debug before scaling.
  (High-frequency stopband disagreement is expected and does not
   fail the gate; it barely affects the eye. The model-weighted
   view above shows agreement where the model is sensitive.)
==============================================================================
