==============================================================================
Stage 04 v4 (CoaxialPort): build array model  (sim_pkg_7915)
==============================================================================
GeometryDescription  sim_id=sim_pkg_7915  source=sim_folder
  via_radius   = 14.098 um
  antipad_rad  = 26.650 um
  pitch        = 60.552 um
  TDIEL/TMET   = 31.007 / 1.934 um
  eps_r        = 3.2597
  sigma        = 4.515e+07 S/m
  tan(delta)   = 0.00814
  layers(metal)= 20  (stackup entries: 39)
  grid         = 5 x 4
  S/G/P vias   = 10/9/1  (total placed: 20)
  n_ports      = 20  (5 diff pairs)
  total_thick  = 333.25 um

  ArrayModelBuilder v4 (CoaxialPort) for sim_pkg_7915
    board (mil) : x[-60.6,302.8] y[-60.6,242.2] z[0,333.3]
    domain (mil): z[-100.0,433.3] (coax stubs of 100 mil above/below)
    coax launch : r_i=14.098 r_o=26.650 (air, Z0 ~ 38 ohm; renormalized to 50 ohm on output)
    mesh res    : 3.269 mil (20 cells/lambda @ 100 GHz)
    boundaries  : lateral PML_8 (infinite planes), z MUR (fallback)
    n_ports     : 20

Full 16-port solve (est. ~8 min/port with the v4 mesh).

    [excite port 1/20]
    [excite port 2/20]
    [excite port 3/20]
    [excite port 4/20]
    [excite port 5/20]
    [excite port 6/20]
    [excite port 7/20]
    [excite port 8/20]
    [excite port 9/20]
    [excite port 10/20]
    [excite port 11/20]
    [excite port 12/20]
    [excite port 13/20]
    [excite port 14/20]
    [excite port 15/20]
    [excite port 16/20]
    [excite port 17/20]
    [excite port 18/20]
    [excite port 19/20]
    [excite port 20/20]
    [renorm] analytic coax Z = 21.2 ohm -> 50 ohm

Saved (50-ohm referenced, de-embedded to board surface):
  /home/dhanushkramesh/mece_project_inverse_model/Generative_Inverse_Design_of_High-Speed_Interconnects/openEMS_sim/results/04_openems/sim_pkg_7915_mur_lateral_openems_se.npz
Run stage 05 next.
