==============================================================================
Stage 07: design_sample_0_wc_L1_ipc_top  (template sim_pkg_0017, pair 1, geometry='x_local_norm')
==============================================================================

  --- geometry sanity check [design_sample_0_wc_L1_ipc_top] ---
    via_radius   = 1.898 mil
    antipad_rad  = 13.018 mil
    pitch        = 49.417 mil
    TDIEL/TMET   = 460.6 total, eps_r=3.582, tan_d=0.0107
    n_ports      = 16
    geometry looks physical (via < antipad < pitch/2, eps_r>1).

  building + simulating in OpenEMS (16 ports) ...
  ArrayModelBuilder v4 (CoaxialPort) for generated_from_sim_pkg_0017
    board (mil) : x[-49.4,148.3] y[-49.4,247.1] z[0,460.6]
    domain (mil): z[-100.0,560.6] (coax stubs of 100 mil above/below)
    coax launch : r_i=1.898 r_o=13.018 (air, Z0 ~ 116 ohm; renormalized to 50 ohm on output)
    mesh res    : 3.118 mil (20 cells/lambda @ 100 GHz)
    boundaries  : lateral PML_8 (infinite planes), z PML_8
    n_ports     : 16
    [excite port 1/16]
    [excite port 2/16]
    [excite port 3/16]
    [excite port 4/16]
    [excite port 5/16]
    [excite port 6/16]
    [excite port 7/16]
    [excite port 8/16]
    [excite port 9/16]
    [excite port 10/16]
    [excite port 11/16]
    [excite port 12/16]
    [excite port 13/16]
    [excite port 14/16]
    [excite port 15/16]
    [excite port 16/16]
    [renorm] analytic coax Z = 61.0 ohm -> 50 ohm
  saved design_sample_0_wc_L1_ipc_top_openems_se.npz

==============================================================================
STAGE 07 RESULT  (mean floored dB, eye band)
==============================================================================
  [openems_vs_target]
    Sdd11  0-14    floored=  3.94 dB  lin=0.0832
    Sdd11  14-28   floored=  5.27 dB  lin=0.1193
    Sdd21  0-14    floored=  0.66 dB  lin=0.0664
    Sdd21  14-28   floored=  0.49 dB  lin=0.0361
  [openems_vs_pred]
    Sdd11  0-14    floored=  4.02 dB  lin=0.0684
    Sdd11  14-28   floored=  4.20 dB  lin=0.0830
    Sdd21  0-14    floored=  1.09 dB  lin=0.1108
    Sdd21  14-28   floored=  1.16 dB  lin=0.0912

  figure: design_sample_0_wc_L1_ipc_top_overlay_20260718_220823.png
  table : design_sample_0_wc_L1_ipc_top_validation_20260718_220823.csv

INTERPRETATION:
  openems_vs_target small  -> the design achieves its goal in real
     physics: the inverse model works. THE thesis result.
  openems_vs_pred within the stage-06 solver floor -> the forward
     surrogate was honest about this design.
  openems_vs_pred >> floor (esp. where TTO optimised) -> surrogate
     exploitation, caught in independent physics. Motivates latent TTO.
