==============================================================================
Stage 05: baseline comparison (sim_pkg_2871, pair 1)
==============================================================================

--- PANEL A: pipeline audit (extracted-from-raw vs processed) ---
  max |diff| = 4.151e-08  MATCH (pipeline verified)

--- PANEL B: purest solver delta (OpenEMS 16-port vs raw) ---
    SE_S11  0-14    mean= 10.10 max= 33.48 dB
    SE_S11  14-28   mean= 10.04 max= 15.38 dB
    SE_S11  28-56   mean=  2.76 max=  7.59 dB
    SE_S11  56-100  mean=  5.24 max= 30.73 dB
    SE_S21  0-14    mean=  0.81 max=  1.93 dB
    SE_S21  14-28   mean=  3.30 max=  6.53 dB
    SE_S21  28-56   mean=  3.98 max= 10.91 dB
    SE_S21  56-100  mean=  6.96 max= 24.13 dB

--- PANEL C: delta_solver (OpenEMS mixed-mode pair vs processed) ---
  [EYE-CRITICAL view: raw dB | floored dB (-30 clip) | linear |dS|]
    Sdd11   0-14    raw= 16.09 floored= 10.96 dB  lin= 0.1805 <- eye
    Sdd11   14-28   raw= 17.48 floored= 16.96 dB  lin= 0.4032 <- eye
    Sdd11   28-56   raw=  4.44 floored=  4.44 dB  lin= 0.2366
    Sdd11   56-100  raw=  7.18 floored=  7.04 dB  lin= 0.2983
    Sdd21   0-14    raw=  0.77 floored=  0.77 dB  lin= 0.0792 <- eye
    Sdd21   14-28   raw=  1.77 floored=  1.77 dB  lin= 0.1576 <- eye
    Sdd21   28-56   raw=  3.06 floored=  3.06 dB  lin= 0.1602
    Sdd21   56-100  raw=  5.82 floored=  5.82 dB  lin= 0.1634
    Scc11   0-14    raw=  8.36 floored=  8.19 dB  lin= 0.2188
    Scc11   14-28   raw=  8.90 floored=  8.82 dB  lin= 0.4031
    Scc11   28-56   raw=  3.38 floored=  3.38 dB  lin= 0.2489
    Scc11   56-100  raw=  6.03 floored=  6.03 dB  lin= 0.2943
    Scd21   0-14    raw=  5.63 floored=  0.94 dB  lin= 0.0140
    Scd21   14-28   raw=  5.07 floored=  5.03 dB  lin= 0.0555
    Scd21   28-56   raw=  6.72 floored=  6.05 dB  lin= 0.0557
    Scd21   56-100  raw=  8.03 floored=  5.08 dB  lin= 0.0481

  saved sim_pkg_2871_pair1_panelC.csv
  overlay: /home/dhanushkramesh/mece_project_inverse_model/Generative_Inverse_Design_of_High-Speed_Interconnects/openEMS_sim/results/05_baseline/sim_pkg_2871_mur_lateral_pair1_overlay.png

==============================================================================
STAGE 05 GATE
==============================================================================
  Panel A pipeline audit: pass
  EYE-CRITICAL delta_solver (0-28 GHz, floored at -30 dB): worst mean = 16.96 dB (Sdd11 14-28) [target <= ~3 dB]
  (raw-dB worst for reference: 17.48 dB -- difference vs floored = aligned-null depth mismatch, negligible energy)
  [FAIL] eye-critical band exceeds 3 dB -- the eye would be affected. Fix ports/mesh/floor before trusting the eye.

  GATE NOT PASSED -- debug before scaling.
  (High-frequency stopband disagreement is expected and does not
   fail the gate; it barely affects the eye. The model-weighted
   view above shows agreement where the model is sensitive.)
==============================================================================
