==============================================================================
Stage 07: design_sample_0_yield_L0_top  (template sim_pkg_0017, pair 1, geometry='x_local_norm')
==============================================================================

  --- geometry sanity check [design_sample_0_yield_L0_top] ---
    via_radius   = 2.752 mil
    antipad_rad  = 18.337 mil
    pitch        = 52.905 mil
    TDIEL/TMET   = 502.0 total, eps_r=3.219, tan_d=0.0176
    n_ports      = 16
    geometry looks physical (via < antipad < pitch/2, eps_r>1).

  building + simulating in OpenEMS (16 ports) ...
  ArrayModelBuilder v4 (CoaxialPort) for generated_from_sim_pkg_0017
    board (mil) : x[-52.9,158.7] y[-52.9,264.5] z[0,502.0]
    domain (mil): z[-100.0,602.0] (coax stubs of 100 mil above/below)
    coax launch : r_i=2.752 r_o=18.337 (air, Z0 ~ 114 ohm; renormalized to 50 ohm on output)
    mesh res    : 3.289 mil (20 cells/lambda @ 100 GHz)
    boundaries  : lateral PML_8 (infinite planes), z PML_8
    n_ports     : 16
    [excite port 1/16]
    [excite port 2/16]
    [excite port 3/16]
    [excite port 4/16]
    [excite port 5/16]
    [excite port 6/16]
    [excite port 7/16]
    [excite port 8/16]
    [excite port 9/16]
    [excite port 10/16]
    [excite port 11/16]
    [excite port 12/16]
    [excite port 13/16]
    [excite port 14/16]
    [excite port 15/16]
    [excite port 16/16]
    [renorm] analytic coax Z = 63.4 ohm -> 50 ohm
  saved design_sample_0_yield_L0_top_openems_se.npz

==============================================================================
STAGE 07 RESULT  (mean floored dB, eye band)
==============================================================================
  [openems_vs_target]
    Sdd11  0-14    floored=  4.03 dB  lin=0.1036
    Sdd11  14-28   floored=  3.86 dB  lin=0.0983
    Sdd21  0-14    floored=  2.35 dB  lin=0.2140
    Sdd21  14-28   floored=  1.40 dB  lin=0.1022
  [openems_vs_pred]
    Sdd11  0-14    floored=  3.84 dB  lin=0.0918
    Sdd11  14-28   floored=  3.32 dB  lin=0.0804
    Sdd21  0-14    floored=  2.59 dB  lin=0.2385
    Sdd21  14-28   floored=  1.72 dB  lin=0.1293

  figure: design_sample_0_yield_L0_top_overlay_20260716_191806.png
  table : design_sample_0_yield_L0_top_validation_20260716_191806.csv

INTERPRETATION:
  openems_vs_target small  -> the design achieves its goal in real
     physics: the inverse model works. THE thesis result.
  openems_vs_pred within the stage-06 solver floor -> the forward
     surrogate was honest about this design.
  openems_vs_pred >> floor (esp. where TTO optimised) -> surrogate
     exploitation, caught in independent physics. Motivates latent TTO.
