==============================================================================
Stage 07: design_sample_0_latent  (template sim_pkg_0017, pair 1, geometry='x_local_norm')
==============================================================================

  --- geometry sanity check [design_sample_0_latent] ---
    via_radius   = 2.772 mil
    antipad_rad  = 18.416 mil
    pitch        = 53.026 mil
    TDIEL/TMET   = 503.1 total, eps_r=3.207, tan_d=0.0176
    n_ports      = 16
    geometry looks physical (via < antipad < pitch/2, eps_r>1).

  building + simulating in OpenEMS (16 ports) ...
  ArrayModelBuilder v4 (CoaxialPort) for generated_from_sim_pkg_0017
    board (mil) : x[-53.0,159.1] y[-53.0,265.1] z[0,503.1]
    domain (mil): z[-100.0,603.1] (coax stubs of 100 mil above/below)
    coax launch : r_i=2.772 r_o=18.416 (air, Z0 ~ 114 ohm; renormalized to 50 ohm on output)
    mesh res    : 3.295 mil (20 cells/lambda @ 100 GHz)
    boundaries  : lateral PML_8 (infinite planes), z PML_8
    n_ports     : 16
    [excite port 1/16]
 ---------------------------------------------------------------------- 
 | openEMS 64bit -- version v0.37.0-rc1-2-g7b051bb
 | (C) 2010-2026 Thorsten Liebig <thorsten.liebig@gmx.de>  GPL license
 ---------------------------------------------------------------------- 
	Used external libraries:
		CSXCAD -- Version: v0.7.0-rc1-1-g5115701
		hdf5   -- Version: 1.10.10
		          compiled against: HDF5 library version: 1.10.10
		tinyxml -- compiled against: 2.6.2
		fparser
		boost  -- compiled against: 1_83
		vtk -- Version: 9.1.0
		       compiled against: 9.1.0

Create FDTD operator (compressed SSE + multi-threading)
FDTD simulation size: 109x149x230 --> 3.73543e+06 FDTD cells 
FDTD timestep is: 2.10949e-13 s; Nyquist rate: 23 timesteps @1.03054e+11 Hz
Excitation signal length is: 273 timesteps (5.75892e-11s)
Max. number of timesteps: 60000 ( --> 219.78 * Excitation signal length)
Create FDTD engine (compressed SSE + multi-threading)
Running FDTD engine... this may take a while... grab a cup of coffee?!?
[@        4s] Timestep:          135 || Speed:  123.9 MC/s (3.015e-02 s/TS) || Energy: ~6.52e-18 (- 0.00dB)
[@        8s] Timestep:          350 || Speed:  199.0 MC/s (1.877e-02 s/TS) || Energy: ~9.04e-18 (- 0.00dB)
[@       12s] Timestep:          595 || Speed:  226.6 MC/s (1.649e-02 s/TS) || Energy: ~2.85e-18 (- 5.02dB)
[@       16s] Timestep:          850 || Speed:  237.0 MC/s (1.576e-02 s/TS) || Energy: ~4.77e-19 (-12.78dB)
[@       20s] Timestep:         1130 || Speed:  258.5 MC/s (1.445e-02 s/TS) || Energy: ~1.02e-19 (-19.46dB)
[@       24s] Timestep:         1410 || Speed:  259.8 MC/s (1.438e-02 s/TS) || Energy: ~3.97e-20 (-23.57dB)
[@       28s] Timestep:         1680 || Speed:  250.1 MC/s (1.493e-02 s/TS) || Energy: ~1.56e-20 (-27.62dB)
Multithreaded Engine: Best performance found using 6 threads.
[@       32s] Timestep:         1950 || Speed:  250.7 MC/s (1.490e-02 s/TS) || Energy: ~9.82e-21 (-29.64dB)
[@       36s] Timestep:         2220 || Speed:  248.8 MC/s (1.502e-02 s/TS) || Energy: ~5.73e-21 (-31.98dB)
[@       40s] Timestep:         2500 || Speed:  257.1 MC/s (1.453e-02 s/TS) || Energy: ~3.42e-21 (-34.22dB)
[@       44s] Timestep:         2770 || Speed:  248.9 MC/s (1.501e-02 s/TS) || Energy: ~2.00e-21 (-36.56dB)
[@       48s] Timestep:         3025 || Speed:  238.0 MC/s (1.570e-02 s/TS) || Energy: ~1.48e-21 (-37.86dB)
[@       52s] Timestep:         3250 || Speed:  207.9 MC/s (1.797e-02 s/TS) || Energy: ~1.25e-21 (-38.59dB)
[@       56s] Timestep:         3485 || Speed:  217.8 MC/s (1.715e-02 s/TS) || Energy: ~7.37e-22 (-40.89dB)
[@     1m00s] Timestep:         3735 || Speed:  233.5 MC/s (1.600e-02 s/TS) || Energy: ~5.31e-22 (-42.31dB)
[@     1m04s] Timestep:         3995 || Speed:  240.8 MC/s (1.551e-02 s/TS) || Energy: ~4.08e-22 (-43.46dB)
[@     1m08s] Timestep:         4255 || Speed:  238.2 MC/s (1.568e-02 s/TS) || Energy: ~2.22e-22 (-46.10dB)
[@     1m12s] Timestep:         4515 || Speed:  239.3 MC/s (1.561e-02 s/TS) || Energy: ~1.99e-22 (-46.57dB)
[@     1m16s] Timestep:         4775 || Speed:  241.2 MC/s (1.548e-02 s/TS) || Energy: ~1.34e-22 (-48.29dB)
[@     1m20s] Timestep:         5035 || Speed:  240.2 MC/s (1.555e-02 s/TS) || Energy: ~8.90e-23 (-50.07dB)
Time for 5035 iterations with 3735430.00 cells : 80.78 sec
Speed: 232.82 MCells/s 
    [excite port 2/16]
 ---------------------------------------------------------------------- 
 | openEMS 64bit -- version v0.37.0-rc1-2-g7b051bb
 | (C) 2010-2026 Thorsten Liebig <thorsten.liebig@gmx.de>  GPL license
 ---------------------------------------------------------------------- 
	Used external libraries:
		CSXCAD -- Version: v0.7.0-rc1-1-g5115701
		hdf5   -- Version: 1.10.10
		          compiled against: HDF5 library version: 1.10.10
		tinyxml -- compiled against: 2.6.2
		fparser
		boost  -- compiled against: 1_83
		vtk -- Version: 9.1.0
		       compiled against: 9.1.0

Create FDTD operator (compressed SSE + multi-threading)
FDTD simulation size: 109x149x230 --> 3735430.00 FDTD cells 
FDTD timestep is: 0.00 s; Nyquist rate: 23 timesteps @103053766650.00 Hz
Excitation signal length is: 273 timesteps (0.00s)
Max. number of timesteps: 60000 ( --> 219.78 * Excitation signal length)
Create FDTD engine (compressed SSE + multi-threading)
Running FDTD engine... this may take a while... grab a cup of coffee?!?
[@        4s] Timestep:          125 || Speed:  116.2 MC/s (3.214e-02 s/TS) || Energy: ~2.39e-18 (- 0.00dB)
[@        8s] Timestep:          325 || Speed:  185.2 MC/s (2.017e-02 s/TS) || Energy: ~9.82e-18 (- 0.00dB)
[@       12s] Timestep:          555 || Speed:  212.3 MC/s (1.760e-02 s/TS) || Energy: ~3.40e-18 (- 4.61dB)
[@       16s] Timestep:          800 || Speed:  224.8 MC/s (1.661e-02 s/TS) || Energy: ~6.21e-19 (-11.99dB)
[@       20s] Timestep:         1050 || Speed:  231.8 MC/s (1.612e-02 s/TS) || Energy: ~1.52e-19 (-18.11dB)
[@       24s] Timestep:         1285 || Speed:  217.5 MC/s (1.717e-02 s/TS) || Energy: ~5.52e-20 (-22.51dB)
Multithreaded Engine: Best performance found using 5 threads.
[@       28s] Timestep:         1535 || Speed:  229.5 MC/s (1.628e-02 s/TS) || Energy: ~3.18e-20 (-24.90dB)
[@       32s] Timestep:         1770 || Speed:  215.9 MC/s (1.731e-02 s/TS) || Energy: ~1.76e-20 (-27.46dB)
[@       36s] Timestep:         2020 || Speed:  229.4 MC/s (1.628e-02 s/TS) || Energy: ~1.02e-20 (-29.85dB)
[@       40s] Timestep:         2275 || Speed:  237.6 MC/s (1.572e-02 s/TS) || Energy: ~7.38e-21 (-31.24dB)
[@       44s] Timestep:         2530 || Speed:  237.3 MC/s (1.574e-02 s/TS) || Energy: ~4.94e-21 (-32.98dB)
[@       48s] Timestep:         2785 || Speed:  238.0 MC/s (1.570e-02 s/TS) || Energy: ~3.19e-21 (-34.89dB)
[@       52s] Timestep:         3025 || Speed:  222.9 MC/s (1.676e-02 s/TS) || Energy: ~2.21e-21 (-36.47dB)
[@       56s] Timestep:         3245 || Speed:  203.1 MC/s (1.839e-02 s/TS) || Energy: ~1.63e-21 (-37.80dB)
[@     1m00s] Timestep:         3500 || Speed:  237.5 MC/s (1.573e-02 s/TS) || Energy: ~1.16e-21 (-39.27dB)
[@     1m04s] Timestep:         3760 || Speed:  241.8 MC/s (1.545e-02 s/TS) || Energy: ~6.53e-22 (-41.77dB)
[@     1m08s] Timestep:         4025 || Speed:  243.4 MC/s (1.535e-02 s/TS) || Energy: ~5.05e-22 (-42.89dB)
[@     1m12s] Timestep:         4290 || Speed:  243.1 MC/s (1.537e-02 s/TS) || Energy: ~3.32e-22 (-44.72dB)
[@     1m16s] Timestep:         4555 || Speed:  243.4 MC/s (1.535e-02 s/TS) || Energy: ~2.50e-22 (-45.95dB)
[@     1m20s] Timestep:         4820 || Speed:  244.2 MC/s (1.530e-02 s/TS) || Energy: ~1.82e-22 (-47.32dB)
[@     1m24s] Timestep:         5085 || Speed:  244.4 MC/s (1.528e-02 s/TS) || Energy: ~1.33e-22 (-48.68dB)
[@     1m28s] Timestep:         5355 || Speed:  247.9 MC/s (1.507e-02 s/TS) || Energy: ~9.94e-23 (-49.95dB)
[@     1m32s] Timestep:         5620 || Speed:  245.8 MC/s (1.520e-02 s/TS) || Energy: ~6.43e-23 (-51.84dB)
Time for 5620 iterations with 3735430.00 cells : 92.97 sec
Speed: 225.81 MCells/s 
    [excite port 3/16]
 ---------------------------------------------------------------------- 
 | openEMS 64bit -- version v0.37.0-rc1-2-g7b051bb
 | (C) 2010-2026 Thorsten Liebig <thorsten.liebig@gmx.de>  GPL license
 ---------------------------------------------------------------------- 
	Used external libraries:
		CSXCAD -- Version: v0.7.0-rc1-1-g5115701
		hdf5   -- Version: 1.10.10
		          compiled against: HDF5 library version: 1.10.10
		tinyxml -- compiled against: 2.6.2
		fparser
		boost  -- compiled against: 1_83
		vtk -- Version: 9.1.0
		       compiled against: 9.1.0

Create FDTD operator (compressed SSE + multi-threading)
FDTD simulation size: 109x149x230 --> 3735430.00 FDTD cells 
FDTD timestep is: 0.00 s; Nyquist rate: 23 timesteps @103053766650.00 Hz
Excitation signal length is: 273 timesteps (0.00s)
Max. number of timesteps: 60000 ( --> 219.78 * Excitation signal length)
Create FDTD engine (compressed SSE + multi-threading)
Running FDTD engine... this may take a while... grab a cup of coffee?!?
[@        4s] Timestep:          125 || Speed:  116.5 MC/s (3.205e-02 s/TS) || Energy: ~2.39e-18 (- 0.00dB)
[@        8s] Timestep:          330 || Speed:  189.4 MC/s (1.972e-02 s/TS) || Energy: ~9.13e-18 (- 0.00dB)
[@       12s] Timestep:          555 || Speed:  208.7 MC/s (1.790e-02 s/TS) || Energy: ~2.91e-18 (- 4.97dB)
[@       16s] Timestep:          805 || Speed:  230.1 MC/s (1.623e-02 s/TS) || Energy: ~5.72e-19 (-12.04dB)
[@       20s] Timestep:         1065 || Speed:  241.5 MC/s (1.547e-02 s/TS) || Energy: ~1.51e-19 (-17.82dB)
[@       24s] Timestep:         1335 || Speed:  248.6 MC/s (1.503e-02 s/TS) || Energy: ~4.87e-20 (-22.73dB)
[@       28s] Timestep:         1600 || Speed:  244.0 MC/s (1.531e-02 s/TS) || Energy: ~1.89e-20 (-26.84dB)
Multithreaded Engine: Best performance found using 6 threads.
[@       32s] Timestep:         1870 || Speed:  247.9 MC/s (1.507e-02 s/TS) || Energy: ~1.21e-20 (-28.80dB)
[@       36s] Timestep:         2140 || Speed:  250.4 MC/s (1.492e-02 s/TS) || Energy: ~6.09e-21 (-31.76dB)
[@       40s] Timestep:         2410 || Speed:  251.4 MC/s (1.486e-02 s/TS) || Energy: ~3.96e-21 (-33.63dB)
[@       44s] Timestep:         2680 || Speed:  247.7 MC/s (1.508e-02 s/TS) || Energy: ~2.92e-21 (-34.95dB)
[@       48s] Timestep:         2940 || Speed:  238.9 MC/s (1.564e-02 s/TS) || Energy: ~1.50e-21 (-37.85dB)
[@       52s] Timestep:         3205 || Speed:  245.3 MC/s (1.523e-02 s/TS) || Energy: ~1.20e-21 (-38.80dB)
[@       56s] Timestep:         3470 || Speed:  246.9 MC/s (1.513e-02 s/TS) || Energy: ~7.58e-22 (-40.81dB)
[@     1m00s] Timestep:         3730 || Speed:  242.6 MC/s (1.540e-02 s/TS) || Energy: ~5.15e-22 (-42.49dB)
[@     1m04s] Timestep:         3990 || Speed:  239.3 MC/s (1.561e-02 s/TS) || Energy: ~4.63e-22 (-42.95dB)
[@     1m08s] Timestep:         4255 || Speed:  247.0 MC/s (1.513e-02 s/TS) || Energy: ~2.31e-22 (-45.98dB)
[@     1m12s] Timestep:         4520 || Speed:  245.5 MC/s (1.522e-02 s/TS) || Energy: ~2.11e-22 (-46.37dB)
[@     1m16s] Timestep:         4790 || Speed:  250.5 MC/s (1.491e-02 s/TS) || Energy: ~1.25e-22 (-48.65dB)
[@     1m20s] Timestep:         5050 || Speed:  238.6 MC/s (1.566e-02 s/TS) || Energy: ~1.10e-22 (-49.19dB)
[@     1m24s] Timestep:         5320 || Speed:  248.0 MC/s (1.506e-02 s/TS) || Energy: ~7.07e-23 (-51.11dB)
Time for 5320 iterations with 3735430.00 cells : 84.83 sec
Speed: 234.26 MCells/s 
    [excite port 4/16]
 ---------------------------------------------------------------------- 
 | openEMS 64bit -- version v0.37.0-rc1-2-g7b051bb
 | (C) 2010-2026 Thorsten Liebig <thorsten.liebig@gmx.de>  GPL license
 ---------------------------------------------------------------------- 
	Used external libraries:
		CSXCAD -- Version: v0.7.0-rc1-1-g5115701
		hdf5   -- Version: 1.10.10
		          compiled against: HDF5 library version: 1.10.10
		tinyxml -- compiled against: 2.6.2
		fparser
		boost  -- compiled against: 1_83
		vtk -- Version: 9.1.0
		       compiled against: 9.1.0

Create FDTD operator (compressed SSE + multi-threading)
FDTD simulation size: 109x149x230 --> 3735430.00 FDTD cells 
FDTD timestep is: 0.00 s; Nyquist rate: 23 timesteps @103053766650.00 Hz
Excitation signal length is: 273 timesteps (0.00s)
Max. number of timesteps: 60000 ( --> 219.78 * Excitation signal length)
Create FDTD engine (compressed SSE + multi-threading)
Running FDTD engine... this may take a while... grab a cup of coffee?!?
[@        4s] Timestep:          125 || Speed:  115.3 MC/s (3.239e-02 s/TS) || Energy: ~2.39e-18 (- 0.00dB)
[@        8s] Timestep:          335 || Speed:  191.8 MC/s (1.948e-02 s/TS) || Energy: ~8.74e-18 (- 0.00dB)
[@       12s] Timestep:          570 || Speed:  218.6 MC/s (1.709e-02 s/TS) || Energy: ~2.75e-18 (- 5.03dB)
[@       16s] Timestep:          820 || Speed:  231.6 MC/s (1.613e-02 s/TS) || Energy: ~5.07e-19 (-12.36dB)
[@       20s] Timestep:         1075 || Speed:  235.9 MC/s (1.583e-02 s/TS) || Energy: ~1.39e-19 (-17.99dB)
[@       24s] Timestep:         1340 || Speed:  242.8 MC/s (1.539e-02 s/TS) || Energy: ~5.35e-20 (-22.13dB)
[@       28s] Timestep:         1600 || Speed:  240.3 MC/s (1.554e-02 s/TS) || Energy: ~3.08e-20 (-24.52dB)
Multithreaded Engine: Best performance found using 6 threads.
[@       32s] Timestep:         1860 || Speed:  239.2 MC/s (1.562e-02 s/TS) || Energy: ~1.73e-20 (-27.03dB)
[@       36s] Timestep:         2120 || Speed:  241.8 MC/s (1.545e-02 s/TS) || Energy: ~1.05e-20 (-29.22dB)
[@       40s] Timestep:         2380 || Speed:  239.2 MC/s (1.562e-02 s/TS) || Energy: ~6.16e-21 (-31.52dB)
[@       44s] Timestep:         2635 || Speed:  235.6 MC/s (1.585e-02 s/TS) || Energy: ~4.52e-21 (-32.87dB)
[@       48s] Timestep:         2895 || Speed:  238.4 MC/s (1.567e-02 s/TS) || Energy: ~3.18e-21 (-34.39dB)
[@       52s] Timestep:         3155 || Speed:  240.0 MC/s (1.557e-02 s/TS) || Energy: ~1.87e-21 (-36.70dB)
[@       56s] Timestep:         3410 || Speed:  235.8 MC/s (1.584e-02 s/TS) || Energy: ~1.34e-21 (-38.14dB)
[@     1m00s] Timestep:         3675 || Speed:  243.9 MC/s (1.532e-02 s/TS) || Energy: ~1.07e-21 (-39.11dB)
[@     1m04s] Timestep:         3940 || Speed:  244.6 MC/s (1.527e-02 s/TS) || Energy: ~6.90e-22 (-41.03dB)
[@     1m08s] Timestep:         4195 || Speed:  233.5 MC/s (1.600e-02 s/TS) || Energy: ~4.58e-22 (-42.81dB)
[@     1m12s] Timestep:         4460 || Speed:  243.9 MC/s (1.532e-02 s/TS) || Energy: ~3.34e-22 (-44.18dB)
[@     1m16s] Timestep:         4725 || Speed:  244.6 MC/s (1.527e-02 s/TS) || Energy: ~2.37e-22 (-45.66dB)
[@     1m21s] Timestep:         4980 || Speed:  235.2 MC/s (1.588e-02 s/TS) || Energy: ~1.77e-22 (-46.94dB)
[@     1m25s] Timestep:         5240 || Speed:  241.9 MC/s (1.544e-02 s/TS) || Energy: ~1.30e-22 (-48.28dB)
[@     1m29s] Timestep:         5500 || Speed:  241.7 MC/s (1.545e-02 s/TS) || Energy: ~8.42e-23 (-50.16dB)
Time for 5500 iterations with 3735430.00 cells : 89.06 sec
Speed: 230.68 MCells/s 
    [excite port 5/16]
 ---------------------------------------------------------------------- 
 | openEMS 64bit -- version v0.37.0-rc1-2-g7b051bb
 | (C) 2010-2026 Thorsten Liebig <thorsten.liebig@gmx.de>  GPL license
 ---------------------------------------------------------------------- 
	Used external libraries:
		CSXCAD -- Version: v0.7.0-rc1-1-g5115701
		hdf5   -- Version: 1.10.10
		          compiled against: HDF5 library version: 1.10.10
		tinyxml -- compiled against: 2.6.2
		fparser
		boost  -- compiled against: 1_83
		vtk -- Version: 9.1.0
		       compiled against: 9.1.0

Create FDTD operator (compressed SSE + multi-threading)
FDTD simulation size: 109x149x230 --> 3735430.00 FDTD cells 
FDTD timestep is: 0.00 s; Nyquist rate: 23 timesteps @103053766650.00 Hz
Excitation signal length is: 273 timesteps (0.00s)
Max. number of timesteps: 60000 ( --> 219.78 * Excitation signal length)
Create FDTD engine (compressed SSE + multi-threading)
Running FDTD engine... this may take a while... grab a cup of coffee?!?
[@        4s] Timestep:          125 || Speed:  114.1 MC/s (3.274e-02 s/TS) || Energy: ~2.39e-18 (- 0.00dB)
[@        8s] Timestep:          330 || Speed:  188.9 MC/s (1.978e-02 s/TS) || Energy: ~8.18e-18 (- 0.00dB)
[@       12s] Timestep:          560 || Speed:  214.1 MC/s (1.745e-02 s/TS) || Energy: ~2.70e-18 (- 4.82dB)
[@       16s] Timestep:          805 || Speed:  227.5 MC/s (1.642e-02 s/TS) || Energy: ~4.93e-19 (-12.20dB)
[@       20s] Timestep:         1060 || Speed:  236.6 MC/s (1.579e-02 s/TS) || Energy: ~1.27e-19 (-18.07dB)
[@       24s] Timestep:         1300 || Speed:  222.7 MC/s (1.678e-02 s/TS) || Energy: ~4.73e-20 (-22.38dB)
Multithreaded Engine: Best performance found using 5 threads.
[@       28s] Timestep:         1520 || Speed:  202.5 MC/s (1.844e-02 s/TS) || Energy: ~2.64e-20 (-24.91dB)
[@       32s] Timestep:         1765 || Speed:  225.1 MC/s (1.660e-02 s/TS) || Energy: ~1.50e-20 (-27.37dB)
[@       36s] Timestep:         2015 || Speed:  230.0 MC/s (1.624e-02 s/TS) || Energy: ~8.56e-21 (-29.80dB)
[@       40s] Timestep:         2265 || Speed:  232.4 MC/s (1.607e-02 s/TS) || Energy: ~5.75e-21 (-31.53dB)
[@       44s] Timestep:         2530 || Speed:  244.2 MC/s (1.529e-02 s/TS) || Energy: ~3.02e-21 (-34.32dB)
[@       48s] Timestep:         2795 || Speed:  245.0 MC/s (1.524e-02 s/TS) || Energy: ~2.25e-21 (-35.60dB)
[@       52s] Timestep:         3060 || Speed:  246.8 MC/s (1.513e-02 s/TS) || Energy: ~1.48e-21 (-37.41dB)
[@       56s] Timestep:         3330 || Speed:  248.7 MC/s (1.502e-02 s/TS) || Energy: ~8.31e-22 (-39.93dB)
[@     1m00s] Timestep:         3600 || Speed:  250.6 MC/s (1.491e-02 s/TS) || Energy: ~6.35e-22 (-41.10dB)
[@     1m04s] Timestep:         3870 || Speed:  251.4 MC/s (1.486e-02 s/TS) || Energy: ~3.78e-22 (-43.35dB)
[@     1m08s] Timestep:         4140 || Speed:  251.6 MC/s (1.485e-02 s/TS) || Energy: ~2.78e-22 (-44.69dB)
[@     1m12s] Timestep:         4415 || Speed:  253.3 MC/s (1.475e-02 s/TS) || Energy: ~2.13e-22 (-45.84dB)
[@     1m16s] Timestep:         4685 || Speed:  251.0 MC/s (1.488e-02 s/TS) || Energy: ~1.50e-22 (-47.37dB)
[@     1m20s] Timestep:         4955 || Speed:  249.2 MC/s (1.499e-02 s/TS) || Energy: ~9.35e-23 (-49.42dB)
[@     1m24s] Timestep:         5220 || Speed:  245.4 MC/s (1.522e-02 s/TS) || Energy: ~8.79e-23 (-49.69dB)
[@     1m28s] Timestep:         5475 || Speed:  235.8 MC/s (1.584e-02 s/TS) || Energy: ~5.38e-23 (-51.82dB)
Time for 5475 iterations with 3735430.00 cells : 88.84 sec
Speed: 230.19 MCells/s 
    [excite port 6/16]
 ---------------------------------------------------------------------- 
 | openEMS 64bit -- version v0.37.0-rc1-2-g7b051bb
 | (C) 2010-2026 Thorsten Liebig <thorsten.liebig@gmx.de>  GPL license
 ---------------------------------------------------------------------- 
	Used external libraries:
		CSXCAD -- Version: v0.7.0-rc1-1-g5115701
		hdf5   -- Version: 1.10.10
		          compiled against: HDF5 library version: 1.10.10
		tinyxml -- compiled against: 2.6.2
		fparser
		boost  -- compiled against: 1_83
		vtk -- Version: 9.1.0
		       compiled against: 9.1.0

Create FDTD operator (compressed SSE + multi-threading)
FDTD simulation size: 109x149x230 --> 3735430.00 FDTD cells 
FDTD timestep is: 0.00 s; Nyquist rate: 23 timesteps @103053766650.00 Hz
Excitation signal length is: 273 timesteps (0.00s)
Max. number of timesteps: 60000 ( --> 219.78 * Excitation signal length)
Create FDTD engine (compressed SSE + multi-threading)
Running FDTD engine... this may take a while... grab a cup of coffee?!?
[@        4s] Timestep:          120 || Speed:  110.5 MC/s (3.379e-02 s/TS) || Energy: ~1.66e-18 (- 0.00dB)
[@        8s] Timestep:          305 || Speed:  169.5 MC/s (2.203e-02 s/TS) || Energy: ~9.42e-18 (- 0.00dB)
[@       12s] Timestep:          530 || Speed:  207.7 MC/s (1.798e-02 s/TS) || Energy: ~3.01e-18 (- 4.95dB)
[@       16s] Timestep:          775 || Speed:  225.2 MC/s (1.659e-02 s/TS) || Energy: ~5.74e-19 (-12.15dB)
[@       20s] Timestep:         1030 || Speed:  236.0 MC/s (1.583e-02 s/TS) || Energy: ~1.44e-19 (-18.17dB)
[@       24s] Timestep:         1280 || Speed:  229.5 MC/s (1.628e-02 s/TS) || Energy: ~4.71e-20 (-23.00dB)
Multithreaded Engine: Best performance found using 5 threads.
[@       28s] Timestep:         1540 || Speed:  241.5 MC/s (1.546e-02 s/TS) || Energy: ~2.86e-20 (-25.17dB)
[@       32s] Timestep:         1800 || Speed:  241.6 MC/s (1.546e-02 s/TS) || Energy: ~1.60e-20 (-27.69dB)
[@       36s] Timestep:         2060 || Speed:  238.7 MC/s (1.565e-02 s/TS) || Energy: ~1.11e-20 (-29.29dB)
[@       40s] Timestep:         2315 || Speed:  237.7 MC/s (1.571e-02 s/TS) || Energy: ~5.86e-21 (-32.06dB)
[@       44s] Timestep:         2575 || Speed:  240.5 MC/s (1.553e-02 s/TS) || Energy: ~4.93e-21 (-32.81dB)
[@       48s] Timestep:         2835 || Speed:  240.6 MC/s (1.552e-02 s/TS) || Energy: ~2.89e-21 (-35.13dB)
[@       52s] Timestep:         3090 || Speed:  234.7 MC/s (1.592e-02 s/TS) || Energy: ~2.05e-21 (-36.62dB)
[@       56s] Timestep:         3340 || Speed:  232.6 MC/s (1.606e-02 s/TS) || Energy: ~1.47e-21 (-38.06dB)
[@     1m00s] Timestep:         3600 || Speed:  242.4 MC/s (1.541e-02 s/TS) || Energy: ~9.84e-22 (-39.81dB)
[@     1m04s] Timestep:         3860 || Speed:  238.9 MC/s (1.564e-02 s/TS) || Energy: ~6.20e-22 (-41.82dB)
[@     1m08s] Timestep:         4115 || Speed:  235.9 MC/s (1.584e-02 s/TS) || Energy: ~4.33e-22 (-43.38dB)
[@     1m12s] Timestep:         4380 || Speed:  245.0 MC/s (1.524e-02 s/TS) || Energy: ~3.30e-22 (-44.55dB)
[@     1m16s] Timestep:         4645 || Speed:  246.2 MC/s (1.517e-02 s/TS) || Energy: ~2.58e-22 (-45.62dB)
[@     1m20s] Timestep:         4910 || Speed:  244.0 MC/s (1.531e-02 s/TS) || Energy: ~1.60e-22 (-47.69dB)
[@     1m24s] Timestep:         5165 || Speed:  238.0 MC/s (1.569e-02 s/TS) || Energy: ~1.37e-22 (-48.38dB)
[@     1m28s] Timestep:         5410 || Speed:  226.0 MC/s (1.653e-02 s/TS) || Energy: ~9.86e-23 (-49.80dB)
[@     1m32s] Timestep:         5665 || Speed:  235.0 MC/s (1.590e-02 s/TS) || Energy: ~6.55e-23 (-51.57dB)
Time for 5665 iterations with 3735430.00 cells : 92.95 sec
Speed: 227.67 MCells/s 
    [excite port 7/16]
 ---------------------------------------------------------------------- 
 | openEMS 64bit -- version v0.37.0-rc1-2-g7b051bb
 | (C) 2010-2026 Thorsten Liebig <thorsten.liebig@gmx.de>  GPL license
 ---------------------------------------------------------------------- 
	Used external libraries:
		CSXCAD -- Version: v0.7.0-rc1-1-g5115701
		hdf5   -- Version: 1.10.10
		          compiled against: HDF5 library version: 1.10.10
		tinyxml -- compiled against: 2.6.2
		fparser
		boost  -- compiled against: 1_83
		vtk -- Version: 9.1.0
		       compiled against: 9.1.0

Create FDTD operator (compressed SSE + multi-threading)
FDTD simulation size: 109x149x230 --> 3735430.00 FDTD cells 
FDTD timestep is: 0.00 s; Nyquist rate: 23 timesteps @103053766650.00 Hz
Excitation signal length is: 273 timesteps (0.00s)
Max. number of timesteps: 60000 ( --> 219.78 * Excitation signal length)
Create FDTD engine (compressed SSE + multi-threading)
Running FDTD engine... this may take a while... grab a cup of coffee?!?
[@        4s] Timestep:          125 || Speed:  113.9 MC/s (3.280e-02 s/TS) || Energy: ~2.39e-18 (- 0.00dB)
[@        8s] Timestep:          325 || Speed:  185.0 MC/s (2.019e-02 s/TS) || Energy: ~7.77e-18 (- 0.00dB)
[@       12s] Timestep:          560 || Speed:  216.9 MC/s (1.722e-02 s/TS) || Energy: ~2.32e-18 (- 5.26dB)
[@       16s] Timestep:          805 || Speed:  225.0 MC/s (1.661e-02 s/TS) || Energy: ~4.53e-19 (-12.34dB)
[@       20s] Timestep:         1065 || Speed:  239.5 MC/s (1.560e-02 s/TS) || Energy: ~1.31e-19 (-17.73dB)
[@       24s] Timestep:         1325 || Speed:  242.0 MC/s (1.544e-02 s/TS) || Energy: ~4.22e-20 (-22.65dB)
[@       28s] Timestep:         1565 || Speed:  222.1 MC/s (1.682e-02 s/TS) || Energy: ~1.89e-20 (-26.15dB)
Multithreaded Engine: Best performance found using 6 threads.
[@       32s] Timestep:         1820 || Speed:  234.9 MC/s (1.590e-02 s/TS) || Energy: ~1.18e-20 (-28.18dB)
[@       36s] Timestep:         2080 || Speed:  238.5 MC/s (1.566e-02 s/TS) || Energy: ~7.90e-21 (-29.93dB)
[@       40s] Timestep:         2340 || Speed:  241.9 MC/s (1.544e-02 s/TS) || Energy: ~4.16e-21 (-32.72dB)
[@       44s] Timestep:         2600 || Speed:  241.0 MC/s (1.550e-02 s/TS) || Energy: ~3.04e-21 (-34.08dB)
[@       48s] Timestep:         2850 || Speed:  233.1 MC/s (1.603e-02 s/TS) || Energy: ~2.42e-21 (-35.07dB)
[@       52s] Timestep:         3120 || Speed:  249.4 MC/s (1.498e-02 s/TS) || Energy: ~1.27e-21 (-37.86dB)
[@       56s] Timestep:         3385 || Speed:  247.5 MC/s (1.509e-02 s/TS) || Energy: ~1.18e-21 (-38.17dB)
[@     1m00s] Timestep:         3650 || Speed:  244.3 MC/s (1.529e-02 s/TS) || Energy: ~5.18e-22 (-41.76dB)
[@     1m04s] Timestep:         3915 || Speed:  244.3 MC/s (1.529e-02 s/TS) || Energy: ~6.12e-22 (-41.04dB)
[@     1m08s] Timestep:         4175 || Speed:  242.4 MC/s (1.541e-02 s/TS) || Energy: ~3.22e-22 (-43.82dB)
[@     1m12s] Timestep:         4440 || Speed:  246.2 MC/s (1.517e-02 s/TS) || Energy: ~2.92e-22 (-44.25dB)
[@     1m16s] Timestep:         4710 || Speed:  247.4 MC/s (1.510e-02 s/TS) || Energy: ~1.28e-22 (-47.82dB)
[@     1m20s] Timestep:         4965 || Speed:  235.8 MC/s (1.584e-02 s/TS) || Energy: ~1.35e-22 (-47.59dB)
[@     1m24s] Timestep:         5230 || Speed:  246.7 MC/s (1.514e-02 s/TS) || Energy: ~8.49e-23 (-49.61dB)
[@     1m28s] Timestep:         5495 || Speed:  245.8 MC/s (1.520e-02 s/TS) || Energy: ~6.54e-23 (-50.75dB)
Time for 5495 iterations with 3735430.00 cells : 88.87 sec
Speed: 230.96 MCells/s 
    [excite port 8/16]
 ---------------------------------------------------------------------- 
 | openEMS 64bit -- version v0.37.0-rc1-2-g7b051bb
 | (C) 2010-2026 Thorsten Liebig <thorsten.liebig@gmx.de>  GPL license
 ---------------------------------------------------------------------- 
	Used external libraries:
		CSXCAD -- Version: v0.7.0-rc1-1-g5115701
		hdf5   -- Version: 1.10.10
		          compiled against: HDF5 library version: 1.10.10
		tinyxml -- compiled against: 2.6.2
		fparser
		boost  -- compiled against: 1_83
		vtk -- Version: 9.1.0
		       compiled against: 9.1.0

Create FDTD operator (compressed SSE + multi-threading)
FDTD simulation size: 109x149x230 --> 3735430.00 FDTD cells 
FDTD timestep is: 0.00 s; Nyquist rate: 23 timesteps @103053766650.00 Hz
Excitation signal length is: 273 timesteps (0.00s)
Max. number of timesteps: 60000 ( --> 219.78 * Excitation signal length)
Create FDTD engine (compressed SSE + multi-threading)
Running FDTD engine... this may take a while... grab a cup of coffee?!?
[@        4s] Timestep:          120 || Speed:  110.6 MC/s (3.376e-02 s/TS) || Energy: ~1.66e-18 (- 0.00dB)
[@        8s] Timestep:          325 || Speed:  191.2 MC/s (1.954e-02 s/TS) || Energy: ~7.57e-18 (- 0.00dB)
[@       12s] Timestep:          560 || Speed:  218.9 MC/s (1.706e-02 s/TS) || Energy: ~2.24e-18 (- 5.29dB)
[@       16s] Timestep:          800 || Speed:  223.1 MC/s (1.674e-02 s/TS) || Energy: ~4.45e-19 (-12.31dB)
[@       20s] Timestep:         1055 || Speed:  237.4 MC/s (1.573e-02 s/TS) || Energy: ~1.37e-19 (-17.41dB)
[@       24s] Timestep:         1310 || Speed:  235.6 MC/s (1.586e-02 s/TS) || Energy: ~5.66e-20 (-21.27dB)
Multithreaded Engine: Best performance found using 5 threads.
[@       28s] Timestep:         1560 || Speed:  229.3 MC/s (1.629e-02 s/TS) || Energy: ~3.19e-20 (-23.76dB)
[@       32s] Timestep:         1805 || Speed:  226.8 MC/s (1.647e-02 s/TS) || Energy: ~1.96e-20 (-25.88dB)
[@       36s] Timestep:         2055 || Speed:  231.9 MC/s (1.611e-02 s/TS) || Energy: ~1.17e-20 (-28.13dB)
[@       40s] Timestep:         2310 || Speed:  237.6 MC/s (1.572e-02 s/TS) || Energy: ~7.46e-21 (-30.07dB)
[@       44s] Timestep:         2560 || Speed:  231.5 MC/s (1.614e-02 s/TS) || Energy: ~5.31e-21 (-31.54dB)
[@       48s] Timestep:         2815 || Speed:  237.7 MC/s (1.571e-02 s/TS) || Energy: ~2.80e-21 (-34.33dB)
[@       52s] Timestep:         3070 || Speed:  235.7 MC/s (1.584e-02 s/TS) || Energy: ~2.44e-21 (-34.92dB)
[@       56s] Timestep:         3325 || Speed:  237.9 MC/s (1.570e-02 s/TS) || Energy: ~1.65e-21 (-36.61dB)
[@     1m00s] Timestep:         3580 || Speed:  236.7 MC/s (1.578e-02 s/TS) || Energy: ~9.51e-22 (-39.01dB)
[@     1m04s] Timestep:         3835 || Speed:  235.7 MC/s (1.585e-02 s/TS) || Energy: ~8.03e-22 (-39.75dB)
[@     1m08s] Timestep:         4085 || Speed:  232.7 MC/s (1.605e-02 s/TS) || Energy: ~4.77e-22 (-42.01dB)
[@     1m12s] Timestep:         4350 || Speed:  246.2 MC/s (1.517e-02 s/TS) || Energy: ~3.57e-22 (-43.27dB)
[@     1m16s] Timestep:         4610 || Speed:  241.9 MC/s (1.544e-02 s/TS) || Energy: ~2.63e-22 (-44.59dB)
[@     1m20s] Timestep:         4870 || Speed:  241.4 MC/s (1.548e-02 s/TS) || Energy: ~2.27e-22 (-45.23dB)
[@     1m24s] Timestep:         5130 || Speed:  242.2 MC/s (1.542e-02 s/TS) || Energy: ~1.41e-22 (-47.29dB)
[@     1m28s] Timestep:         5365 || Speed:  216.5 MC/s (1.725e-02 s/TS) || Energy: ~1.18e-22 (-48.08dB)
[@     1m32s] Timestep:         5615 || Speed:  232.0 MC/s (1.610e-02 s/TS) || Energy: ~7.74e-23 (-49.91dB)
[@     1m36s] Timestep:         5875 || Speed:  239.2 MC/s (1.562e-02 s/TS) || Energy: ~5.42e-23 (-51.45dB)
Time for 5875 iterations with 3735430.00 cells : 96.66 sec
Speed: 227.04 MCells/s 
    [excite port 9/16]
 ---------------------------------------------------------------------- 
 | openEMS 64bit -- version v0.37.0-rc1-2-g7b051bb
 | (C) 2010-2026 Thorsten Liebig <thorsten.liebig@gmx.de>  GPL license
 ---------------------------------------------------------------------- 
	Used external libraries:
		CSXCAD -- Version: v0.7.0-rc1-1-g5115701
		hdf5   -- Version: 1.10.10
		          compiled against: HDF5 library version: 1.10.10
		tinyxml -- compiled against: 2.6.2
		fparser
		boost  -- compiled against: 1_83
		vtk -- Version: 9.1.0
		       compiled against: 9.1.0

Create FDTD operator (compressed SSE + multi-threading)
FDTD simulation size: 109x149x230 --> 3735430.00 FDTD cells 
FDTD timestep is: 0.00 s; Nyquist rate: 23 timesteps @103053766650.00 Hz
Excitation signal length is: 273 timesteps (0.00s)
Max. number of timesteps: 60000 ( --> 219.78 * Excitation signal length)
Create FDTD engine (compressed SSE + multi-threading)
Running FDTD engine... this may take a while... grab a cup of coffee?!?
[@        4s] Timestep:          120 || Speed:  109.3 MC/s (3.417e-02 s/TS) || Energy: ~1.66e-18 (- 0.00dB)
[@        8s] Timestep:          315 || Speed:  180.3 MC/s (2.071e-02 s/TS) || Energy: ~7.12e-18 (- 0.00dB)
[@       12s] Timestep:          540 || Speed:  209.6 MC/s (1.783e-02 s/TS) || Energy: ~2.06e-18 (- 5.38dB)
[@       16s] Timestep:          780 || Speed:  221.9 MC/s (1.683e-02 s/TS) || Energy: ~4.77e-19 (-11.74dB)
[@       20s] Timestep:         1030 || Speed:  231.6 MC/s (1.613e-02 s/TS) || Energy: ~1.29e-19 (-17.41dB)
[@       24s] Timestep:         1295 || Speed:  243.4 MC/s (1.535e-02 s/TS) || Energy: ~4.03e-20 (-22.47dB)
[@       28s] Timestep:         1540 || Speed:  226.7 MC/s (1.648e-02 s/TS) || Energy: ~1.98e-20 (-25.56dB)
Multithreaded Engine: Best performance found using 6 threads.
[@       32s] Timestep:         1805 || Speed:  245.2 MC/s (1.524e-02 s/TS) || Energy: ~1.12e-20 (-28.03dB)
[@       36s] Timestep:         2070 || Speed:  245.1 MC/s (1.524e-02 s/TS) || Energy: ~7.24e-21 (-29.93dB)
[@       40s] Timestep:         2315 || Speed:  227.6 MC/s (1.641e-02 s/TS) || Energy: ~4.52e-21 (-31.97dB)
[@       44s] Timestep:         2580 || Speed:  245.7 MC/s (1.520e-02 s/TS) || Energy: ~3.59e-21 (-32.97dB)
[@       48s] Timestep:         2850 || Speed:  247.7 MC/s (1.508e-02 s/TS) || Energy: ~2.54e-21 (-34.47dB)
[@       52s] Timestep:         3115 || Speed:  246.8 MC/s (1.513e-02 s/TS) || Energy: ~1.30e-21 (-37.38dB)
[@       56s] Timestep:         3375 || Speed:  242.8 MC/s (1.538e-02 s/TS) || Energy: ~9.48e-22 (-38.76dB)
[@     1m00s] Timestep:         3640 || Speed:  244.7 MC/s (1.527e-02 s/TS) || Energy: ~7.56e-22 (-39.74dB)
[@     1m04s] Timestep:         3905 || Speed:  243.3 MC/s (1.535e-02 s/TS) || Energy: ~4.92e-22 (-41.60dB)
[@     1m08s] Timestep:         4170 || Speed:  243.8 MC/s (1.532e-02 s/TS) || Energy: ~3.27e-22 (-43.37dB)
[@     1m12s] Timestep:         4430 || Speed:  242.3 MC/s (1.541e-02 s/TS) || Energy: ~2.25e-22 (-45.00dB)
[@     1m16s] Timestep:         4675 || Speed:  226.4 MC/s (1.650e-02 s/TS) || Energy: ~1.60e-22 (-46.48dB)
[@     1m20s] Timestep:         4930 || Speed:  238.0 MC/s (1.569e-02 s/TS) || Energy: ~1.51e-22 (-46.74dB)
[@     1m24s] Timestep:         5185 || Speed:  235.2 MC/s (1.588e-02 s/TS) || Energy: ~1.16e-22 (-47.88dB)
[@     1m28s] Timestep:         5445 || Speed:  242.1 MC/s (1.543e-02 s/TS) || Energy: ~6.11e-23 (-50.66dB)
Time for 5445 iterations with 3735430.00 cells : 88.83 sec
Speed: 228.98 MCells/s 
    [excite port 10/16]
 ---------------------------------------------------------------------- 
 | openEMS 64bit -- version v0.37.0-rc1-2-g7b051bb
 | (C) 2010-2026 Thorsten Liebig <thorsten.liebig@gmx.de>  GPL license
 ---------------------------------------------------------------------- 
	Used external libraries:
		CSXCAD -- Version: v0.7.0-rc1-1-g5115701
		hdf5   -- Version: 1.10.10
		          compiled against: HDF5 library version: 1.10.10
		tinyxml -- compiled against: 2.6.2
		fparser
		boost  -- compiled against: 1_83
		vtk -- Version: 9.1.0
		       compiled against: 9.1.0

Create FDTD operator (compressed SSE + multi-threading)
FDTD simulation size: 109x149x230 --> 3735430.00 FDTD cells 
FDTD timestep is: 0.00 s; Nyquist rate: 23 timesteps @103053766650.00 Hz
Excitation signal length is: 273 timesteps (0.00s)
Max. number of timesteps: 60000 ( --> 219.78 * Excitation signal length)
Create FDTD engine (compressed SSE + multi-threading)
Running FDTD engine... this may take a while... grab a cup of coffee?!?
[@        4s] Timestep:          115 || Speed:  107.0 MC/s (3.490e-02 s/TS) || Energy: ~1.57e-18 (- 0.00dB)
[@        8s] Timestep:          305 || Speed:  175.4 MC/s (2.129e-02 s/TS) || Energy: ~7.85e-18 (- 0.00dB)
[@       12s] Timestep:          515 || Speed:  196.0 MC/s (1.906e-02 s/TS) || Energy: ~2.16e-18 (- 5.61dB)
[@       16s] Timestep:          755 || Speed:  220.2 MC/s (1.696e-02 s/TS) || Energy: ~5.27e-19 (-11.73dB)
[@       20s] Timestep:         1005 || Speed:  229.3 MC/s (1.629e-02 s/TS) || Energy: ~1.28e-19 (-17.89dB)
[@       24s] Timestep:         1245 || Speed:  221.6 MC/s (1.686e-02 s/TS) || Energy: ~4.69e-20 (-22.24dB)
Multithreaded Engine: Best performance found using 5 threads.
[@       28s] Timestep:         1490 || Speed:  225.2 MC/s (1.659e-02 s/TS) || Energy: ~2.90e-20 (-24.33dB)
[@       32s] Timestep:         1735 || Speed:  226.3 MC/s (1.651e-02 s/TS) || Energy: ~1.99e-20 (-25.95dB)
[@       36s] Timestep:         1970 || Speed:  217.3 MC/s (1.719e-02 s/TS) || Energy: ~1.19e-20 (-28.20dB)
[@       40s] Timestep:         2230 || Speed:  240.6 MC/s (1.552e-02 s/TS) || Energy: ~8.38e-21 (-29.72dB)
[@       44s] Timestep:         2490 || Speed:  242.1 MC/s (1.543e-02 s/TS) || Energy: ~5.16e-21 (-31.82dB)
[@       48s] Timestep:         2745 || Speed:  238.1 MC/s (1.569e-02 s/TS) || Energy: ~3.17e-21 (-33.94dB)
[@       52s] Timestep:         3010 || Speed:  244.5 MC/s (1.528e-02 s/TS) || Energy: ~2.26e-21 (-35.40dB)
[@       56s] Timestep:         3275 || Speed:  246.5 MC/s (1.516e-02 s/TS) || Energy: ~1.54e-21 (-37.06dB)
[@     1m00s] Timestep:         3535 || Speed:  241.8 MC/s (1.545e-02 s/TS) || Energy: ~1.16e-21 (-38.30dB)
[@     1m04s] Timestep:         3800 || Speed:  245.4 MC/s (1.522e-02 s/TS) || Energy: ~7.66e-22 (-40.11dB)
[@     1m08s] Timestep:         4065 || Speed:  243.7 MC/s (1.533e-02 s/TS) || Energy: ~5.64e-22 (-41.43dB)
[@     1m12s] Timestep:         4330 || Speed:  243.5 MC/s (1.534e-02 s/TS) || Energy: ~3.43e-22 (-43.59dB)
[@     1m16s] Timestep:         4595 || Speed:  245.9 MC/s (1.519e-02 s/TS) || Energy: ~2.43e-22 (-45.10dB)
[@     1m20s] Timestep:         4850 || Speed:  235.9 MC/s (1.583e-02 s/TS) || Energy: ~1.46e-22 (-47.30dB)
[@     1m24s] Timestep:         5110 || Speed:  240.2 MC/s (1.555e-02 s/TS) || Energy: ~1.31e-22 (-47.78dB)
[@     1m28s] Timestep:         5370 || Speed:  242.6 MC/s (1.540e-02 s/TS) || Energy: ~9.60e-23 (-49.13dB)
[@     1m32s] Timestep:         5635 || Speed:  246.6 MC/s (1.514e-02 s/TS) || Energy: ~6.17e-23 (-51.04dB)
Time for 5635 iterations with 3735430.00 cells : 92.81 sec
Speed: 226.79 MCells/s 
    [excite port 11/16]
 ---------------------------------------------------------------------- 
 | openEMS 64bit -- version v0.37.0-rc1-2-g7b051bb
 | (C) 2010-2026 Thorsten Liebig <thorsten.liebig@gmx.de>  GPL license
 ---------------------------------------------------------------------- 
	Used external libraries:
		CSXCAD -- Version: v0.7.0-rc1-1-g5115701
		hdf5   -- Version: 1.10.10
		          compiled against: HDF5 library version: 1.10.10
		tinyxml -- compiled against: 2.6.2
		fparser
		boost  -- compiled against: 1_83
		vtk -- Version: 9.1.0
		       compiled against: 9.1.0

Create FDTD operator (compressed SSE + multi-threading)
FDTD simulation size: 109x149x230 --> 3735430.00 FDTD cells 
FDTD timestep is: 0.00 s; Nyquist rate: 23 timesteps @103053766650.00 Hz
Excitation signal length is: 273 timesteps (0.00s)
Max. number of timesteps: 60000 ( --> 219.78 * Excitation signal length)
Create FDTD engine (compressed SSE + multi-threading)
Running FDTD engine... this may take a while... grab a cup of coffee?!?
[@        4s] Timestep:          125 || Speed:  116.4 MC/s (3.210e-02 s/TS) || Energy: ~2.39e-18 (- 0.00dB)
[@        8s] Timestep:          335 || Speed:  194.1 MC/s (1.925e-02 s/TS) || Energy: ~7.40e-18 (- 0.00dB)
[@       12s] Timestep:          575 || Speed:  222.0 MC/s (1.683e-02 s/TS) || Energy: ~2.56e-18 (- 4.61dB)
[@       16s] Timestep:          830 || Speed:  234.2 MC/s (1.595e-02 s/TS) || Energy: ~4.56e-19 (-12.10dB)
[@       20s] Timestep:         1100 || Speed:  248.8 MC/s (1.501e-02 s/TS) || Energy: ~1.05e-19 (-18.49dB)
[@       24s] Timestep:         1370 || Speed:  251.1 MC/s (1.488e-02 s/TS) || Energy: ~3.58e-20 (-23.15dB)
[@       28s] Timestep:         1635 || Speed:  245.8 MC/s (1.520e-02 s/TS) || Energy: ~1.53e-20 (-26.84dB)
Multithreaded Engine: Best performance found using 6 threads.
[@       32s] Timestep:         1905 || Speed:  250.6 MC/s (1.491e-02 s/TS) || Energy: ~9.43e-21 (-28.94dB)
[@       36s] Timestep:         2175 || Speed:  248.9 MC/s (1.501e-02 s/TS) || Energy: ~4.96e-21 (-31.74dB)
[@       40s] Timestep:         2445 || Speed:  250.3 MC/s (1.493e-02 s/TS) || Energy: ~3.38e-21 (-33.40dB)
[@       44s] Timestep:         2715 || Speed:  249.9 MC/s (1.495e-02 s/TS) || Energy: ~2.23e-21 (-35.21dB)
[@       48s] Timestep:         2985 || Speed:  251.1 MC/s (1.488e-02 s/TS) || Energy: ~1.24e-21 (-37.75dB)
[@       52s] Timestep:         3250 || Speed:  244.9 MC/s (1.525e-02 s/TS) || Energy: ~9.44e-22 (-38.94dB)
[@       56s] Timestep:         3515 || Speed:  245.8 MC/s (1.520e-02 s/TS) || Energy: ~5.46e-22 (-41.32dB)
[@     1m00s] Timestep:         3790 || Speed:  252.4 MC/s (1.480e-02 s/TS) || Energy: ~3.56e-22 (-43.18dB)
[@     1m04s] Timestep:         4060 || Speed:  248.8 MC/s (1.502e-02 s/TS) || Energy: ~2.85e-22 (-44.14dB)
[@     1m08s] Timestep:         4330 || Speed:  248.7 MC/s (1.502e-02 s/TS) || Energy: ~1.92e-22 (-45.86dB)
[@     1m12s] Timestep:         4605 || Speed:  252.6 MC/s (1.479e-02 s/TS) || Energy: ~1.42e-22 (-47.17dB)
[@     1m16s] Timestep:         4880 || Speed:  253.7 MC/s (1.472e-02 s/TS) || Energy: ~9.48e-23 (-48.92dB)
[@     1m20s] Timestep:         5155 || Speed:  254.3 MC/s (1.469e-02 s/TS) || Energy: ~6.91e-23 (-50.29dB)
Time for 5155 iterations with 3735430.00 cells : 80.82 sec
Speed: 238.25 MCells/s 
    [excite port 12/16]
 ---------------------------------------------------------------------- 
 | openEMS 64bit -- version v0.37.0-rc1-2-g7b051bb
 | (C) 2010-2026 Thorsten Liebig <thorsten.liebig@gmx.de>  GPL license
 ---------------------------------------------------------------------- 
	Used external libraries:
		CSXCAD -- Version: v0.7.0-rc1-1-g5115701
		hdf5   -- Version: 1.10.10
		          compiled against: HDF5 library version: 1.10.10
		tinyxml -- compiled against: 2.6.2
		fparser
		boost  -- compiled against: 1_83
		vtk -- Version: 9.1.0
		       compiled against: 9.1.0

Create FDTD operator (compressed SSE + multi-threading)
FDTD simulation size: 109x149x230 --> 3735430.00 FDTD cells 
FDTD timestep is: 0.00 s; Nyquist rate: 23 timesteps @103053766650.00 Hz
Excitation signal length is: 273 timesteps (0.00s)
Max. number of timesteps: 60000 ( --> 219.78 * Excitation signal length)
Create FDTD engine (compressed SSE + multi-threading)
Running FDTD engine... this may take a while... grab a cup of coffee?!?
[@        4s] Timestep:          125 || Speed:  115.0 MC/s (3.249e-02 s/TS) || Energy: ~2.39e-18 (- 0.00dB)
[@        8s] Timestep:          335 || Speed:  194.0 MC/s (1.925e-02 s/TS) || Energy: ~7.42e-18 (- 0.00dB)
[@       12s] Timestep:          570 || Speed:  218.2 MC/s (1.712e-02 s/TS) || Energy: ~2.54e-18 (- 4.65dB)
[@       16s] Timestep:          820 || Speed:  233.0 MC/s (1.603e-02 s/TS) || Energy: ~5.09e-19 (-11.64dB)
[@       20s] Timestep:         1085 || Speed:  247.3 MC/s (1.511e-02 s/TS) || Energy: ~1.25e-19 (-17.74dB)
[@       24s] Timestep:         1350 || Speed:  243.1 MC/s (1.537e-02 s/TS) || Energy: ~4.62e-20 (-22.06dB)
Multithreaded Engine: Best performance found using 5 threads.
[@       28s] Timestep:         1615 || Speed:  244.5 MC/s (1.528e-02 s/TS) || Energy: ~2.50e-20 (-24.72dB)
[@       32s] Timestep:         1880 || Speed:  246.8 MC/s (1.514e-02 s/TS) || Energy: ~1.56e-20 (-26.78dB)
[@       36s] Timestep:         2140 || Speed:  242.7 MC/s (1.539e-02 s/TS) || Energy: ~8.91e-21 (-29.20dB)
[@       40s] Timestep:         2405 || Speed:  246.1 MC/s (1.518e-02 s/TS) || Energy: ~7.14e-21 (-30.16dB)
[@       44s] Timestep:         2670 || Speed:  246.8 MC/s (1.513e-02 s/TS) || Energy: ~3.89e-21 (-32.80dB)
[@       48s] Timestep:         2935 || Speed:  246.4 MC/s (1.516e-02 s/TS) || Energy: ~2.32e-21 (-35.06dB)
[@       52s] Timestep:         3200 || Speed:  247.2 MC/s (1.511e-02 s/TS) || Energy: ~1.82e-21 (-36.11dB)
[@       56s] Timestep:         3465 || Speed:  245.1 MC/s (1.524e-02 s/TS) || Energy: ~1.05e-21 (-38.50dB)
[@     1m00s] Timestep:         3735 || Speed:  249.5 MC/s (1.497e-02 s/TS) || Energy: ~7.05e-22 (-40.22dB)
[@     1m04s] Timestep:         4000 || Speed:  247.3 MC/s (1.510e-02 s/TS) || Energy: ~5.10e-22 (-41.63dB)
[@     1m08s] Timestep:         4265 || Speed:  244.3 MC/s (1.529e-02 s/TS) || Energy: ~3.63e-22 (-43.10dB)
[@     1m12s] Timestep:         4525 || Speed:  240.1 MC/s (1.556e-02 s/TS) || Energy: ~2.15e-22 (-45.38dB)
[@     1m16s] Timestep:         4785 || Speed:  241.6 MC/s (1.546e-02 s/TS) || Energy: ~1.66e-22 (-46.51dB)
[@     1m20s] Timestep:         5045 || Speed:  242.5 MC/s (1.541e-02 s/TS) || Energy: ~1.13e-22 (-48.16dB)
[@     1m24s] Timestep:         5305 || Speed:  242.7 MC/s (1.539e-02 s/TS) || Energy: ~7.96e-23 (-49.69dB)
[@     1m28s] Timestep:         5565 || Speed:  240.4 MC/s (1.554e-02 s/TS) || Energy: ~5.31e-23 (-51.45dB)
Time for 5565 iterations with 3735430.00 cells : 88.58 sec
Speed: 234.68 MCells/s 
    [excite port 13/16]
 ---------------------------------------------------------------------- 
 | openEMS 64bit -- version v0.37.0-rc1-2-g7b051bb
 | (C) 2010-2026 Thorsten Liebig <thorsten.liebig@gmx.de>  GPL license
 ---------------------------------------------------------------------- 
	Used external libraries:
		CSXCAD -- Version: v0.7.0-rc1-1-g5115701
		hdf5   -- Version: 1.10.10
		          compiled against: HDF5 library version: 1.10.10
		tinyxml -- compiled against: 2.6.2
		fparser
		boost  -- compiled against: 1_83
		vtk -- Version: 9.1.0
		       compiled against: 9.1.0

Create FDTD operator (compressed SSE + multi-threading)
FDTD simulation size: 109x149x230 --> 3735430.00 FDTD cells 
FDTD timestep is: 0.00 s; Nyquist rate: 23 timesteps @103053766650.00 Hz
Excitation signal length is: 273 timesteps (0.00s)
Max. number of timesteps: 60000 ( --> 219.78 * Excitation signal length)
Create FDTD engine (compressed SSE + multi-threading)
Running FDTD engine... this may take a while... grab a cup of coffee?!?
[@        4s] Timestep:          125 || Speed:  115.6 MC/s (3.232e-02 s/TS) || Energy: ~2.39e-18 (- 0.00dB)
[@        8s] Timestep:          335 || Speed:  193.7 MC/s (1.928e-02 s/TS) || Energy: ~6.72e-18 (- 0.22dB)
[@       12s] Timestep:          575 || Speed:  219.8 MC/s (1.700e-02 s/TS) || Energy: ~2.10e-18 (- 5.26dB)
[@       16s] Timestep:          830 || Speed:  235.7 MC/s (1.585e-02 s/TS) || Energy: ~3.80e-19 (-12.69dB)
[@       20s] Timestep:         1090 || Speed:  239.7 MC/s (1.559e-02 s/TS) || Energy: ~1.01e-19 (-18.46dB)
[@       24s] Timestep:         1345 || Speed:  235.2 MC/s (1.588e-02 s/TS) || Energy: ~4.14e-20 (-22.32dB)
Multithreaded Engine: Best performance found using 5 threads.
[@       28s] Timestep:         1570 || Speed:  210.1 MC/s (1.778e-02 s/TS) || Energy: ~1.69e-20 (-26.22dB)
[@       32s] Timestep:         1830 || Speed:  240.9 MC/s (1.551e-02 s/TS) || Energy: ~1.22e-20 (-27.61dB)
[@       36s] Timestep:         2090 || Speed:  240.0 MC/s (1.556e-02 s/TS) || Energy: ~7.82e-21 (-29.56dB)
[@       40s] Timestep:         2350 || Speed:  242.1 MC/s (1.543e-02 s/TS) || Energy: ~3.53e-21 (-33.01dB)
[@       44s] Timestep:         2610 || Speed:  239.7 MC/s (1.558e-02 s/TS) || Energy: ~3.95e-21 (-32.53dB)
[@       48s] Timestep:         2840 || Speed:  212.8 MC/s (1.755e-02 s/TS) || Energy: ~1.78e-21 (-35.99dB)
[@       52s] Timestep:         3070 || Speed:  213.5 MC/s (1.749e-02 s/TS) || Energy: ~2.07e-21 (-35.33dB)
[@       56s] Timestep:         3325 || Speed:  236.5 MC/s (1.580e-02 s/TS) || Energy: ~1.28e-21 (-37.41dB)
[@     1m00s] Timestep:         3585 || Speed:  240.4 MC/s (1.554e-02 s/TS) || Energy: ~6.47e-22 (-40.38dB)
[@     1m04s] Timestep:         3850 || Speed:  243.5 MC/s (1.534e-02 s/TS) || Energy: ~7.24e-22 (-39.89dB)
[@     1m08s] Timestep:         4115 || Speed:  247.2 MC/s (1.511e-02 s/TS) || Energy: ~3.42e-22 (-43.15dB)
[@     1m12s] Timestep:         4380 || Speed:  246.6 MC/s (1.515e-02 s/TS) || Energy: ~3.65e-22 (-42.86dB)
[@     1m16s] Timestep:         4650 || Speed:  247.4 MC/s (1.510e-02 s/TS) || Energy: ~2.19e-22 (-45.08dB)
[@     1m20s] Timestep:         4915 || Speed:  247.2 MC/s (1.511e-02 s/TS) || Energy: ~1.49e-22 (-46.74dB)
[@     1m24s] Timestep:         5175 || Speed:  242.5 MC/s (1.540e-02 s/TS) || Energy: ~9.91e-23 (-48.53dB)
[@     1m28s] Timestep:         5440 || Speed:  246.1 MC/s (1.518e-02 s/TS) || Energy: ~9.72e-23 (-48.61dB)
[@     1m32s] Timestep:         5705 || Speed:  243.3 MC/s (1.536e-02 s/TS) || Energy: ~5.13e-23 (-51.39dB)
Time for 5705 iterations with 3735430.00 cells : 92.85 sec
Speed: 229.52 MCells/s 
    [excite port 14/16]
 ---------------------------------------------------------------------- 
 | openEMS 64bit -- version v0.37.0-rc1-2-g7b051bb
 | (C) 2010-2026 Thorsten Liebig <thorsten.liebig@gmx.de>  GPL license
 ---------------------------------------------------------------------- 
	Used external libraries:
		CSXCAD -- Version: v0.7.0-rc1-1-g5115701
		hdf5   -- Version: 1.10.10
		          compiled against: HDF5 library version: 1.10.10
		tinyxml -- compiled against: 2.6.2
		fparser
		boost  -- compiled against: 1_83
		vtk -- Version: 9.1.0
		       compiled against: 9.1.0

Create FDTD operator (compressed SSE + multi-threading)
FDTD simulation size: 109x149x230 --> 3735430.00 FDTD cells 
FDTD timestep is: 0.00 s; Nyquist rate: 23 timesteps @103053766650.00 Hz
Excitation signal length is: 273 timesteps (0.00s)
Max. number of timesteps: 60000 ( --> 219.78 * Excitation signal length)
Create FDTD engine (compressed SSE + multi-threading)
Running FDTD engine... this may take a while... grab a cup of coffee?!?
[@        4s] Timestep:          125 || Speed:  115.1 MC/s (3.245e-02 s/TS) || Energy: ~2.39e-18 (- 0.00dB)
[@        8s] Timestep:          330 || Speed:  189.8 MC/s (1.969e-02 s/TS) || Energy: ~6.96e-18 (- 0.04dB)
[@       12s] Timestep:          565 || Speed:  219.4 MC/s (1.703e-02 s/TS) || Energy: ~2.14e-18 (- 5.17dB)
[@       16s] Timestep:          820 || Speed:  236.7 MC/s (1.578e-02 s/TS) || Energy: ~4.14e-19 (-12.30dB)
[@       20s] Timestep:         1085 || Speed:  243.9 MC/s (1.532e-02 s/TS) || Energy: ~1.13e-19 (-17.92dB)
[@       24s] Timestep:         1350 || Speed:  247.0 MC/s (1.512e-02 s/TS) || Energy: ~3.70e-20 (-22.78dB)
[@       28s] Timestep:         1615 || Speed:  247.4 MC/s (1.510e-02 s/TS) || Energy: ~1.88e-20 (-25.73dB)
[@       32s] Timestep:         1865 || Speed:  229.9 MC/s (1.625e-02 s/TS) || Energy: ~1.36e-20 (-27.12dB)
Multithreaded Engine: Best performance found using 7 threads.
[@       36s] Timestep:         2130 || Speed:  245.3 MC/s (1.523e-02 s/TS) || Energy: ~9.26e-21 (-28.80dB)
[@       40s] Timestep:         2390 || Speed:  241.8 MC/s (1.545e-02 s/TS) || Energy: ~6.61e-21 (-30.27dB)
[@       44s] Timestep:         2650 || Speed:  239.6 MC/s (1.559e-02 s/TS) || Energy: ~3.60e-21 (-32.90dB)
[@       48s] Timestep:         2910 || Speed:  242.7 MC/s (1.539e-02 s/TS) || Energy: ~2.57e-21 (-34.38dB)
[@       52s] Timestep:         3165 || Speed:  235.8 MC/s (1.584e-02 s/TS) || Energy: ~1.85e-21 (-35.80dB)
[@       56s] Timestep:         3430 || Speed:  246.1 MC/s (1.518e-02 s/TS) || Energy: ~1.43e-21 (-36.91dB)
[@     1m00s] Timestep:         3695 || Speed:  245.8 MC/s (1.520e-02 s/TS) || Energy: ~9.32e-22 (-38.78dB)
[@     1m04s] Timestep:         3960 || Speed:  244.1 MC/s (1.530e-02 s/TS) || Energy: ~6.20e-22 (-40.55dB)
[@     1m08s] Timestep:         4225 || Speed:  246.1 MC/s (1.518e-02 s/TS) || Energy: ~4.14e-22 (-42.30dB)
[@     1m12s] Timestep:         4490 || Speed:  243.7 MC/s (1.533e-02 s/TS) || Energy: ~3.10e-22 (-43.55dB)
[@     1m16s] Timestep:         4755 || Speed:  245.0 MC/s (1.525e-02 s/TS) || Energy: ~1.77e-22 (-45.98dB)
[@     1m20s] Timestep:         5020 || Speed:  244.5 MC/s (1.528e-02 s/TS) || Energy: ~1.34e-22 (-47.18dB)
[@     1m24s] Timestep:         5285 || Speed:  247.2 MC/s (1.511e-02 s/TS) || Energy: ~9.12e-23 (-48.87dB)
[@     1m28s] Timestep:         5550 || Speed:  245.9 MC/s (1.519e-02 s/TS) || Energy: ~6.73e-23 (-50.19dB)
Time for 5550 iterations with 3735430.00 cells : 88.71 sec
Speed: 233.70 MCells/s 
    [excite port 15/16]
 ---------------------------------------------------------------------- 
 | openEMS 64bit -- version v0.37.0-rc1-2-g7b051bb
 | (C) 2010-2026 Thorsten Liebig <thorsten.liebig@gmx.de>  GPL license
 ---------------------------------------------------------------------- 
	Used external libraries:
		CSXCAD -- Version: v0.7.0-rc1-1-g5115701
		hdf5   -- Version: 1.10.10
		          compiled against: HDF5 library version: 1.10.10
		tinyxml -- compiled against: 2.6.2
		fparser
		boost  -- compiled against: 1_83
		vtk -- Version: 9.1.0
		       compiled against: 9.1.0

Create FDTD operator (compressed SSE + multi-threading)
FDTD simulation size: 109x149x230 --> 3735430.00 FDTD cells 
FDTD timestep is: 0.00 s; Nyquist rate: 23 timesteps @103053766650.00 Hz
Excitation signal length is: 273 timesteps (0.00s)
Max. number of timesteps: 60000 ( --> 219.78 * Excitation signal length)
Create FDTD engine (compressed SSE + multi-threading)
Running FDTD engine... this may take a while... grab a cup of coffee?!?
[@        4s] Timestep:          125 || Speed:  114.1 MC/s (3.274e-02 s/TS) || Energy: ~2.39e-18 (- 0.00dB)
[@        8s] Timestep:          330 || Speed:  189.7 MC/s (1.969e-02 s/TS) || Energy: ~9.13e-18 (- 0.00dB)
[@       12s] Timestep:          560 || Speed:  214.7 MC/s (1.740e-02 s/TS) || Energy: ~3.56e-18 (- 4.09dB)
[@       16s] Timestep:          810 || Speed:  230.5 MC/s (1.621e-02 s/TS) || Energy: ~8.03e-19 (-10.56dB)
[@       20s] Timestep:         1075 || Speed:  243.2 MC/s (1.536e-02 s/TS) || Energy: ~1.68e-19 (-17.35dB)
[@       24s] Timestep:         1340 || Speed:  245.4 MC/s (1.522e-02 s/TS) || Energy: ~5.59e-20 (-22.13dB)
[@       28s] Timestep:         1600 || Speed:  240.7 MC/s (1.552e-02 s/TS) || Energy: ~2.32e-20 (-25.95dB)
Multithreaded Engine: Best performance found using 6 threads.
[@       32s] Timestep:         1865 || Speed:  245.8 MC/s (1.520e-02 s/TS) || Energy: ~1.21e-20 (-28.76dB)
[@       36s] Timestep:         2135 || Speed:  249.4 MC/s (1.498e-02 s/TS) || Energy: ~6.72e-21 (-31.33dB)
[@       40s] Timestep:         2400 || Speed:  246.0 MC/s (1.519e-02 s/TS) || Energy: ~4.13e-21 (-33.44dB)
[@       44s] Timestep:         2665 || Speed:  245.5 MC/s (1.521e-02 s/TS) || Energy: ~2.36e-21 (-35.88dB)
[@       48s] Timestep:         2930 || Speed:  245.3 MC/s (1.523e-02 s/TS) || Energy: ~1.99e-21 (-36.62dB)
[@       52s] Timestep:         3195 || Speed:  245.3 MC/s (1.523e-02 s/TS) || Energy: ~1.11e-21 (-39.17dB)
[@       56s] Timestep:         3455 || Speed:  241.3 MC/s (1.548e-02 s/TS) || Energy: ~8.89e-22 (-40.12dB)
[@     1m00s] Timestep:         3715 || Speed:  240.4 MC/s (1.554e-02 s/TS) || Energy: ~5.73e-22 (-42.03dB)
[@     1m04s] Timestep:         3980 || Speed:  247.1 MC/s (1.512e-02 s/TS) || Energy: ~3.95e-22 (-43.64dB)
[@     1m08s] Timestep:         4245 || Speed:  246.3 MC/s (1.516e-02 s/TS) || Energy: ~2.45e-22 (-45.71dB)
[@     1m12s] Timestep:         4515 || Speed:  248.0 MC/s (1.506e-02 s/TS) || Energy: ~1.90e-22 (-46.81dB)
[@     1m16s] Timestep:         4780 || Speed:  246.9 MC/s (1.513e-02 s/TS) || Energy: ~1.33e-22 (-48.35dB)
[@     1m20s] Timestep:         5050 || Speed:  247.6 MC/s (1.509e-02 s/TS) || Energy: ~8.81e-23 (-50.15dB)
Time for 5050 iterations with 3735430.00 cells : 80.76 sec
Speed: 233.57 MCells/s 
    [excite port 16/16]
 ---------------------------------------------------------------------- 
 | openEMS 64bit -- version v0.37.0-rc1-2-g7b051bb
 | (C) 2010-2026 Thorsten Liebig <thorsten.liebig@gmx.de>  GPL license
 ---------------------------------------------------------------------- 
	Used external libraries:
		CSXCAD -- Version: v0.7.0-rc1-1-g5115701
		hdf5   -- Version: 1.10.10
		          compiled against: HDF5 library version: 1.10.10
		tinyxml -- compiled against: 2.6.2
		fparser
		boost  -- compiled against: 1_83
		vtk -- Version: 9.1.0
		       compiled against: 9.1.0

Create FDTD operator (compressed SSE + multi-threading)
FDTD simulation size: 109x149x230 --> 3735430.00 FDTD cells 
FDTD timestep is: 0.00 s; Nyquist rate: 23 timesteps @103053766650.00 Hz
Excitation signal length is: 273 timesteps (0.00s)
Max. number of timesteps: 60000 ( --> 219.78 * Excitation signal length)
Create FDTD engine (compressed SSE + multi-threading)
Running FDTD engine... this may take a while... grab a cup of coffee?!?
[@        4s] Timestep:          120 || Speed:  110.9 MC/s (3.368e-02 s/TS) || Energy: ~1.66e-18 (- 0.00dB)
[@        8s] Timestep:          320 || Speed:  182.3 MC/s (2.049e-02 s/TS) || Energy: ~9.79e-18 (- 0.00dB)
[@       12s] Timestep:          550 || Speed:  210.3 MC/s (1.776e-02 s/TS) || Energy: ~3.73e-18 (- 4.19dB)
[@       16s] Timestep:          790 || Speed:  220.6 MC/s (1.693e-02 s/TS) || Energy: ~8.66e-19 (-10.53dB)
[@       20s] Timestep:         1045 || Speed:  233.9 MC/s (1.597e-02 s/TS) || Energy: ~2.02e-19 (-16.85dB)
[@       24s] Timestep:         1300 || Speed:  234.3 MC/s (1.594e-02 s/TS) || Energy: ~7.79e-20 (-20.99dB)
[@       28s] Timestep:         1550 || Speed:  230.0 MC/s (1.624e-02 s/TS) || Energy: ~3.62e-20 (-24.32dB)
Multithreaded Engine: Best performance found using 6 threads.
[@       32s] Timestep:         1810 || Speed:  242.1 MC/s (1.543e-02 s/TS) || Energy: ~2.13e-20 (-26.62dB)
[@       36s] Timestep:         2065 || Speed:  238.1 MC/s (1.569e-02 s/TS) || Energy: ~1.48e-20 (-28.20dB)
[@       40s] Timestep:         2315 || Speed:  231.0 MC/s (1.617e-02 s/TS) || Energy: ~7.35e-21 (-31.25dB)
[@       44s] Timestep:         2570 || Speed:  235.3 MC/s (1.588e-02 s/TS) || Energy: ~5.07e-21 (-32.86dB)
[@       48s] Timestep:         2820 || Speed:  232.7 MC/s (1.605e-02 s/TS) || Energy: ~3.10e-21 (-34.99dB)
[@       52s] Timestep:         3070 || Speed:  232.5 MC/s (1.607e-02 s/TS) || Energy: ~2.25e-21 (-36.39dB)
[@       56s] Timestep:         3320 || Speed:  230.2 MC/s (1.623e-02 s/TS) || Energy: ~1.40e-21 (-38.44dB)
[@     1m00s] Timestep:         3580 || Speed:  238.9 MC/s (1.564e-02 s/TS) || Energy: ~1.06e-21 (-39.65dB)
[@     1m04s] Timestep:         3840 || Speed:  240.0 MC/s (1.557e-02 s/TS) || Energy: ~6.78e-22 (-41.59dB)
[@     1m08s] Timestep:         4095 || Speed:  235.0 MC/s (1.590e-02 s/TS) || Energy: ~4.90e-22 (-43.01dB)
[@     1m12s] Timestep:         4340 || Speed:  228.1 MC/s (1.637e-02 s/TS) || Energy: ~3.91e-22 (-43.99dB)
[@     1m16s] Timestep:         4595 || Speed:  234.6 MC/s (1.592e-02 s/TS) || Energy: ~2.26e-22 (-46.36dB)
[@     1m20s] Timestep:         4850 || Speed:  236.1 MC/s (1.582e-02 s/TS) || Energy: ~2.12e-22 (-46.66dB)
[@     1m24s] Timestep:         5105 || Speed:  236.6 MC/s (1.579e-02 s/TS) || Energy: ~1.28e-22 (-48.83dB)
[@     1m28s] Timestep:         5360 || Speed:  237.4 MC/s (1.574e-02 s/TS) || Energy: ~9.63e-23 (-50.07dB)
Time for 5360 iterations with 3735430.00 cells : 88.99 sec
Speed: 224.98 MCells/s 
    [renorm] analytic coax Z = 63.4 ohm -> 50 ohm
  saved design_sample_0_latent_openems_se.npz

==============================================================================
STAGE 07 RESULT  (mean floored dB, eye band)
==============================================================================
  [openems_vs_target]
    Sdd11  0-14    floored=  2.20 dB  lin=0.0486
    Sdd11  14-28   floored=  3.35 dB  lin=0.0787
    Sdd21  0-14    floored=  1.25 dB  lin=0.1203
    Sdd21  14-28   floored=  0.95 dB  lin=0.0698
  [openems_vs_pred]
    Sdd11  0-14    floored=  2.27 dB  lin=0.0437
    Sdd11  14-28   floored=  2.81 dB  lin=0.0612
    Sdd21  0-14    floored=  1.48 dB  lin=0.1445
    Sdd21  14-28   floored=  1.26 dB  lin=0.0964

  figure: design_sample_0_latent_overlay_20260714_023138.png
  table : design_sample_0_latent_validation_20260714_023138.csv

INTERPRETATION:
  openems_vs_target small  -> the design achieves its goal in real
     physics: the inverse model works. THE thesis result.
  openems_vs_pred within the stage-06 solver floor -> the forward
     surrogate was honest about this design.
  openems_vs_pred >> floor (esp. where TTO optimised) -> surrogate
     exploitation, caught in independent physics. Motivates latent TTO.
