==============================================================================
Stage 05: baseline comparison (sim_pkg_5844, pair 1)
==============================================================================

--- PANEL A: pipeline audit (extracted-from-raw vs processed) ---
  max |diff| = 3.305e-08  MATCH (pipeline verified)

--- PANEL B: purest solver delta (OpenEMS 16-port vs raw) ---
    SE_S11  0-14    mean=  8.48 max= 36.73 dB
    SE_S11  14-28   mean=  8.55 max= 16.47 dB
    SE_S11  28-56   mean=  4.78 max= 17.10 dB
    SE_S11  56-100  mean=  5.44 max= 15.56 dB
    SE_S21  0-14    mean=  1.37 max=  1.54 dB
    SE_S21  14-28   mean=  1.81 max=  4.47 dB
    SE_S21  28-56   mean=  2.95 max=  5.92 dB
    SE_S21  56-100  mean=  8.66 max= 20.83 dB

--- PANEL C: delta_solver (OpenEMS mixed-mode pair vs processed) ---
  [EYE-CRITICAL view: raw dB | floored dB (-30 clip) | linear |dS|]
    Sdd11   0-14    raw=  9.06 floored=  8.67 dB  lin= 0.1219 <- eye
    Sdd11   14-28   raw= 11.57 floored= 11.53 dB  lin= 0.2157 <- eye
    Sdd11   28-56   raw=  6.06 floored=  6.06 dB  lin= 0.2172
    Sdd11   56-100  raw=  5.66 floored=  5.66 dB  lin= 0.2071
    Sdd21   0-14    raw=  1.27 floored=  1.27 dB  lin= 0.1280 <- eye
    Sdd21   14-28   raw=  2.10 floored=  2.10 dB  lin= 0.1483 <- eye
    Sdd21   28-56   raw=  2.87 floored=  2.87 dB  lin= 0.0787
    Sdd21   56-100  raw= 11.73 floored= 11.51 dB  lin= 0.3345
    Scc11   0-14    raw=  9.37 floored=  7.91 dB  lin= 0.0969
    Scc11   14-28   raw=  5.01 floored=  5.01 dB  lin= 0.2182
    Scc11   28-56   raw=  5.22 floored=  5.17 dB  lin= 0.1787
    Scc11   56-100  raw=  5.53 floored=  5.53 dB  lin= 0.2111
    Scd21   0-14    raw=  1.59 floored=  0.71 dB  lin= 0.0057
    Scd21   14-28   raw=  4.04 floored=  1.50 dB  lin= 0.0152
    Scd21   28-56   raw=  4.45 floored=  2.39 dB  lin= 0.0199
    Scd21   56-100  raw=  8.81 floored=  6.44 dB  lin= 0.0499

  [MODEL-WEIGHTED view: delta_solver weighted by the element-
   aware frequency-importance tensor -- agreement WHERE THE
   MODEL IS SENSITIVE (Sdd11 low-f, Sdd21 high-f)]
    Sdd11   weighted mean |dB| =   9.04
    Sdd21   weighted mean |dB| =   6.44
    Scc11   weighted mean |dB| =   6.06
    Scd21   weighted mean |dB| =   5.18

  saved sim_pkg_5844_pair1_panelC.csv
  overlay: /home/dhanushkramesh/mece_project_inverse_model/Generative_Inverse_Design_of_High-Speed_Interconnects/openEMS_sim/results/05_baseline/sim_pkg_5844_mur_lateral_pair1_overlay.png

==============================================================================
STAGE 05 GATE
==============================================================================
  Panel A pipeline audit: pass
  EYE-CRITICAL delta_solver (0-28 GHz, floored at -30 dB): worst mean = 11.53 dB (Sdd11 14-28) [target <= ~3 dB]
  (raw-dB worst for reference: 11.57 dB -- difference vs floored = aligned-null depth mismatch, negligible energy)
  [FAIL] eye-critical band exceeds 3 dB -- the eye would be affected. Fix ports/mesh/floor before trusting the eye.

  GATE NOT PASSED -- debug before scaling.
  (High-frequency stopband disagreement is expected and does not
   fail the gate; it barely affects the eye. The model-weighted
   view above shows agreement where the model is sensitive.)
==============================================================================
