
====================================================================
  SAMPLE 25   mode=latent  curriculum=False
====================================================================
Loading data from diff_pair_dataset.pt ...
Loading element-aware weight tensor ...
Loading frozen forward surrogate + cVAE ...

=== TTO [latent] sample 25: 150 steps, lr=0.05, restarts=8 ===
  restart 00 | final full-band loss 0.00828 | max|x_norm| 0.53
  restart 01 | final full-band loss 0.00828 | max|x_norm| 0.53
  restart 02 | final full-band loss 0.00828 | max|x_norm| 0.53
  restart 03 | final full-band loss 0.00828 | max|x_norm| 0.53
  restart 04 | final full-band loss 0.00830 | max|x_norm| 0.52
  restart 05 | final full-band loss 0.00828 | max|x_norm| 0.53
  restart 06 | final full-band loss 0.00835 | max|x_norm| 0.50
  restart 07 | final full-band loss 0.00828 | max|x_norm| 0.53
  -> best restart 0 (loss 0.00828)
  decoded max |x_norm| = 0.53 (training data is z-scored: >3 means out-of-distribution)
[stage-07 export] /home/dhanushkramesh/mece_project_inverse_model/Generative_Inverse_Design_of_High-Speed_Interconnects/sandbox_v1/models/evaluation_results/generated_designs/design_sample_25_latent.npz
    template sim_pkg_0027  pair 1
plot: tto_latent_sample_25.png
