
====================================================================
  SAMPLE 9557  lambda_j=0.1  curriculum=False
====================================================================

  TOLERANCE MODEL [ipc] x scale 1 (1-sigma perturbations; limit=3*sigma Cpk=1 convention for 'ipc'):
          VIA_RADIUS : abs 0.5 mil (limit/3)      sigma_phys=0.5 mil        sigma_norm=0.1073
      ANTIPAD_RADIUS : abs 0.67 mil (limit/3)     sigma_phys=0.67 mil        sigma_norm=0.1207
               PITCH : abs 0.33 mil (limit/3)     sigma_phys=0.33 mil        sigma_norm=0.0386
               TDIEL : rel +/-3.3% (limit/3)      sigma_phys=1.033 feat-units sigma_norm=0.0470
                TMET : rel +/-3.3% (limit/3)      sigma_phys=0.06441 feat-units sigma_norm=0.0658
        PERMITTIVITY : rel +/-0.67% (limit/3)     sigma_phys=0.02184 feat-units sigma_norm=0.0340
        CONDUCTIVITY : rel +/-2% (limit/3)        sigma_phys=0.0086 decades    sigma_norm=0.1835
         LOSSTANGENT : rel +/-10% (limit/3)       sigma_phys=0.04139 decades    sigma_norm=0.1021
  (IPC gives ACCEPTANCE LIMITS, not process sigmas; limit/3 is a stated Cpk=1 assumption. CONDUCTIVITY: +/-2% (copper is well-controlled; plating variation captured by TMET). LOSSTANGENT: +/-10% applied directly (Df process-variation range, resin-content driven, not an acceptance limit). See tolerance model docs.)

=== YIELD TTO [cc_e0.3_L0.1_ipc] sample 9557: 12 restarts x 150 steps
    eps=0.3 -> kappa=1.53  lambda_cc=0.1  [Cantelli chance constraint]
    spec: eye-band IL >= target-1.0 dB, RL <= -8.0 dB | tol_frac=0.1
  restart 00 | eye-fit  1.53 dB | sens  0.00378 | yield  80.5% [78.8,82.2] | max|x| 2.56
  restart 01 | eye-fit  1.46 dB | sens  0.00378 | yield  77.0% [75.2,78.8] | max|x| 2.57
  restart 02 | eye-fit  1.59 dB | sens  0.00368 | yield  76.4% [74.5,78.3] | max|x| 2.45
  restart 03 | eye-fit  1.46 dB | sens  0.00384 | yield  77.6% [75.7,79.4] | max|x| 2.57
  restart 04 | eye-fit  1.48 dB | sens  0.00374 | yield  75.6% [73.7,77.4] | max|x| 2.54
  restart 05 | eye-fit  1.48 dB | sens  0.00383 | yield  76.8% [74.9,78.6] | max|x| 2.56
  restart 06 | eye-fit  1.49 dB | sens  0.00371 | yield  74.9% [72.9,76.7] | max|x| 2.55
  restart 07 | eye-fit  1.48 dB | sens  0.00380 | yield  76.3% [74.4,78.1] | max|x| 2.55
  restart 08 | eye-fit  1.69 dB | sens  0.00414 | yield  75.2% [73.3,77.1] | max|x| 2.59
  restart 09 | eye-fit  1.49 dB | sens  0.00384 | yield  78.9% [77.1,80.6] | max|x| 2.56
  restart 10 | eye-fit  1.48 dB | sens  0.00388 | yield  77.6% [75.8,79.4] | max|x| 2.58
  restart 11 | eye-fit  1.47 dB | sens  0.00381 | yield  76.6% [74.7,78.4] | max|x| 2.55

  fit gate (1.0 dB eye-band): 0/12 candidates pass
  [warn] nothing passed the gate -- ranking ALL candidates by yield anyway; consider raising --fit-gate or lowering lambda_j
  portfolio diversity: pairwise |dx| mean 0.732, max 1.768 (normalized units; ~0 would mean all restarts found the same design)

======================================================================
  RANKED PORTFOLIO (top 5)  sample 9557  [cc_e0.3_L0.1_ipc]
======================================================================
  rank eye-fit dB  yield %       sens file
     1       1.53     80.5    0.00378 design_sample_9557_cc_e0.3_L0.1_ipc_r00.npz
     2       1.49     78.9    0.00384 design_sample_9557_cc_e0.3_L0.1_ipc_r09.npz
     3       1.48     77.7    0.00388 design_sample_9557_cc_e0.3_L0.1_ipc_r10.npz
     4       1.46     77.6    0.00384 design_sample_9557_cc_e0.3_L0.1_ipc_r03.npz
     5       1.46     77.0    0.00378 design_sample_9557_cc_e0.3_L0.1_ipc_r01.npz

  csv    : portfolio_sample_9557_cc_e0.3_L0.1_ipc_20260806_000752.csv
  pareto : pareto_sample_9557_cc_e0.3_L0.1_ipc_20260806_000752.png
  top design (for stage 07): design_sample_9557_cc_e0.3_L0.1_ipc_top.npz
