
====================================================================
  SAMPLE 7063  lambda_j=0.1  curriculum=False
====================================================================

  TOLERANCE MODEL [ipc] x scale 1 (1-sigma perturbations; limit=3*sigma Cpk=1 convention for 'ipc'):
          VIA_RADIUS : abs 0.5 mil (limit/3)      sigma_phys=0.5 mil        sigma_norm=0.1073
      ANTIPAD_RADIUS : abs 0.67 mil (limit/3)     sigma_phys=0.67 mil        sigma_norm=0.1207
               PITCH : abs 0.33 mil (limit/3)     sigma_phys=0.33 mil        sigma_norm=0.0386
               TDIEL : rel +/-3.3% (limit/3)      sigma_phys=1.053 feat-units sigma_norm=0.0480
                TMET : rel +/-3.3% (limit/3)      sigma_phys=0.09013 feat-units sigma_norm=0.0920
        PERMITTIVITY : rel +/-0.67% (limit/3)     sigma_phys=0.03092 feat-units sigma_norm=0.0482
        CONDUCTIVITY : rel +/-2% (limit/3)        sigma_phys=0.0086 decades    sigma_norm=0.1835
         LOSSTANGENT : rel +/-10% (limit/3)       sigma_phys=0.04139 decades    sigma_norm=0.1021
  (IPC gives ACCEPTANCE LIMITS, not process sigmas; limit/3 is a stated Cpk=1 assumption. CONDUCTIVITY: +/-2% (copper is well-controlled; plating variation captured by TMET). LOSSTANGENT: +/-10% applied directly (Df process-variation range, resin-content driven, not an acceptance limit). See tolerance model docs.)

=== YIELD TTO [wc_L1_ipc] sample 7063: 12 restarts x 150 steps
    lambda_cc=1.0  [Wang/Sigmund worst-case corners]
    spec: eye-band IL >= target-1.0 dB, RL <= -8.0 dB | tol_frac=0.1
  restart 00 | eye-fit  0.90 dB | sens  0.00291 | yield  99.8% [99.4,99.9] | max|x| 1.51
  restart 01 | eye-fit  0.90 dB | sens  0.00292 | yield  99.4% [99.0,99.7] | max|x| 1.51
  restart 02 | eye-fit  0.90 dB | sens  0.00291 | yield  99.6% [99.1,99.8] | max|x| 1.51
  restart 03 | eye-fit  0.90 dB | sens  0.00290 | yield  99.4% [98.9,99.6] | max|x| 1.51
  restart 04 | eye-fit  0.90 dB | sens  0.00292 | yield  99.5% [99.1,99.7] | max|x| 1.51
  restart 05 | eye-fit  0.76 dB | sens  0.00233 | yield 100.0% [99.8,100.0] | max|x| 1.74
  restart 06 | eye-fit  0.90 dB | sens  0.00291 | yield  99.8% [99.4,99.9] | max|x| 1.51
  restart 07 | eye-fit  0.90 dB | sens  0.00291 | yield  99.6% [99.1,99.8] | max|x| 1.51
  restart 08 | eye-fit  0.91 dB | sens  0.00292 | yield  99.8% [99.5,99.9] | max|x| 1.50
  restart 09 | eye-fit  0.91 dB | sens  0.00312 | yield  99.9% [99.6,99.9] | max|x| 1.41
  restart 10 | eye-fit  0.90 dB | sens  0.00291 | yield  99.6% [99.1,99.8] | max|x| 1.51
  restart 11 | eye-fit  0.97 dB | sens  0.00325 | yield  99.9% [99.6,99.9] | max|x| 1.72

  fit gate (1.0 dB eye-band): 12/12 candidates pass
  portfolio diversity: pairwise |dx| mean 0.571, max 2.337 (normalized units; ~0 would mean all restarts found the same design)

======================================================================
  RANKED PORTFOLIO (top 5)  sample 7063  [wc_L1_ipc]
======================================================================
  rank eye-fit dB  yield %       sens file
     1       0.76    100.0    0.00233 design_sample_7063_wc_L1_ipc_r05.npz
     2       0.91     99.8    0.00312 design_sample_7063_wc_L1_ipc_r09.npz
     3       0.97     99.8    0.00325 design_sample_7063_wc_L1_ipc_r11.npz
     4       0.91     99.8    0.00292 design_sample_7063_wc_L1_ipc_r08.npz
     5       0.90     99.8    0.00291 design_sample_7063_wc_L1_ipc_r00.npz

  csv    : portfolio_sample_7063_wc_L1_ipc_20260809_030003.csv
  pareto : pareto_sample_7063_wc_L1_ipc_20260809_030003.png
  top design (for stage 07): design_sample_7063_wc_L1_ipc_top.npz

====================================================================
  SAMPLE 11742  lambda_j=0.1  curriculum=False
====================================================================

  TOLERANCE MODEL [ipc] x scale 1 (1-sigma perturbations; limit=3*sigma Cpk=1 convention for 'ipc'):
          VIA_RADIUS : abs 0.5 mil (limit/3)      sigma_phys=0.5 mil        sigma_norm=0.1073
      ANTIPAD_RADIUS : abs 0.67 mil (limit/3)     sigma_phys=0.67 mil        sigma_norm=0.1207
               PITCH : abs 0.33 mil (limit/3)     sigma_phys=0.33 mil        sigma_norm=0.0386
               TDIEL : rel +/-3.3% (limit/3)      sigma_phys=2.276 feat-units sigma_norm=0.1037
                TMET : rel +/-3.3% (limit/3)      sigma_phys=0.04391 feat-units sigma_norm=0.0448
        PERMITTIVITY : rel +/-0.67% (limit/3)     sigma_phys=0.02648 feat-units sigma_norm=0.0413
        CONDUCTIVITY : rel +/-2% (limit/3)        sigma_phys=0.0086 decades    sigma_norm=0.1835
         LOSSTANGENT : rel +/-10% (limit/3)       sigma_phys=0.04139 decades    sigma_norm=0.1021
  (IPC gives ACCEPTANCE LIMITS, not process sigmas; limit/3 is a stated Cpk=1 assumption. CONDUCTIVITY: +/-2% (copper is well-controlled; plating variation captured by TMET). LOSSTANGENT: +/-10% applied directly (Df process-variation range, resin-content driven, not an acceptance limit). See tolerance model docs.)

=== YIELD TTO [wc_L1_ipc] sample 11742: 12 restarts x 150 steps
    lambda_cc=1.0  [Wang/Sigmund worst-case corners]
    spec: eye-band IL >= target-1.0 dB, RL <= -8.0 dB | tol_frac=0.1
  restart 00 | eye-fit  1.41 dB | sens  0.02918 | yield  74.3% [72.3,76.2] | max|x| 1.09
  restart 01 | eye-fit  1.49 dB | sens  0.02648 | yield  74.0% [72.0,75.9] | max|x| 1.16
  restart 02 | eye-fit  1.30 dB | sens  0.03149 | yield  92.4% [91.2,93.5] | max|x| 1.10
  restart 03 | eye-fit  1.27 dB | sens  0.02626 | yield  78.2% [76.4,80.0] | max|x| 1.11
  restart 04 | eye-fit  1.38 dB | sens  0.02886 | yield  75.3% [73.4,77.1] | max|x| 1.08
  restart 05 | eye-fit  1.22 dB | sens  0.02624 | yield  81.0% [79.2,82.7] | max|x| 1.29
  restart 06 | eye-fit  1.41 dB | sens  0.03554 | yield  88.1% [86.7,89.5] | max|x| 1.48
  restart 07 | eye-fit  1.72 dB | sens  0.02332 | yield  62.5% [60.4,64.6] | max|x| 1.36
  restart 08 | eye-fit  1.42 dB | sens  0.03129 | yield  87.7% [86.2,89.1] | max|x| 1.37
  restart 09 | eye-fit  1.33 dB | sens  0.02999 | yield  86.9% [85.3,88.3] | max|x| 2.20
  restart 10 | eye-fit  1.47 dB | sens  0.03425 | yield  77.6% [75.8,79.4] | max|x| 1.20
  restart 11 | eye-fit  1.41 dB | sens  0.03188 | yield  87.2% [85.6,88.5] | max|x| 1.34

  fit gate (1.0 dB eye-band): 0/12 candidates pass
  [warn] nothing passed the gate -- ranking ALL candidates by yield anyway; consider raising --fit-gate or lowering lambda_j
  portfolio diversity: pairwise |dx| mean 1.476, max 3.071 (normalized units; ~0 would mean all restarts found the same design)

======================================================================
  RANKED PORTFOLIO (top 5)  sample 11742  [wc_L1_ipc]
======================================================================
  rank eye-fit dB  yield %       sens file
     1       1.30     92.4    0.03149 design_sample_11742_wc_L1_ipc_r02.npz
     2       1.41     88.2    0.03554 design_sample_11742_wc_L1_ipc_r06.npz
     3       1.42     87.7    0.03129 design_sample_11742_wc_L1_ipc_r08.npz
     4       1.42     87.2    0.03188 design_sample_11742_wc_L1_ipc_r11.npz
     5       1.33     86.8    0.02999 design_sample_11742_wc_L1_ipc_r09.npz

  csv    : portfolio_sample_11742_wc_L1_ipc_20260809_030157.csv
  pareto : pareto_sample_11742_wc_L1_ipc_20260809_030157.png
  top design (for stage 07): design_sample_11742_wc_L1_ipc_top.npz

====================================================================
  SAMPLE 9557  lambda_j=0.1  curriculum=False
====================================================================

  TOLERANCE MODEL [ipc] x scale 1 (1-sigma perturbations; limit=3*sigma Cpk=1 convention for 'ipc'):
          VIA_RADIUS : abs 0.5 mil (limit/3)      sigma_phys=0.5 mil        sigma_norm=0.1073
      ANTIPAD_RADIUS : abs 0.67 mil (limit/3)     sigma_phys=0.67 mil        sigma_norm=0.1207
               PITCH : abs 0.33 mil (limit/3)     sigma_phys=0.33 mil        sigma_norm=0.0386
               TDIEL : rel +/-3.3% (limit/3)      sigma_phys=1.033 feat-units sigma_norm=0.0470
                TMET : rel +/-3.3% (limit/3)      sigma_phys=0.06441 feat-units sigma_norm=0.0658
        PERMITTIVITY : rel +/-0.67% (limit/3)     sigma_phys=0.02184 feat-units sigma_norm=0.0340
        CONDUCTIVITY : rel +/-2% (limit/3)        sigma_phys=0.0086 decades    sigma_norm=0.1835
         LOSSTANGENT : rel +/-10% (limit/3)       sigma_phys=0.04139 decades    sigma_norm=0.1021
  (IPC gives ACCEPTANCE LIMITS, not process sigmas; limit/3 is a stated Cpk=1 assumption. CONDUCTIVITY: +/-2% (copper is well-controlled; plating variation captured by TMET). LOSSTANGENT: +/-10% applied directly (Df process-variation range, resin-content driven, not an acceptance limit). See tolerance model docs.)

=== YIELD TTO [wc_L1_ipc] sample 9557: 12 restarts x 150 steps
    lambda_cc=1.0  [Wang/Sigmund worst-case corners]
    spec: eye-band IL >= target-1.0 dB, RL <= -8.0 dB | tol_frac=0.1
  restart 00 | eye-fit  1.72 dB | sens  0.00394 | yield  68.3% [66.2,70.3] | max|x| 1.89
  restart 01 | eye-fit  3.64 dB | sens  0.00286 | yield  66.4% [64.3,68.4] | max|x| 1.99
  restart 02 | eye-fit  1.65 dB | sens  0.00404 | yield  72.5% [70.5,74.4] | max|x| 2.31
  restart 03 | eye-fit  2.31 dB | sens  0.00529 | yield  78.8% [76.9,80.5] | max|x| 3.11
  restart 04 | eye-fit  1.65 dB | sens  0.00373 | yield  73.4% [71.4,75.3] | max|x| 1.96
  restart 05 | eye-fit  1.41 dB | sens  0.00423 | yield  74.2% [72.3,76.1] | max|x| 3.40
  restart 06 | eye-fit  1.95 dB | sens  0.00401 | yield  72.9% [70.9,74.8] | max|x| 2.50
  restart 07 | eye-fit  3.62 dB | sens  0.00282 | yield  65.7% [63.6,67.7] | max|x| 2.03
  restart 08 | eye-fit  1.78 dB | sens  0.00404 | yield  70.0% [67.9,71.9] | max|x| 1.61
  restart 09 | eye-fit  1.89 dB | sens  0.00413 | yield  71.0% [69.0,72.9] | max|x| 3.75
  restart 10 | eye-fit  1.46 dB | sens  0.00405 | yield  76.8% [75.0,78.6] | max|x| 2.42
  restart 11 | eye-fit  2.06 dB | sens  0.00433 | yield  67.2% [65.2,69.3] | max|x| 0.81

  fit gate (1.0 dB eye-band): 0/12 candidates pass
  [warn] nothing passed the gate -- ranking ALL candidates by yield anyway; consider raising --fit-gate or lowering lambda_j
  portfolio diversity: pairwise |dx| mean 2.869, max 5.184 (normalized units; ~0 would mean all restarts found the same design)

======================================================================
  RANKED PORTFOLIO (top 5)  sample 9557  [wc_L1_ipc]
======================================================================
  rank eye-fit dB  yield %       sens file
     1       2.31     78.8    0.00529 design_sample_9557_wc_L1_ipc_r03.npz
     2       1.47     76.8    0.00405 design_sample_9557_wc_L1_ipc_r10.npz
     3       1.41     74.2    0.00424 design_sample_9557_wc_L1_ipc_r05.npz
     4       1.65     73.4    0.00373 design_sample_9557_wc_L1_ipc_r04.npz
     5       1.95     72.9    0.00401 design_sample_9557_wc_L1_ipc_r06.npz

  csv    : portfolio_sample_9557_wc_L1_ipc_20260809_030349.csv
  pareto : pareto_sample_9557_wc_L1_ipc_20260809_030349.png
  top design (for stage 07): design_sample_9557_wc_L1_ipc_top.npz
